Archive member included to satisfy reference by file (symbol)

/opt/st/stm32cubeide_1.3.0/plugins/com.st.stm32cube.ide.mcu.externaltools.gnu-tools-for-stm32.7-2018-q2-update.linux64_1.0.0.201904181610/tools/bin/../lib/gcc/arm-none-eabi/7.3.1/../../../../arm-none-eabi/lib/thumb/v7-m/libc_nano.a(lib_a-errno.o)
                              Core/Src/syscalls.o (__errno)
/opt/st/stm32cubeide_1.3.0/plugins/com.st.stm32cube.ide.mcu.externaltools.gnu-tools-for-stm32.7-2018-q2-update.linux64_1.0.0.201904181610/tools/bin/../lib/gcc/arm-none-eabi/7.3.1/../../../../arm-none-eabi/lib/thumb/v7-m/libc_nano.a(lib_a-exit.o)
                              /opt/st/stm32cubeide_1.3.0/plugins/com.st.stm32cube.ide.mcu.externaltools.gnu-tools-for-stm32.7-2018-q2-update.linux64_1.0.0.201904181610/tools/bin/../lib/gcc/arm-none-eabi/7.3.1/../../../../arm-none-eabi/lib/thumb/v7-m/crt0.o (exit)
/opt/st/stm32cubeide_1.3.0/plugins/com.st.stm32cube.ide.mcu.externaltools.gnu-tools-for-stm32.7-2018-q2-update.linux64_1.0.0.201904181610/tools/bin/../lib/gcc/arm-none-eabi/7.3.1/../../../../arm-none-eabi/lib/thumb/v7-m/libc_nano.a(lib_a-impure.o)
                              /opt/st/stm32cubeide_1.3.0/plugins/com.st.stm32cube.ide.mcu.externaltools.gnu-tools-for-stm32.7-2018-q2-update.linux64_1.0.0.201904181610/tools/bin/../lib/gcc/arm-none-eabi/7.3.1/../../../../arm-none-eabi/lib/thumb/v7-m/libc_nano.a(lib_a-exit.o) (_global_impure_ptr)
/opt/st/stm32cubeide_1.3.0/plugins/com.st.stm32cube.ide.mcu.externaltools.gnu-tools-for-stm32.7-2018-q2-update.linux64_1.0.0.201904181610/tools/bin/../lib/gcc/arm-none-eabi/7.3.1/../../../../arm-none-eabi/lib/thumb/v7-m/libc_nano.a(lib_a-init.o)
                              /opt/st/stm32cubeide_1.3.0/plugins/com.st.stm32cube.ide.mcu.externaltools.gnu-tools-for-stm32.7-2018-q2-update.linux64_1.0.0.201904181610/tools/bin/../lib/gcc/arm-none-eabi/7.3.1/../../../../arm-none-eabi/lib/thumb/v7-m/crt0.o (__libc_init_array)
/opt/st/stm32cubeide_1.3.0/plugins/com.st.stm32cube.ide.mcu.externaltools.gnu-tools-for-stm32.7-2018-q2-update.linux64_1.0.0.201904181610/tools/bin/../lib/gcc/arm-none-eabi/7.3.1/../../../../arm-none-eabi/lib/thumb/v7-m/libc_nano.a(lib_a-memset.o)
                              /opt/st/stm32cubeide_1.3.0/plugins/com.st.stm32cube.ide.mcu.externaltools.gnu-tools-for-stm32.7-2018-q2-update.linux64_1.0.0.201904181610/tools/bin/../lib/gcc/arm-none-eabi/7.3.1/../../../../arm-none-eabi/lib/thumb/v7-m/crt0.o (memset)
/opt/st/stm32cubeide_1.3.0/plugins/com.st.stm32cube.ide.mcu.externaltools.gnu-tools-for-stm32.7-2018-q2-update.linux64_1.0.0.201904181610/tools/bin/../lib/gcc/arm-none-eabi/7.3.1/../../../../arm-none-eabi/lib/thumb/v7-m/libc_nano.a(lib_a-strlen.o)
                              Core/Src/USB_tools.o (strlen)
/opt/st/stm32cubeide_1.3.0/plugins/com.st.stm32cube.ide.mcu.externaltools.gnu-tools-for-stm32.7-2018-q2-update.linux64_1.0.0.201904181610/tools/bin/../lib/gcc/arm-none-eabi/7.3.1/../../../../arm-none-eabi/lib/thumb/v7-m/libc_nano.a(lib_a-vsprintf.o)
                              Core/Src/USB_tools.o (vsprintf)
/opt/st/stm32cubeide_1.3.0/plugins/com.st.stm32cube.ide.mcu.externaltools.gnu-tools-for-stm32.7-2018-q2-update.linux64_1.0.0.201904181610/tools/bin/../lib/gcc/arm-none-eabi/7.3.1/../../../../arm-none-eabi/lib/thumb/v7-m/libc_nano.a(lib_a-nano-svfprintf.o)
                              /opt/st/stm32cubeide_1.3.0/plugins/com.st.stm32cube.ide.mcu.externaltools.gnu-tools-for-stm32.7-2018-q2-update.linux64_1.0.0.201904181610/tools/bin/../lib/gcc/arm-none-eabi/7.3.1/../../../../arm-none-eabi/lib/thumb/v7-m/libc_nano.a(lib_a-vsprintf.o) (_svfprintf_r)
/opt/st/stm32cubeide_1.3.0/plugins/com.st.stm32cube.ide.mcu.externaltools.gnu-tools-for-stm32.7-2018-q2-update.linux64_1.0.0.201904181610/tools/bin/../lib/gcc/arm-none-eabi/7.3.1/../../../../arm-none-eabi/lib/thumb/v7-m/libc_nano.a(lib_a-nano-vfprintf_i.o)
                              /opt/st/stm32cubeide_1.3.0/plugins/com.st.stm32cube.ide.mcu.externaltools.gnu-tools-for-stm32.7-2018-q2-update.linux64_1.0.0.201904181610/tools/bin/../lib/gcc/arm-none-eabi/7.3.1/../../../../arm-none-eabi/lib/thumb/v7-m/libc_nano.a(lib_a-nano-svfprintf.o) (_printf_i)
/opt/st/stm32cubeide_1.3.0/plugins/com.st.stm32cube.ide.mcu.externaltools.gnu-tools-for-stm32.7-2018-q2-update.linux64_1.0.0.201904181610/tools/bin/../lib/gcc/arm-none-eabi/7.3.1/../../../../arm-none-eabi/lib/thumb/v7-m/libc_nano.a(lib_a-memchr-stub.o)
                              /opt/st/stm32cubeide_1.3.0/plugins/com.st.stm32cube.ide.mcu.externaltools.gnu-tools-for-stm32.7-2018-q2-update.linux64_1.0.0.201904181610/tools/bin/../lib/gcc/arm-none-eabi/7.3.1/../../../../arm-none-eabi/lib/thumb/v7-m/libc_nano.a(lib_a-nano-svfprintf.o) (memchr)
/opt/st/stm32cubeide_1.3.0/plugins/com.st.stm32cube.ide.mcu.externaltools.gnu-tools-for-stm32.7-2018-q2-update.linux64_1.0.0.201904181610/tools/bin/../lib/gcc/arm-none-eabi/7.3.1/../../../../arm-none-eabi/lib/thumb/v7-m/libc_nano.a(lib_a-memcpy-stub.o)
[...]
Memory Configuration

Name             Origin             Length             Attributes
RAM              0x0000000020000000 0x0000000000005000 xrw
FLASH            0x0000000008000000 0x0000000000010000 xr
*default*        0x0000000000000000 0xffffffffffffffff

Linker script and memory map

LOAD /opt/st/stm32cubeide_1.3.0/plugins/com.st.stm32cube.ide.mcu.externaltools.gnu-tools-for-stm32.7-2018-q2-update.linux64_1.0.0.201904181610/tools/bin/../lib/gcc/arm-none-eabi/7.3.1/thumb/v7-m/crti.o
LOAD /opt/st/stm32cubeide_1.3.0/plugins/com.st.stm32cube.ide.mcu.externaltools.gnu-tools-for-stm32.7-2018-q2-update.linux64_1.0.0.201904181610/tools/bin/../lib/gcc/arm-none-eabi/7.3.1/thumb/v7-m/crtbegin.o
LOAD /opt/st/stm32cubeide_1.3.0/plugins/com.st.stm32cube.ide.mcu.externaltools.gnu-tools-for-stm32.7-2018-q2-update.linux64_1.0.0.201904181610/tools/bin/../lib/gcc/arm-none-eabi/7.3.1/../../../../arm-none-eabi/lib/thumb/v7-m/crt0.o
LOAD Core/Src/USB_tools.o
LOAD Core/Src/gestureRecognition.o
LOAD Core/Src/main.o
LOAD Core/Src/sd_hal_mpu6050.o
LOAD Core/Src/stm32f1xx_hal_msp.o
LOAD Core/Src/stm32f1xx_it.o
LOAD Core/Src/syscalls.o
LOAD Core/Src/sysmem.o
LOAD Core/Src/system_stm32f1xx.o
LOAD Core/Startup/startup_stm32f103c8tx.o
LOAD Drivers/STM32F1xx_HAL_Driver/Src/stm32f1xx_hal.o
LOAD Drivers/STM32F1xx_HAL_Driver/Src/stm32f1xx_hal_cortex.o
LOAD Drivers/STM32F1xx_HAL_Driver/Src/stm32f1xx_hal_dma.o
LOAD Drivers/STM32F1xx_HAL_Driver/Src/stm32f1xx_hal_exti.o
LOAD Drivers/STM32F1xx_HAL_Driver/Src/stm32f1xx_hal_flash.o
LOAD Drivers/STM32F1xx_HAL_Driver/Src/stm32f1xx_hal_flash_ex.o
LOAD Drivers/STM32F1xx_HAL_Driver/Src/stm32f1xx_hal_gpio.o
LOAD Drivers/STM32F1xx_HAL_Driver/Src/stm32f1xx_hal_gpio_ex.o
LOAD Drivers/STM32F1xx_HAL_Driver/Src/stm32f1xx_hal_i2c.o
LOAD Drivers/STM32F1xx_HAL_Driver/Src/stm32f1xx_hal_pcd.o
LOAD Drivers/STM32F1xx_HAL_Driver/Src/stm32f1xx_hal_pcd_ex.o
LOAD Drivers/STM32F1xx_HAL_Driver/Src/stm32f1xx_hal_pwr.o
LOAD Drivers/STM32F1xx_HAL_Driver/Src/stm32f1xx_hal_rcc.o
LOAD Drivers/STM32F1xx_HAL_Driver/Src/stm32f1xx_hal_rcc_ex.o
LOAD Drivers/STM32F1xx_HAL_Driver/Src/stm32f1xx_hal_tim.o
LOAD Drivers/STM32F1xx_HAL_Driver/Src/stm32f1xx_hal_tim_ex.o
LOAD Drivers/STM32F1xx_HAL_Driver/Src/stm32f1xx_ll_usb.o
LOAD Middlewares/ST/STM32_USB_Device_Library/Class/CDC/Src/usbd_cdc.o
LOAD Middlewares/ST/STM32_USB_Device_Library/Core/Src/usbd_core.o
LOAD Middlewares/ST/STM32_USB_Device_Library/Core/Src/usbd_ctlreq.o
LOAD Middlewares/ST/STM32_USB_Device_Library/Core/Src/usbd_ioreq.o
LOAD USB_DEVICE/App/usb_device.o
LOAD USB_DEVICE/App/usbd_cdc_if.o
LOAD USB_DEVICE/App/usbd_desc.o
LOAD USB_DEVICE/Target/usbd_conf.o
START GROUP
LOAD /opt/st/stm32cubeide_1.3.0/plugins/com.st.stm32cube.ide.mcu.externaltools.gnu-tools-for-stm32.7-2018-q2-update.linux64_1.0.0.201904181610/tools/bin/../lib/gcc/arm-none-eabi/7.3.1/../../../../arm-none-eabi/lib/thumb/v7-m/libc_nano.a
LOAD /opt/st/stm32cubeide_1.3.0/plugins/com.st.stm32cube.ide.mcu.externaltools.gnu-tools-for-stm32.7-2018-q2-update.linux64_1.0.0.201904181610/tools/bin/../lib/gcc/arm-none-eabi/7.3.1/../../../../arm-none-eabi/lib/thumb/v7-m/libm.a
END GROUP
START GROUP
LOAD /opt/st/stm32cubeide_1.3.0/plugins/com.st.stm32cube.ide.mcu.externaltools.gnu-tools-for-stm32.7-2018-q2-update.linux64_1.0.0.201904181610/tools/bin/../lib/gcc/arm-none-eabi/7.3.1/thumb/v7-m/libgcc.a
LOAD /opt/st/stm32cubeide_1.3.0/plugins/com.st.stm32cube.ide.mcu.externaltools.gnu-tools-for-stm32.7-2018-q2-update.linux64_1.0.0.201904181610/tools/bin/../lib/gcc/arm-none-eabi/7.3.1/../../../../arm-none-eabi/lib/thumb/v7-m/libc_nano.a
END GROUP
START GROUP
LOAD /opt/st/stm32cubeide_1.3.0/plugins/com.st.stm32cube.ide.mcu.externaltools.gnu-tools-for-stm32.7-2018-q2-update.linux64_1.0.0.201904181610/tools/bin/../lib/gcc/arm-none-eabi/7.3.1/thumb/v7-m/libgcc.a
LOAD /opt/st/stm32cubeide_1.3.0/plugins/com.st.stm32cube.ide.mcu.externaltools.gnu-tools-for-stm32.7-2018-q2-update.linux64_1.0.0.201904181610/tools/bin/../lib/gcc/arm-none-eabi/7.3.1/../../../../arm-none-eabi/lib/thumb/v7-m/libc_nano.a
LOAD /opt/st/stm32cubeide_1.3.0/plugins/com.st.stm32cube.ide.mcu.externaltools.gnu-tools-for-stm32.7-2018-q2-update.linux64_1.0.0.201904181610/tools/bin/../lib/gcc/arm-none-eabi/7.3.1/../../../../arm-none-eabi/lib/thumb/v7-m/libnosys.a
END GROUP
START GROUP
LOAD /opt/st/stm32cubeide_1.3.0/plugins/com.st.stm32cube.ide.mcu.externaltools.gnu-tools-for-stm32.7-2018-q2-update.linux64_1.0.0.201904181610/tools/bin/../lib/gcc/arm-none-eabi/7.3.1/thumb/v7-m/libgcc.a
LOAD /opt/st/stm32cubeide_1.3.0/plugins/com.st.stm32cube.ide.mcu.externaltools.gnu-tools-for-stm32.7-2018-q2-update.linux64_1.0.0.201904181610/tools/bin/../lib/gcc/arm-none-eabi/7.3.1/../../../../arm-none-eabi/lib/thumb/v7-m/libc_nano.a
LOAD /opt/st/stm32cubeide_1.3.0/plugins/com.st.stm32cube.ide.mcu.externaltools.gnu-tools-for-stm32.7-2018-q2-update.linux64_1.0.0.201904181610/tools/bin/../lib/gcc/arm-none-eabi/7.3.1/../../../../arm-none-eabi/lib/thumb/v7-m/libnosys.a
END GROUP
LOAD /opt/st/stm32cubeide_1.3.0/plugins/com.st.stm32cube.ide.mcu.externaltools.gnu-tools-for-stm32.7-2018-q2-update.linux64_1.0.0.201904181610/tools/bin/../lib/gcc/arm-none-eabi/7.3.1/thumb/v7-m/crtend.o
LOAD /opt/st/stm32cubeide_1.3.0/plugins/com.st.stm32cube.ide.mcu.externaltools.gnu-tools-for-stm32.7-2018-q2-update.linux64_1.0.0.201904181610/tools/bin/../lib/gcc/arm-none-eabi/7.3.1/thumb/v7-m/crtn.o
                0x0000000020005000                _estack = (ORIGIN (RAM) + LENGTH (RAM))
                0x0000000000000200                _Min_Heap_Size = 0x200
                0x0000000000000400                _Min_Stack_Size = 0x400

.isr_vector     0x0000000008000000      0x10c
                0x0000000008000000                . = ALIGN (0x4)
 *(.isr_vector)
 .isr_vector    0x0000000008000000      0x10c Core/Startup/startup_stm32f103c8tx.o
                0x0000000008000000                g_pfnVectors
                0x000000000800010c                . = ALIGN (0x4)

.text           0x000000000800010c     0x6ac4
                0x000000000800010c                . = ALIGN (0x4)
 *(.text)
 .text          0x000000000800010c       0x40 /opt/st/stm32cubeide_1.3.0/plugins/com.st.stm32cube.ide.mcu.externaltools.gnu-tools-for-stm32.7-2018-q2-update.linux64_1.0.0.201904181610/tools/bin/../lib/gcc/arm-none-eabi/7.3.1/thumb/v7-m/crtbegin.o
 .text          0x000000000800014c       0x10 /opt/st/stm32cubeide_1.3.0/plugins/com.st.stm32cube.ide.mcu.externaltools.gnu-tools-for-stm32.7-2018-q2-update.linux64_1.0.0.201904181610/tools/bin/../lib/gcc/arm-none-eabi/7.3.1/../../../../arm-none-eabi/lib/thumb/v7-m/libc_nano.a(lib_a-strlen.o)
                0x000000000800014c                strlen
 *(.text*)
 .text.USB_printStr
                0x000000000800015c       0x28 Core/Src/USB_tools.o
                0x000000000800015c                USB_printStr
 .text.USB_printlnStr
                0x0000000008000184       0x3c Core/Src/USB_tools.o
                0x0000000008000184                USB_printlnStr
 .text.USB_write
                0x00000000080001c0       0x88 Core/Src/USB_tools.o
                0x00000000080001c0                USB_write
 .text.setup    0x0000000008000248       0x54 Core/Src/gestureRecognition.o
                0x0000000008000248                setup
 .text.blinkLED
                0x000000000800029c       0x40 Core/Src/gestureRecognition.o
                0x000000000800029c                blinkLED
 .text.sosLed   0x00000000080002dc       0x26 Core/Src/gestureRecognition.o
                0x00000000080002dc                sosLed
 .text.loop     0x0000000008000302        0xe Core/Src/gestureRecognition.o
                0x0000000008000302                loop
 .text.main     0x0000000008000310       0x22 Core/Src/main.o
                0x0000000008000310                main
 .text.SystemClock_Config
                0x0000000008000332       0xb4 Core/Src/main.o
                0x0000000008000332                SystemClock_Config
 *fill*         0x00000000080003e6        0x2 
 .text.MX_I2C2_Init
                0x00000000080003e8       0x5c Core/Src/main.o
 .text.MX_GPIO_Init
                0x0000000008000444       0xb0 Core/Src/main.o
 .text.Error_Handler
                0x00000000080004f4        0xc Core/Src/main.o
                0x00000000080004f4                Error_Handler
 .text.SD_MPU6050_Init
                0x0000000008000500       0xea Core/Src/sd_hal_mpu6050.o
                0x0000000008000500                SD_MPU6050_Init
 .text.SD_MPU6050_SetDataRate
                0x00000000080005ea       0x48 Core/Src/sd_hal_mpu6050.o
                0x00000000080005ea                SD_MPU6050_SetDataRate
 *fill*         0x0000000008000632        0x2 
 .text.SD_MPU6050_SetAccelerometer
                0x0000000008000634       0xe0 Core/Src/sd_hal_mpu6050.o
                0x0000000008000634                SD_MPU6050_SetAccelerometer
 .text.SD_MPU6050_SetGyroscope
                0x0000000008000714       0xe8 Core/Src/sd_hal_mpu6050.o
                0x0000000008000714                SD_MPU6050_SetGyroscope
 .text.HAL_MspInit
                0x00000000080007fc       0x64 Core/Src/stm32f1xx_hal_msp.o
                0x00000000080007fc                HAL_MspInit
 .text.HAL_I2C_MspInit
                0x0000000008000860       0x80 Core/Src/stm32f1xx_hal_msp.o
                0x0000000008000860                HAL_I2C_MspInit
 .text.NMI_Handler
                0x00000000080008e0        0xc Core/Src/stm32f1xx_it.o
                0x00000000080008e0                NMI_Handler
 .text.HardFault_Handler
                0x00000000080008ec        0x6 Core/Src/stm32f1xx_it.o
                0x00000000080008ec                HardFault_Handler
 .text.MemManage_Handler
                0x00000000080008f2        0x6 Core/Src/stm32f1xx_it.o
                0x00000000080008f2                MemManage_Handler
 .text.BusFault_Handler
                0x00000000080008f8        0x6 Core/Src/stm32f1xx_it.o
                0x00000000080008f8                BusFault_Handler
 .text.UsageFault_Handler
                0x00000000080008fe        0x6 Core/Src/stm32f1xx_it.o
                0x00000000080008fe                UsageFault_Handler
 .text.SVC_Handler
                0x0000000008000904        0xc Core/Src/stm32f1xx_it.o
                0x0000000008000904                SVC_Handler
 .text.DebugMon_Handler
                0x0000000008000910        0xc Core/Src/stm32f1xx_it.o
                0x0000000008000910                DebugMon_Handler
 .text.PendSV_Handler
                0x000000000800091c        0xc Core/Src/stm32f1xx_it.o
                0x000000000800091c                PendSV_Handler
 .text.SysTick_Handler
                0x0000000008000928        0xc Core/Src/stm32f1xx_it.o
                0x0000000008000928                SysTick_Handler
 .text.USB_LP_CAN1_RX0_IRQHandler
                0x0000000008000934       0x14 Core/Src/stm32f1xx_it.o
                0x0000000008000934                USB_LP_CAN1_RX0_IRQHandler
 .text.SystemInit
                0x0000000008000948       0x68 Core/Src/system_stm32f1xx.o
                0x0000000008000948                SystemInit
 .text.Reset_Handler
                0x00000000080009b0       0x48 Core/Startup/startup_stm32f103c8tx.o
                0x00000000080009b0                Reset_Handler
 .text.Default_Handler
                0x00000000080009f8        0x2 Core/Startup/startup_stm32f103c8tx.o
                0x00000000080009f8                RTC_Alarm_IRQHandler
                0x00000000080009f8                EXTI2_IRQHandler
                0x00000000080009f8                TIM1_CC_IRQHandler
                0x00000000080009f8                PVD_IRQHandler
                0x00000000080009f8                EXTI3_IRQHandler
                0x00000000080009f8                EXTI0_IRQHandler
                0x00000000080009f8                I2C2_EV_IRQHandler
                0x00000000080009f8                ADC1_2_IRQHandler
                0x00000000080009f8                SPI1_IRQHandler
                0x00000000080009f8                TAMPER_IRQHandler
                0x00000000080009f8                DMA1_Channel4_IRQHandler
                0x00000000080009f8                USART3_IRQHandler
                0x00000000080009f8                RTC_IRQHandler
                0x00000000080009f8                DMA1_Channel7_IRQHandler
                0x00000000080009f8                CAN1_RX1_IRQHandler
                0x00000000080009f8                TIM4_IRQHandler
                0x00000000080009f8                I2C1_EV_IRQHandler
                0x00000000080009f8                DMA1_Channel6_IRQHandler
                0x00000000080009f8                TIM3_IRQHandler
                0x00000000080009f8                RCC_IRQHandler
                0x00000000080009f8                TIM1_TRG_COM_IRQHandler
                0x00000000080009f8                DMA1_Channel1_IRQHandler
                0x00000000080009f8                Default_Handler
                0x00000000080009f8                EXTI15_10_IRQHandler
                0x00000000080009f8                EXTI9_5_IRQHandler
                0x00000000080009f8                SPI2_IRQHandler
                0x00000000080009f8                DMA1_Channel5_IRQHandler
                0x00000000080009f8                EXTI4_IRQHandler
                0x00000000080009f8                USB_HP_CAN1_TX_IRQHandler
                0x00000000080009f8                DMA1_Channel3_IRQHandler
                0x00000000080009f8                TIM1_UP_IRQHandler
                0x00000000080009f8                WWDG_IRQHandler
                0x00000000080009f8                TIM2_IRQHandler
                0x00000000080009f8                TIM1_BRK_IRQHandler
                0x00000000080009f8                EXTI1_IRQHandler
                0x00000000080009f8                USART2_IRQHandler
                0x00000000080009f8                I2C2_ER_IRQHandler
                0x00000000080009f8                DMA1_Channel2_IRQHandler
                0x00000000080009f8                CAN1_SCE_IRQHandler
                0x00000000080009f8                FLASH_IRQHandler
                0x00000000080009f8                USART1_IRQHandler
                0x00000000080009f8                I2C1_ER_IRQHandler
                0x00000000080009f8                USBWakeUp_IRQHandler
 *fill*         0x00000000080009fa        0x2 
 .text.HAL_Init
                0x00000000080009fc       0x2c Drivers/STM32F1xx_HAL_Driver/Src/stm32f1xx_hal.o
                0x00000000080009fc                HAL_Init
 .text.HAL_InitTick
                0x0000000008000a28       0x60 Drivers/STM32F1xx_HAL_Driver/Src/stm32f1xx_hal.o
                0x0000000008000a28                HAL_InitTick
 .text.HAL_IncTick
                0x0000000008000a88       0x24 Drivers/STM32F1xx_HAL_Driver/Src/stm32f1xx_hal.o
                0x0000000008000a88                HAL_IncTick
 .text.HAL_GetTick
                0x0000000008000aac       0x14 Drivers/STM32F1xx_HAL_Driver/Src/stm32f1xx_hal.o
                0x0000000008000aac                HAL_GetTick
 .text.HAL_Delay
                0x0000000008000ac0       0x44 Drivers/STM32F1xx_HAL_Driver/Src/stm32f1xx_hal.o
                0x0000000008000ac0                HAL_Delay
 .text.__NVIC_SetPriorityGrouping
                0x0000000008000b04       0x48 Drivers/STM32F1xx_HAL_Driver/Src/stm32f1xx_hal_cortex.o
 .text.__NVIC_GetPriorityGrouping
                0x0000000008000b4c       0x1c Drivers/STM32F1xx_HAL_Driver/Src/stm32f1xx_hal_cortex.o
 .text.__NVIC_EnableIRQ
                0x0000000008000b68       0x38 Drivers/STM32F1xx_HAL_Driver/Src/stm32f1xx_hal_cortex.o
 .text.__NVIC_SetPriority
                0x0000000008000ba0       0x54 Drivers/STM32F1xx_HAL_Driver/Src/stm32f1xx_hal_cortex.o
 .text.NVIC_EncodePriority
                0x0000000008000bf4       0x64 Drivers/STM32F1xx_HAL_Driver/Src/stm32f1xx_hal_cortex.o
 .text.SysTick_Config
                0x0000000008000c58       0x44 Drivers/STM32F1xx_HAL_Driver/Src/stm32f1xx_hal_cortex.o
 .text.HAL_NVIC_SetPriorityGrouping
                0x0000000008000c9c       0x16 Drivers/STM32F1xx_HAL_Driver/Src/stm32f1xx_hal_cortex.o
                0x0000000008000c9c                HAL_NVIC_SetPriorityGrouping
 .text.HAL_NVIC_SetPriority
                0x0000000008000cb2       0x38 Drivers/STM32F1xx_HAL_Driver/Src/stm32f1xx_hal_cortex.o
                0x0000000008000cb2                HAL_NVIC_SetPriority
 .text.HAL_NVIC_EnableIRQ
                0x0000000008000cea       0x1c Drivers/STM32F1xx_HAL_Driver/Src/stm32f1xx_hal_cortex.o
                0x0000000008000cea                HAL_NVIC_EnableIRQ
 .text.HAL_SYSTICK_Config
                0x0000000008000d06       0x18 Drivers/STM32F1xx_HAL_Driver/Src/stm32f1xx_hal_cortex.o
                0x0000000008000d06                HAL_SYSTICK_Config
 *fill*         0x0000000008000d1e        0x2 
 .text.HAL_GPIO_Init
                0x0000000008000d20      0x2b4 Drivers/STM32F1xx_HAL_Driver/Src/stm32f1xx_hal_gpio.o
                0x0000000008000d20                HAL_GPIO_Init
 .text.HAL_GPIO_WritePin
                0x0000000008000fd4       0x30 Drivers/STM32F1xx_HAL_Driver/Src/stm32f1xx_hal_gpio.o
                0x0000000008000fd4                HAL_GPIO_WritePin
 .text.HAL_I2C_Init
                0x0000000008001004      0x250 Drivers/STM32F1xx_HAL_Driver/Src/stm32f1xx_hal_i2c.o
                0x0000000008001004                HAL_I2C_Init
 .text.HAL_I2C_Master_Transmit
                0x0000000008001254      0x1fc Drivers/STM32F1xx_HAL_Driver/Src/stm32f1xx_hal_i2c.o
                0x0000000008001254                HAL_I2C_Master_Transmit
 .text.HAL_I2C_Master_Receive
                0x0000000008001450      0x45c Drivers/STM32F1xx_HAL_Driver/Src/stm32f1xx_hal_i2c.o
                0x0000000008001450                HAL_I2C_Master_Receive
 .text.HAL_I2C_IsDeviceReady
                0x00000000080018ac      0x244 Drivers/STM32F1xx_HAL_Driver/Src/stm32f1xx_hal_i2c.o
                0x00000000080018ac                HAL_I2C_IsDeviceReady
 .text.I2C_MasterRequestWrite
                0x0000000008001af0       0xec Drivers/STM32F1xx_HAL_Driver/Src/stm32f1xx_hal_i2c.o
 .text.I2C_MasterRequestRead
                0x0000000008001bdc      0x16c Drivers/STM32F1xx_HAL_Driver/Src/stm32f1xx_hal_i2c.o
 .text.I2C_WaitOnFlagUntilTimeout
                0x0000000008001d48       0xae Drivers/STM32F1xx_HAL_Driver/Src/stm32f1xx_hal_i2c.o
 .text.I2C_WaitOnMasterAddressFlagUntilTimeout
                0x0000000008001df6       0xfe Drivers/STM32F1xx_HAL_Driver/Src/stm32f1xx_hal_i2c.o
 .text.I2C_WaitOnTXEFlagUntilTimeout
                0x0000000008001ef4       0x82 Drivers/STM32F1xx_HAL_Driver/Src/stm32f1xx_hal_i2c.o
 .text.I2C_WaitOnBTFFlagUntilTimeout
                0x0000000008001f76       0x82 Drivers/STM32F1xx_HAL_Driver/Src/stm32f1xx_hal_i2c.o
 .text.I2C_WaitOnRXNEFlagUntilTimeout
                0x0000000008001ff8       0xac Drivers/STM32F1xx_HAL_Driver/Src/stm32f1xx_hal_i2c.o
 .text.I2C_IsAcknowledgeFailed
                0x00000000080020a4       0x5c Drivers/STM32F1xx_HAL_Driver/Src/stm32f1xx_hal_i2c.o
 .text.HAL_PCD_Init
                0x0000000008002100      0x1c2 Drivers/STM32F1xx_HAL_Driver/Src/stm32f1xx_hal_pcd.o
                0x0000000008002100                HAL_PCD_Init
 .text.HAL_PCD_Start
                0x00000000080022c2       0x4c Drivers/STM32F1xx_HAL_Driver/Src/stm32f1xx_hal_pcd.o
                0x00000000080022c2                HAL_PCD_Start
 .text.HAL_PCD_IRQHandler
                0x000000000800230e      0x21c Drivers/STM32F1xx_HAL_Driver/Src/stm32f1xx_hal_pcd.o
                0x000000000800230e                HAL_PCD_IRQHandler
 .text.HAL_PCD_SetAddress
                0x000000000800252a       0x4a Drivers/STM32F1xx_HAL_Driver/Src/stm32f1xx_hal_pcd.o
                0x000000000800252a                HAL_PCD_SetAddress
 .text.HAL_PCD_EP_Open
                0x0000000008002574       0xc0 Drivers/STM32F1xx_HAL_Driver/Src/stm32f1xx_hal_pcd.o
                0x0000000008002574                HAL_PCD_EP_Open
 .text.HAL_PCD_EP_Close
                0x0000000008002634       0x84 Drivers/STM32F1xx_HAL_Driver/Src/stm32f1xx_hal_pcd.o
                0x0000000008002634                HAL_PCD_EP_Close
 .text.HAL_PCD_EP_Receive
                0x00000000080026b8       0x74 Drivers/STM32F1xx_HAL_Driver/Src/stm32f1xx_hal_pcd.o
                0x00000000080026b8                HAL_PCD_EP_Receive
 .text.HAL_PCD_EP_GetRxCount
                0x000000000800272c       0x28 Drivers/STM32F1xx_HAL_Driver/Src/stm32f1xx_hal_pcd.o
                0x000000000800272c                HAL_PCD_EP_GetRxCount
 .text.HAL_PCD_EP_Transmit
                0x0000000008002754       0x72 Drivers/STM32F1xx_HAL_Driver/Src/stm32f1xx_hal_pcd.o
                0x0000000008002754                HAL_PCD_EP_Transmit
 .text.HAL_PCD_EP_SetStall
                0x00000000080027c6       0xb4 Drivers/STM32F1xx_HAL_Driver/Src/stm32f1xx_hal_pcd.o
                0x00000000080027c6                HAL_PCD_EP_SetStall
 .text.HAL_PCD_EP_ClrStall
                0x000000000800287a       0x9c Drivers/STM32F1xx_HAL_Driver/Src/stm32f1xx_hal_pcd.o
                0x000000000800287a                HAL_PCD_EP_ClrStall
 *fill*         0x0000000008002916        0x2 
 .text.PCD_EP_ISR_Handler
                0x0000000008002918      0x534 Drivers/STM32F1xx_HAL_Driver/Src/stm32f1xx_hal_pcd.o
 .text.HAL_PCDEx_PMAConfig
                0x0000000008002e4c       0x78 Drivers/STM32F1xx_HAL_Driver/Src/stm32f1xx_hal_pcd_ex.o
                0x0000000008002e4c                HAL_PCDEx_PMAConfig
 .text.HAL_RCC_OscConfig
                0x0000000008002ec4      0x500 Drivers/STM32F1xx_HAL_Driver/Src/stm32f1xx_hal_rcc.o
                0x0000000008002ec4                HAL_RCC_OscConfig
 .text.HAL_RCC_ClockConfig
                0x00000000080033c4      0x1d4 Drivers/STM32F1xx_HAL_Driver/Src/stm32f1xx_hal_rcc.o
                0x00000000080033c4                HAL_RCC_ClockConfig
 .text.HAL_RCC_GetSysClockFreq
                0x0000000008003598       0xc4 Drivers/STM32F1xx_HAL_Driver/Src/stm32f1xx_hal_rcc.o
                0x0000000008003598                HAL_RCC_GetSysClockFreq
 .text.HAL_RCC_GetHCLKFreq
                0x000000000800365c       0x14 Drivers/STM32F1xx_HAL_Driver/Src/stm32f1xx_hal_rcc.o
                0x000000000800365c                HAL_RCC_GetHCLKFreq
 .text.HAL_RCC_GetPCLK1Freq
                0x0000000008003670       0x28 Drivers/STM32F1xx_HAL_Driver/Src/stm32f1xx_hal_rcc.o
                0x0000000008003670                HAL_RCC_GetPCLK1Freq
 .text.RCC_Delay
                0x0000000008003698       0x3c Drivers/STM32F1xx_HAL_Driver/Src/stm32f1xx_hal_rcc.o
 .text.HAL_RCCEx_PeriphCLKConfig
                0x00000000080036d4      0x16c Drivers/STM32F1xx_HAL_Driver/Src/stm32f1xx_hal_rcc_ex.o
                0x00000000080036d4                HAL_RCCEx_PeriphCLKConfig
 .text.USB_CoreInit
                0x0000000008003840       0x20 Drivers/STM32F1xx_HAL_Driver/Src/stm32f1xx_ll_usb.o
                0x0000000008003840                USB_CoreInit
 .text.USB_EnableGlobalInt
                0x0000000008003860       0x2e Drivers/STM32F1xx_HAL_Driver/Src/stm32f1xx_ll_usb.o
                0x0000000008003860                USB_EnableGlobalInt
 .text.USB_DisableGlobalInt
                0x000000000800388e       0x38 Drivers/STM32F1xx_HAL_Driver/Src/stm32f1xx_ll_usb.o
                0x000000000800388e                USB_DisableGlobalInt
 .text.USB_SetCurrentMode
                0x00000000080038c6       0x18 Drivers/STM32F1xx_HAL_Driver/Src/stm32f1xx_ll_usb.o
                0x00000000080038c6                USB_SetCurrentMode
 .text.USB_DevInit
                0x00000000080038de       0x48 Drivers/STM32F1xx_HAL_Driver/Src/stm32f1xx_ll_usb.o
                0x00000000080038de                USB_DevInit
 *fill*         0x0000000008003926        0x2 
 .text.USB_ActivateEndpoint
                0x0000000008003928      0x5dc Drivers/STM32F1xx_HAL_Driver/Src/stm32f1xx_ll_usb.o
                0x0000000008003928                USB_ActivateEndpoint
 .text.USB_DeactivateEndpoint
                0x0000000008003f04      0x32c Drivers/STM32F1xx_HAL_Driver/Src/stm32f1xx_ll_usb.o
                0x0000000008003f04                USB_DeactivateEndpoint
 .text.USB_EPStartXfer
                0x0000000008004230      0x570 Drivers/STM32F1xx_HAL_Driver/Src/stm32f1xx_ll_usb.o
                0x0000000008004230                USB_EPStartXfer
 .text.USB_EPSetStall
                0x00000000080047a0       0x84 Drivers/STM32F1xx_HAL_Driver/Src/stm32f1xx_ll_usb.o
                0x00000000080047a0                USB_EPSetStall
 .text.USB_EPClearStall
                0x0000000008004824      0x128 Drivers/STM32F1xx_HAL_Driver/Src/stm32f1xx_ll_usb.o
                0x0000000008004824                USB_EPClearStall
 .text.USB_SetDevAddress
                0x000000000800494c       0x26 Drivers/STM32F1xx_HAL_Driver/Src/stm32f1xx_ll_usb.o
                0x000000000800494c                USB_SetDevAddress
 .text.USB_DevConnect
                0x0000000008004972       0x14 Drivers/STM32F1xx_HAL_Driver/Src/stm32f1xx_ll_usb.o
                0x0000000008004972                USB_DevConnect
 .text.USB_DevDisconnect
                0x0000000008004986       0x14 Drivers/STM32F1xx_HAL_Driver/Src/stm32f1xx_ll_usb.o
                0x0000000008004986                USB_DevDisconnect
 .text.USB_ReadInterrupts
                0x000000000800499a       0x1e Drivers/STM32F1xx_HAL_Driver/Src/stm32f1xx_ll_usb.o
                0x000000000800499a                USB_ReadInterrupts
 .text.USB_EP0_OutStart
                0x00000000080049b8       0x16 Drivers/STM32F1xx_HAL_Driver/Src/stm32f1xx_ll_usb.o
                0x00000000080049b8                USB_EP0_OutStart
 .text.USB_WritePMA
                0x00000000080049ce       0x88 Drivers/STM32F1xx_HAL_Driver/Src/stm32f1xx_ll_usb.o
                0x00000000080049ce                USB_WritePMA
 .text.USB_ReadPMA
                0x0000000008004a56       0x9e Drivers/STM32F1xx_HAL_Driver/Src/stm32f1xx_ll_usb.o
                0x0000000008004a56                USB_ReadPMA
 .text.USBD_CDC_Init
                0x0000000008004af4       0xf4 Middlewares/ST/STM32_USB_Device_Library/Class/CDC/Src/usbd_cdc.o
 .text.USBD_CDC_DeInit
                0x0000000008004be8       0x6e Middlewares/ST/STM32_USB_Device_Library/Class/CDC/Src/usbd_cdc.o
 .text.USBD_CDC_Setup
                0x0000000008004c56      0x140 Middlewares/ST/STM32_USB_Device_Library/Class/CDC/Src/usbd_cdc.o
 .text.USBD_CDC_DataIn
                0x0000000008004d96       0xa0 Middlewares/ST/STM32_USB_Device_Library/Class/CDC/Src/usbd_cdc.o
 .text.USBD_CDC_DataOut
                0x0000000008004e36       0x56 Middlewares/ST/STM32_USB_Device_Library/Class/CDC/Src/usbd_cdc.o
 .text.USBD_CDC_EP0_RxReady
                0x0000000008004e8c       0x50 Middlewares/ST/STM32_USB_Device_Library/Class/CDC/Src/usbd_cdc.o
 .text.USBD_CDC_GetFSCfgDesc
                0x0000000008004edc       0x20 Middlewares/ST/STM32_USB_Device_Library/Class/CDC/Src/usbd_cdc.o
 .text.USBD_CDC_GetHSCfgDesc
                0x0000000008004efc       0x20 Middlewares/ST/STM32_USB_Device_Library/Class/CDC/Src/usbd_cdc.o
 .text.USBD_CDC_GetOtherSpeedCfgDesc
                0x0000000008004f1c       0x20 Middlewares/ST/STM32_USB_Device_Library/Class/CDC/Src/usbd_cdc.o
 .text.USBD_CDC_GetDeviceQualifierDescriptor
                0x0000000008004f3c       0x20 Middlewares/ST/STM32_USB_Device_Library/Class/CDC/Src/usbd_cdc.o
                0x0000000008004f3c                USBD_CDC_GetDeviceQualifierDescriptor
 .text.USBD_CDC_RegisterInterface
                0x0000000008004f5c       0x2c Middlewares/ST/STM32_USB_Device_Library/Class/CDC/Src/usbd_cdc.o
                0x0000000008004f5c                USBD_CDC_RegisterInterface
 .text.USBD_CDC_SetTxBuffer
                0x0000000008004f88       0x32 Middlewares/ST/STM32_USB_Device_Library/Class/CDC/Src/usbd_cdc.o
                0x0000000008004f88                USBD_CDC_SetTxBuffer
 .text.USBD_CDC_SetRxBuffer
                0x0000000008004fba       0x26 Middlewares/ST/STM32_USB_Device_Library/Class/CDC/Src/usbd_cdc.o
                0x0000000008004fba                USBD_CDC_SetRxBuffer
 .text.USBD_CDC_TransmitPacket
                0x0000000008004fe0       0x5e Middlewares/ST/STM32_USB_Device_Library/Class/CDC/Src/usbd_cdc.o
                0x0000000008004fe0                USBD_CDC_TransmitPacket
 .text.USBD_CDC_ReceivePacket
                0x000000000800503e       0x54 Middlewares/ST/STM32_USB_Device_Library/Class/CDC/Src/usbd_cdc.o
                0x000000000800503e                USBD_CDC_ReceivePacket
 .text.USBD_Init
                0x0000000008005092       0x56 Middlewares/ST/STM32_USB_Device_Library/Core/Src/usbd_core.o
                0x0000000008005092                USBD_Init
 .text.USBD_RegisterClass
                0x00000000080050e8       0x32 Middlewares/ST/STM32_USB_Device_Library/Core/Src/usbd_core.o
                0x00000000080050e8                USBD_RegisterClass
 .text.USBD_Start
                0x000000000800511a       0x18 Middlewares/ST/STM32_USB_Device_Library/Core/Src/usbd_core.o
                0x000000000800511a                USBD_Start
 .text.USBD_RunTestMode
                0x0000000008005132       0x14 Middlewares/ST/STM32_USB_Device_Library/Core/Src/usbd_core.o
                0x0000000008005132                USBD_RunTestMode
 .text.USBD_SetClassConfig
                0x0000000008005146       0x3e Middlewares/ST/STM32_USB_Device_Library/Core/Src/usbd_core.o
                0x0000000008005146                USBD_SetClassConfig
 .text.USBD_ClrClassConfig
                0x0000000008005184       0x26 Middlewares/ST/STM32_USB_Device_Library/Core/Src/usbd_core.o
                0x0000000008005184                USBD_ClrClassConfig
 .text.USBD_LL_SetupStage
                0x00000000080051aa       0x96 Middlewares/ST/STM32_USB_Device_Library/Core/Src/usbd_core.o
                0x00000000080051aa                USBD_LL_SetupStage
 .text.USBD_LL_DataOutStage
                0x0000000008005240       0xe2 Middlewares/ST/STM32_USB_Device_Library/Core/Src/usbd_core.o
                0x0000000008005240                USBD_LL_DataOutStage
 .text.USBD_LL_DataInStage
                0x0000000008005322      0x14a Middlewares/ST/STM32_USB_Device_Library/Core/Src/usbd_core.o
                0x0000000008005322                USBD_LL_DataInStage
 .text.USBD_LL_Reset
                0x000000000800546c       0x82 Middlewares/ST/STM32_USB_Device_Library/Core/Src/usbd_core.o
                0x000000000800546c                USBD_LL_Reset
 .text.USBD_LL_SetSpeed
                0x00000000080054ee       0x1e Middlewares/ST/STM32_USB_Device_Library/Core/Src/usbd_core.o
                0x00000000080054ee                USBD_LL_SetSpeed
 .text.USBD_LL_Suspend
                0x000000000800550c       0x28 Middlewares/ST/STM32_USB_Device_Library/Core/Src/usbd_core.o
                0x000000000800550c                USBD_LL_Suspend
 .text.USBD_LL_Resume
                0x0000000008005534       0x2a Middlewares/ST/STM32_USB_Device_Library/Core/Src/usbd_core.o
                0x0000000008005534                USBD_LL_Resume
 .text.USBD_LL_SOF
                0x000000000800555e       0x34 Middlewares/ST/STM32_USB_Device_Library/Core/Src/usbd_core.o
                0x000000000800555e                USBD_LL_SOF
 *fill*         0x0000000008005592        0x2 
 .text.USBD_StdDevReq
                0x0000000008005594       0xd4 Middlewares/ST/STM32_USB_Device_Library/Core/Src/usbd_ctlreq.o
                0x0000000008005594                USBD_StdDevReq
 .text.USBD_StdItfReq
                0x0000000008005668       0x8c Middlewares/ST/STM32_USB_Device_Library/Core/Src/usbd_ctlreq.o
                0x0000000008005668                USBD_StdItfReq
 .text.USBD_StdEPReq
                0x00000000080056f4      0x2ba Middlewares/ST/STM32_USB_Device_Library/Core/Src/usbd_ctlreq.o
                0x00000000080056f4                USBD_StdEPReq
 *fill*         0x00000000080059ae        0x2 
 .text.USBD_GetDescriptor
                0x00000000080059b0      0x2d0 Middlewares/ST/STM32_USB_Device_Library/Core/Src/usbd_ctlreq.o
 .text.USBD_SetAddress
                0x0000000008005c80       0x84 Middlewares/ST/STM32_USB_Device_Library/Core/Src/usbd_ctlreq.o
 .text.USBD_SetConfig
                0x0000000008005d04      0x11c Middlewares/ST/STM32_USB_Device_Library/Core/Src/usbd_ctlreq.o
 .text.USBD_GetConfig
                0x0000000008005e20       0x68 Middlewares/ST/STM32_USB_Device_Library/Core/Src/usbd_ctlreq.o
 .text.USBD_GetStatus
                0x0000000008005e88       0x66 Middlewares/ST/STM32_USB_Device_Library/Core/Src/usbd_ctlreq.o
 .text.USBD_SetFeature
                0x0000000008005eee       0x28 Middlewares/ST/STM32_USB_Device_Library/Core/Src/usbd_ctlreq.o
 .text.USBD_ClrFeature
                0x0000000008005f16       0x42 Middlewares/ST/STM32_USB_Device_Library/Core/Src/usbd_ctlreq.o
 .text.USBD_ParseSetupRequest
                0x0000000008005f58       0x78 Middlewares/ST/STM32_USB_Device_Library/Core/Src/usbd_ctlreq.o
                0x0000000008005f58                USBD_ParseSetupRequest
 .text.USBD_CtlError
                0x0000000008005fd0       0x22 Middlewares/ST/STM32_USB_Device_Library/Core/Src/usbd_ctlreq.o
                0x0000000008005fd0                USBD_CtlError
 .text.USBD_GetString
                0x0000000008005ff2       0x84 Middlewares/ST/STM32_USB_Device_Library/Core/Src/usbd_ctlreq.o
                0x0000000008005ff2                USBD_GetString
 .text.USBD_GetLen
                0x0000000008006076       0x2e Middlewares/ST/STM32_USB_Device_Library/Core/Src/usbd_ctlreq.o
 .text.USBD_CtlSendData
                0x00000000080060a4       0x38 Middlewares/ST/STM32_USB_Device_Library/Core/Src/usbd_ioreq.o
                0x00000000080060a4                USBD_CtlSendData
 .text.USBD_CtlContinueSendData
                0x00000000080060dc       0x24 Middlewares/ST/STM32_USB_Device_Library/Core/Src/usbd_ioreq.o
                0x00000000080060dc                USBD_CtlContinueSendData
 .text.USBD_CtlPrepareRx
                0x0000000008006100       0x3c Middlewares/ST/STM32_USB_Device_Library/Core/Src/usbd_ioreq.o
                0x0000000008006100                USBD_CtlPrepareRx
 .text.USBD_CtlContinueRx
                0x000000000800613c       0x24 Middlewares/ST/STM32_USB_Device_Library/Core/Src/usbd_ioreq.o
                0x000000000800613c                USBD_CtlContinueRx
 .text.USBD_CtlSendStatus
                0x0000000008006160       0x26 Middlewares/ST/STM32_USB_Device_Library/Core/Src/usbd_ioreq.o
                0x0000000008006160                USBD_CtlSendStatus
 .text.USBD_CtlReceiveStatus
                0x0000000008006186       0x26 Middlewares/ST/STM32_USB_Device_Library/Core/Src/usbd_ioreq.o
                0x0000000008006186                USBD_CtlReceiveStatus
 .text.MX_USB_DEVICE_Init
                0x00000000080061ac       0x60 USB_DEVICE/App/usb_device.o
                0x00000000080061ac                MX_USB_DEVICE_Init
 .text.writeCharToBuffer
                0x000000000800620c       0x70 USB_DEVICE/App/usbd_cdc_if.o
                0x000000000800620c                writeCharToBuffer
 .text.CDC_Init_FS
                0x000000000800627c       0x28 USB_DEVICE/App/usbd_cdc_if.o
 .text.CDC_DeInit_FS
                0x00000000080062a4        0xe USB_DEVICE/App/usbd_cdc_if.o
 *fill*         0x00000000080062b2        0x2 
 .text.CDC_Control_FS
                0x00000000080062b4       0xbc USB_DEVICE/App/usbd_cdc_if.o
 .text.CDC_Receive_FS
                0x0000000008006370       0x4c USB_DEVICE/App/usbd_cdc_if.o
 .text.CDC_Transmit_FS
                0x00000000080063bc       0x4c USB_DEVICE/App/usbd_cdc_if.o
                0x00000000080063bc                CDC_Transmit_FS
 .text.USBD_FS_DeviceDescriptor
                0x0000000008006408       0x24 USB_DEVICE/App/usbd_desc.o
                0x0000000008006408                USBD_FS_DeviceDescriptor
 .text.USBD_FS_LangIDStrDescriptor
                0x000000000800642c       0x24 USB_DEVICE/App/usbd_desc.o
                0x000000000800642c                USBD_FS_LangIDStrDescriptor
 .text.USBD_FS_ProductStrDescriptor
                0x0000000008006450       0x3c USB_DEVICE/App/usbd_desc.o
                0x0000000008006450                USBD_FS_ProductStrDescriptor
 .text.USBD_FS_ManufacturerStrDescriptor
                0x000000000800648c       0x28 USB_DEVICE/App/usbd_desc.o
                0x000000000800648c                USBD_FS_ManufacturerStrDescriptor
 .text.USBD_FS_SerialStrDescriptor
                0x00000000080064b4       0x24 USB_DEVICE/App/usbd_desc.o
                0x00000000080064b4                USBD_FS_SerialStrDescriptor
 .text.USBD_FS_ConfigStrDescriptor
                0x00000000080064d8       0x3c USB_DEVICE/App/usbd_desc.o
                0x00000000080064d8                USBD_FS_ConfigStrDescriptor
 .text.USBD_FS_InterfaceStrDescriptor
                0x0000000008006514       0x3c USB_DEVICE/App/usbd_desc.o
                0x0000000008006514                USBD_FS_InterfaceStrDescriptor
 .text.Get_SerialNum
                0x0000000008006550       0x58 USB_DEVICE/App/usbd_desc.o
 .text.IntToUnicode
                0x00000000080065a8       0x7a USB_DEVICE/App/usbd_desc.o
 *fill*         0x0000000008006622        0x2 
 .text.HAL_PCD_MspInit
                0x0000000008006624       0x4c USB_DEVICE/Target/usbd_conf.o
                0x0000000008006624                HAL_PCD_MspInit
 .text.HAL_PCD_SetupStageCallback
                0x0000000008006670       0x24 USB_DEVICE/Target/usbd_conf.o
                0x0000000008006670                HAL_PCD_SetupStageCallback
 .text.HAL_PCD_DataOutStageCallback
                0x0000000008006694       0x30 USB_DEVICE/Target/usbd_conf.o
                0x0000000008006694                HAL_PCD_DataOutStageCallback
 .text.HAL_PCD_DataInStageCallback
                0x00000000080066c4       0x2e USB_DEVICE/Target/usbd_conf.o
                0x00000000080066c4                HAL_PCD_DataInStageCallback
 .text.HAL_PCD_SOFCallback
                0x00000000080066f2       0x1c USB_DEVICE/Target/usbd_conf.o
                0x00000000080066f2                HAL_PCD_SOFCallback
 .text.HAL_PCD_ResetCallback
                0x000000000800670e       0x3c USB_DEVICE/Target/usbd_conf.o
                0x000000000800670e                HAL_PCD_ResetCallback
 *fill*         0x000000000800674a        0x2 
 .text.HAL_PCD_SuspendCallback
                0x000000000800674c       0x34 USB_DEVICE/Target/usbd_conf.o
                0x000000000800674c                HAL_PCD_SuspendCallback
 .text.HAL_PCD_ResumeCallback
                0x0000000008006780       0x1c USB_DEVICE/Target/usbd_conf.o
                0x0000000008006780                HAL_PCD_ResumeCallback
 .text.USBD_LL_Init
                0x000000000800679c       0xb4 USB_DEVICE/Target/usbd_conf.o
                0x000000000800679c                USBD_LL_Init
 .text.USBD_LL_Start
                0x0000000008006850       0x36 USB_DEVICE/Target/usbd_conf.o
                0x0000000008006850                USBD_LL_Start
 .text.USBD_LL_OpenEP
                0x0000000008006886       0x4c USB_DEVICE/Target/usbd_conf.o
                0x0000000008006886                USBD_LL_OpenEP
 .text.USBD_LL_CloseEP
                0x00000000080068d2       0x3e USB_DEVICE/Target/usbd_conf.o
                0x00000000080068d2                USBD_LL_CloseEP
 .text.USBD_LL_StallEP
                0x0000000008006910       0x3e USB_DEVICE/Target/usbd_conf.o
                0x0000000008006910                USBD_LL_StallEP
 .text.USBD_LL_ClearStallEP
                0x000000000800694e       0x3e USB_DEVICE/Target/usbd_conf.o
                0x000000000800694e                USBD_LL_ClearStallEP
 .text.USBD_LL_IsStallEP
                0x000000000800698c       0x4a USB_DEVICE/Target/usbd_conf.o
                0x000000000800698c                USBD_LL_IsStallEP
 .text.USBD_LL_SetUSBAddress
                0x00000000080069d6       0x3e USB_DEVICE/Target/usbd_conf.o
                0x00000000080069d6                USBD_LL_SetUSBAddress
 .text.USBD_LL_Transmit
                0x0000000008006a14       0x46 USB_DEVICE/Target/usbd_conf.o
                0x0000000008006a14                USBD_LL_Transmit
 .text.USBD_LL_PrepareReceive
                0x0000000008006a5a       0x46 USB_DEVICE/Target/usbd_conf.o
                0x0000000008006a5a                USBD_LL_PrepareReceive
 .text.USBD_LL_GetRxDataSize
                0x0000000008006aa0       0x26 USB_DEVICE/Target/usbd_conf.o
                0x0000000008006aa0                USBD_LL_GetRxDataSize
 *fill*         0x0000000008006ac6        0x2 
 .text.USBD_static_malloc
                0x0000000008006ac8       0x18 USB_DEVICE/Target/usbd_conf.o
                0x0000000008006ac8                USBD_static_malloc
 .text.USBD_static_free
                0x0000000008006ae0       0x12 USB_DEVICE/Target/usbd_conf.o
                0x0000000008006ae0                USBD_static_free
 .text.HAL_PCDEx_SetConnectionState
                0x0000000008006af2       0x16 USB_DEVICE/Target/usbd_conf.o
                0x0000000008006af2                HAL_PCDEx_SetConnectionState
 .text.USBD_Get_USB_Status
                0x0000000008006b08       0x58 USB_DEVICE/Target/usbd_conf.o
 .text.__libc_init_array
                0x0000000008006b60       0x48 /opt/st/stm32cubeide_1.3.0/plugins/com.st.stm32cube.ide.mcu.externaltools.gnu-tools-for-stm32.7-2018-q2-update.linux64_1.0.0.201904181610/tools/bin/../lib/gcc/arm-none-eabi/7.3.1/../../../../arm-none-eabi/lib/thumb/v7-m/libc_nano.a(lib_a-init.o)
                0x0000000008006b60                __libc_init_array
 .text.memset   0x0000000008006ba8       0x10 /opt/st/stm32cubeide_1.3.0/plugins/com.st.stm32cube.ide.mcu.externaltools.gnu-tools-for-stm32.7-2018-q2-update.linux64_1.0.0.201904181610/tools/bin/../lib/gcc/arm-none-eabi/7.3.1/../../../../arm-none-eabi/lib/thumb/v7-m/libc_nano.a(lib_a-memset.o)
                0x0000000008006ba8                memset
 *(.glue_7)
 .glue_7        0x0000000008006bb8        0x0 linker stubs
 *(.glue_7t)
 .glue_7t       0x0000000008006bb8        0x0 linker stubs
 *(.eh_frame)
 .eh_frame      0x0000000008006bb8        0x0 /opt/st/stm32cubeide_1.3.0/plugins/com.st.stm32cube.ide.mcu.externaltools.gnu-tools-for-stm32.7-2018-q2-update.linux64_1.0.0.201904181610/tools/bin/../lib/gcc/arm-none-eabi/7.3.1/thumb/v7-m/crtbegin.o
 *(.init)
 .init          0x0000000008006bb8        0x4 /opt/st/stm32cubeide_1.3.0/plugins/com.st.stm32cube.ide.mcu.externaltools.gnu-tools-for-stm32.7-2018-q2-update.linux64_1.0.0.201904181610/tools/bin/../lib/gcc/arm-none-eabi/7.3.1/thumb/v7-m/crti.o
                0x0000000008006bb8                _init
 .init          0x0000000008006bbc        0x8 /opt/st/stm32cubeide_1.3.0/plugins/com.st.stm32cube.ide.mcu.externaltools.gnu-tools-for-stm32.7-2018-q2-update.linux64_1.0.0.201904181610/tools/bin/../lib/gcc/arm-none-eabi/7.3.1/thumb/v7-m/crtn.o
 *(.fini)
 .fini          0x0000000008006bc4        0x4 /opt/st/stm32cubeide_1.3.0/plugins/com.st.stm32cube.ide.mcu.externaltools.gnu-tools-for-stm32.7-2018-q2-update.linux64_1.0.0.201904181610/tools/bin/../lib/gcc/arm-none-eabi/7.3.1/thumb/v7-m/crti.o
                0x0000000008006bc4                _fini
 .fini          0x0000000008006bc8        0x8 /opt/st/stm32cubeide_1.3.0/plugins/com.st.stm32cube.ide.mcu.externaltools.gnu-tools-for-stm32.7-2018-q2-update.linux64_1.0.0.201904181610/tools/bin/../lib/gcc/arm-none-eabi/7.3.1/thumb/v7-m/crtn.o
                0x0000000008006bd0                . = ALIGN (0x4)
                0x0000000008006bd0                _etext = .

.vfp11_veneer   0x0000000008006bd0        0x0
 .vfp11_veneer  0x0000000008006bd0        0x0 linker stubs

.v4_bx          0x0000000008006bd0        0x0
 .v4_bx         0x0000000008006bd0        0x0 linker stubs

.iplt           0x0000000008006bd0        0x0
 .iplt          0x0000000008006bd0        0x0 /opt/st/stm32cubeide_1.3.0/plugins/com.st.stm32cube.ide.mcu.externaltools.gnu-tools-for-stm32.7-2018-q2-update.linux64_1.0.0.201904181610/tools/bin/../lib/gcc/arm-none-eabi/7.3.1/thumb/v7-m/crtbegin.o

.rodata         0x0000000008006bd0      0x154
                0x0000000008006bd0                . = ALIGN (0x4)
 *(.rodata)
 .rodata        0x0000000008006bd0        0x3 Core/Src/USB_tools.o
 *fill*         0x0000000008006bd3        0x1 
 .rodata        0x0000000008006bd4       0xdb Core/Src/gestureRecognition.o
 *fill*         0x0000000008006caf        0x1 
 .rodata        0x0000000008006cb0       0x12 Drivers/STM32F1xx_HAL_Driver/Src/stm32f1xx_hal_rcc.o
 *fill*         0x0000000008006cc2        0x2 
 .rodata        0x0000000008006cc4       0x46 USB_DEVICE/App/usbd_desc.o
 *(.rodata*)
 *fill*         0x0000000008006d0a        0x2 
 .rodata.AHBPrescTable
                0x0000000008006d0c       0x10 Core/Src/system_stm32f1xx.o
                0x0000000008006d0c                AHBPrescTable
 .rodata.APBPrescTable
                0x0000000008006d1c        0x8 Core/Src/system_stm32f1xx.o
                0x0000000008006d1c                APBPrescTable
                0x0000000008006d24                . = ALIGN (0x4)

.rel.dyn        0x0000000008006d24        0x0
 .rel.iplt      0x0000000008006d24        0x0 /opt/st/stm32cubeide_1.3.0/plugins/com.st.stm32cube.ide.mcu.externaltools.gnu-tools-for-stm32.7-2018-q2-update.linux64_1.0.0.201904181610/tools/bin/../lib/gcc/arm-none-eabi/7.3.1/thumb/v7-m/crtbegin.o

.ARM.extab      0x0000000008006d24        0x0
                0x0000000008006d24                . = ALIGN (0x4)
 *(.ARM.extab* .gnu.linkonce.armextab.*)
                0x0000000008006d24                . = ALIGN (0x4)

.ARM            0x0000000008006d24        0x0
                0x0000000008006d24                . = ALIGN (0x4)
                0x0000000008006d24                __exidx_start = .
 *(.ARM.exidx*)
                0x0000000008006d24                __exidx_end = .
                0x0000000008006d24                . = ALIGN (0x4)

.preinit_array  0x0000000008006d24        0x0
                0x0000000008006d24                . = ALIGN (0x4)
                0x0000000008006d24                PROVIDE (__preinit_array_start = .)
 *(.preinit_array*)
                0x0000000008006d24                PROVIDE (__preinit_array_end = .)
                0x0000000008006d24                . = ALIGN (0x4)

.init_array     0x0000000008006d24        0x4
                0x0000000008006d24                . = ALIGN (0x4)
                0x0000000008006d24                PROVIDE (__init_array_start = .)
 *(SORT_BY_NAME(.init_array.*))
 *(.init_array*)
 .init_array    0x0000000008006d24        0x4 /opt/st/stm32cubeide_1.3.0/plugins/com.st.stm32cube.ide.mcu.externaltools.gnu-tools-for-stm32.7-2018-q2-update.linux64_1.0.0.201904181610/tools/bin/../lib/gcc/arm-none-eabi/7.3.1/thumb/v7-m/crtbegin.o
                0x0000000008006d28                PROVIDE (__init_array_end = .)
                0x0000000008006d28                . = ALIGN (0x4)

.fini_array     0x0000000008006d28        0x4
                0x0000000008006d28                . = ALIGN (0x4)
                [!provide]                        PROVIDE (__fini_array_start = .)
 *(SORT_BY_NAME(.fini_array.*))
 *(.fini_array*)
 .fini_array    0x0000000008006d28        0x4 /opt/st/stm32cubeide_1.3.0/plugins/com.st.stm32cube.ide.mcu.externaltools.gnu-tools-for-stm32.7-2018-q2-update.linux64_1.0.0.201904181610/tools/bin/../lib/gcc/arm-none-eabi/7.3.1/thumb/v7-m/crtbegin.o
                [!provide]                        PROVIDE (__fini_array_end = .)
                0x0000000008006d2c                . = ALIGN (0x4)
                0x0000000008006d2c                _sidata = LOADADDR (.data)

.data           0x0000000020000000      0x180 load address 0x0000000008006d2c
                0x0000000020000000                . = ALIGN (0x4)
                0x0000000020000000                _sdata = .
 *(.data)
 *(.data*)
 .data.MaxBusyTime
                0x0000000020000000        0x4 Core/Src/USB_tools.o
                0x0000000020000000                MaxBusyTime
 .data.SystemCoreClock
                0x0000000020000004        0x4 Core/Src/system_stm32f1xx.o
                0x0000000020000004                SystemCoreClock
 .data.uwTickPrio
                0x0000000020000008        0x4 Drivers/STM32F1xx_HAL_Driver/Src/stm32f1xx_hal.o
                0x0000000020000008                uwTickPrio
 .data.uwTickFreq
                0x000000002000000c        0x1 Drivers/STM32F1xx_HAL_Driver/Src/stm32f1xx_hal.o
                0x000000002000000c                uwTickFreq
 *fill*         0x000000002000000d        0x3 
 .data.USBD_CDC_DeviceQualifierDesc
                0x0000000020000010        0xa Middlewares/ST/STM32_USB_Device_Library/Class/CDC/Src/usbd_cdc.o
 *fill*         0x000000002000001a        0x2 
 .data.USBD_CDC
                0x000000002000001c       0x38 Middlewares/ST/STM32_USB_Device_Library/Class/CDC/Src/usbd_cdc.o
                0x000000002000001c                USBD_CDC
 .data.USBD_CDC_CfgHSDesc
                0x0000000020000054       0x43 Middlewares/ST/STM32_USB_Device_Library/Class/CDC/Src/usbd_cdc.o
                0x0000000020000054                USBD_CDC_CfgHSDesc
 *fill*         0x0000000020000097        0x1 
 .data.USBD_CDC_CfgFSDesc
                0x0000000020000098       0x43 Middlewares/ST/STM32_USB_Device_Library/Class/CDC/Src/usbd_cdc.o
                0x0000000020000098                USBD_CDC_CfgFSDesc
 *fill*         0x00000000200000db        0x1 
 .data.USBD_CDC_OtherSpeedCfgDesc
                0x00000000200000dc       0x43 Middlewares/ST/STM32_USB_Device_Library/Class/CDC/Src/usbd_cdc.o
                0x00000000200000dc                USBD_CDC_OtherSpeedCfgDesc
 *fill*         0x000000002000011f        0x1 
 .data.USBD_Interface_fops_FS
                0x0000000020000120       0x10 USB_DEVICE/App/usbd_cdc_if.o
                0x0000000020000120                USBD_Interface_fops_FS
 .data.FS_Desc  0x0000000020000130       0x1c USB_DEVICE/App/usbd_desc.o
                0x0000000020000130                FS_Desc
 .data.USBD_FS_DeviceDesc
                0x000000002000014c       0x12 USB_DEVICE/App/usbd_desc.o
                0x000000002000014c                USBD_FS_DeviceDesc
 *fill*         0x000000002000015e        0x2 
 .data.USBD_LangIDDesc
                0x0000000020000160        0x4 USB_DEVICE/App/usbd_desc.o
                0x0000000020000160                USBD_LangIDDesc
 .data.USBD_StringSerial
                0x0000000020000164       0x1a USB_DEVICE/App/usbd_desc.o
                0x0000000020000164                USBD_StringSerial
                0x0000000020000180                . = ALIGN (0x4)
 *fill*         0x000000002000017e        0x2 
                0x0000000020000180                _edata = .

.igot.plt       0x0000000020000180        0x0 load address 0x0000000008006eac
 .igot.plt      0x0000000020000180        0x0 /opt/st/stm32cubeide_1.3.0/plugins/com.st.stm32cube.ide.mcu.externaltools.gnu-tools-for-stm32.7-2018-q2-update.linux64_1.0.0.201904181610/tools/bin/../lib/gcc/arm-none-eabi/7.3.1/thumb/v7-m/crtbegin.o
                0x0000000020000180                . = ALIGN (0x4)

.bss            0x0000000020000180     0x11e4 load address 0x0000000008006eac
                0x0000000020000180                _sbss = .
                0x0000000020000180                __bss_start__ = _sbss
 *(.bss)
 .bss           0x0000000020000180       0x1c /opt/st/stm32cubeide_1.3.0/plugins/com.st.stm32cube.ide.mcu.externaltools.gnu-tools-for-stm32.7-2018-q2-update.linux64_1.0.0.201904181610/tools/bin/../lib/gcc/arm-none-eabi/7.3.1/thumb/v7-m/crtbegin.o
 *(.bss*)
 .bss.cfgidx.7870
                0x000000002000019c        0x1 Middlewares/ST/STM32_USB_Device_Library/Core/Src/usbd_ctlreq.o
 *fill*         0x000000002000019d        0x3 
 .bss.begin     0x00000000200001a0        0x4 USB_DEVICE/App/usbd_cdc_if.o
                0x00000000200001a0                begin
 .bss.end       0x00000000200001a4        0x4 USB_DEVICE/App/usbd_cdc_if.o
                0x00000000200001a4                end
 .bss.bufferState
                0x00000000200001a8        0x1 USB_DEVICE/App/usbd_cdc_if.o
                0x00000000200001a8                bufferState
 *fill*         0x00000000200001a9        0x3 
 .bss.mem.7935  0x00000000200001ac      0x220 USB_DEVICE/Target/usbd_conf.o
 *(COMMON)
 COMMON         0x00000000200003cc       0x20 Core/Src/gestureRecognition.o
                0x00000000200003cc                result
                0x00000000200003d0                mpu1
 COMMON         0x00000000200003ec       0x54 Core/Src/main.o
                0x00000000200003ec                hi2c2
 COMMON         0x0000000020000440        0x4 Drivers/STM32F1xx_HAL_Driver/Src/stm32f1xx_hal.o
                0x0000000020000440                uwTick
 COMMON         0x0000000020000444      0x2c4 USB_DEVICE/App/usb_device.o
                0x0000000020000444                hUsbDeviceFS
 COMMON         0x0000000020000708      0x7f0 USB_DEVICE/App/usbd_cdc_if.o
                0x0000000020000708                UserRxBufferFS
                0x0000000020000af0                UserTxBufferFS
                0x0000000020000ed8                buffer
 COMMON         0x0000000020000ef8      0x200 USB_DEVICE/App/usbd_desc.o
                0x0000000020000ef8                USBD_StrDesc
 COMMON         0x00000000200010f8      0x26c USB_DEVICE/Target/usbd_conf.o
                0x00000000200010f8                hpcd_USB_FS
                0x0000000020001364                . = ALIGN (0x4)
                0x0000000020001364                _ebss = .
                0x0000000020001364                __bss_end__ = _ebss

._user_heap_stack
                0x0000000020001364      0x604 load address 0x0000000008006eac
                0x0000000020001368                . = ALIGN (0x8)
 *fill*         0x0000000020001364        0x4 
                [!provide]                        PROVIDE (end = .)
                [!provide]                        PROVIDE (_end = .)
                0x0000000020001568                . = (. + _Min_Heap_Size)
 *fill*         0x0000000020001368      0x200 
                0x0000000020001968                . = (. + _Min_Stack_Size)
 *fill*         0x0000000020001568      0x400 
                0x0000000020001968                . = ALIGN (0x8)

/DISCARD/
 libc.a(*)
 libm.a(*)
 libgcc.a(*)

.ARM.attributes
                0x0000000000000000       0x29
 *(.ARM.attributes)
 .ARM.attributes
                0x0000000000000000       0x1d /opt/st/stm32cubeide_1.3.0/plugins/com.st.stm32cube.ide.mcu.externaltools.gnu-tools-for-stm32.7-2018-q2-update.linux64_1.0.0.201904181610/tools/bin/../lib/gcc/arm-none-eabi/7.3.1/thumb/v7-m/crti.o
 .ARM.attributes
                0x000000000000001d       0x2d /opt/st/stm32cubeide_1.3.0/plugins/com.st.stm32cube.ide.mcu.externaltools.gnu-tools-for-stm32.7-2018-q2-update.linux64_1.0.0.201904181610/tools/bin/../lib/gcc/arm-none-eabi/7.3.1/thumb/v7-m/crtbegin.o
 .ARM.attributes
                0x000000000000004a       0x33 Core/Src/USB_tools.o
 .ARM.attributes
                0x000000000000007d       0x33 Core/Src/gestureRecognition.o
 .ARM.attributes
                0x00000000000000b0       0x33 Core/Src/main.o
 .ARM.attributes
                0x00000000000000e3       0x33 Core/Src/sd_hal_mpu6050.o
 .ARM.attributes
                0x0000000000000116       0x33 Core/Src/stm32f1xx_hal_msp.o
 .ARM.attributes
                0x0000000000000149       0x33 Core/Src/stm32f1xx_it.o
 .ARM.attributes
                0x000000000000017c       0x33 Core/Src/system_stm32f1xx.o
 .ARM.attributes
                0x00000000000001af       0x21 Core/Startup/startup_stm32f103c8tx.o
 .ARM.attributes
                0x00000000000001d0       0x33 Drivers/STM32F1xx_HAL_Driver/Src/stm32f1xx_hal.o
 .ARM.attributes
                0x0000000000000203       0x33 Drivers/STM32F1xx_HAL_Driver/Src/stm32f1xx_hal_cortex.o
 .ARM.attributes
                0x0000000000000236       0x33 Drivers/STM32F1xx_HAL_Driver/Src/stm32f1xx_hal_gpio.o
 .ARM.attributes
                0x0000000000000269       0x33 Drivers/STM32F1xx_HAL_Driver/Src/stm32f1xx_hal_i2c.o
 .ARM.attributes
                0x000000000000029c       0x33 Drivers/STM32F1xx_HAL_Driver/Src/stm32f1xx_hal_pcd.o
 .ARM.attributes
                0x00000000000002cf       0x33 Drivers/STM32F1xx_HAL_Driver/Src/stm32f1xx_hal_pcd_ex.o
 .ARM.attributes
                0x0000000000000302       0x33 Drivers/STM32F1xx_HAL_Driver/Src/stm32f1xx_hal_rcc.o
 .ARM.attributes
                0x0000000000000335       0x33 Drivers/STM32F1xx_HAL_Driver/Src/stm32f1xx_hal_rcc_ex.o
 .ARM.attributes
                0x0000000000000368       0x33 Drivers/STM32F1xx_HAL_Driver/Src/stm32f1xx_ll_usb.o
 .ARM.attributes
                0x000000000000039b       0x33 Middlewares/ST/STM32_USB_Device_Library/Class/CDC/Src/usbd_cdc.o
 .ARM.attributes
                0x00000000000003ce       0x33 Middlewares/ST/STM32_USB_Device_Library/Core/Src/usbd_core.o
 .ARM.attributes
                0x0000000000000401       0x33 Middlewares/ST/STM32_USB_Device_Library/Core/Src/usbd_ctlreq.o
 .ARM.attributes
                0x0000000000000434       0x33 Middlewares/ST/STM32_USB_Device_Library/Core/Src/usbd_ioreq.o
 .ARM.attributes
                0x0000000000000467       0x33 USB_DEVICE/App/usb_device.o
 .ARM.attributes
                0x000000000000049a       0x33 USB_DEVICE/App/usbd_cdc_if.o
 .ARM.attributes
                0x00000000000004cd       0x33 USB_DEVICE/App/usbd_desc.o
 .ARM.attributes
                0x0000000000000500       0x33 USB_DEVICE/Target/usbd_conf.o
 .ARM.attributes
                0x0000000000000533       0x2d /opt/st/stm32cubeide_1.3.0/plugins/com.st.stm32cube.ide.mcu.externaltools.gnu-tools-for-stm32.7-2018-q2-update.linux64_1.0.0.201904181610/tools/bin/../lib/gcc/arm-none-eabi/7.3.1/../../../../arm-none-eabi/lib/thumb/v7-m/libc_nano.a(lib_a-init.o)
 .ARM.attributes
                0x0000000000000560       0x2d /opt/st/stm32cubeide_1.3.0/plugins/com.st.stm32cube.ide.mcu.externaltools.gnu-tools-for-stm32.7-2018-q2-update.linux64_1.0.0.201904181610/tools/bin/../lib/gcc/arm-none-eabi/7.3.1/../../../../arm-none-eabi/lib/thumb/v7-m/libc_nano.a(lib_a-memset.o)
 .ARM.attributes
                0x000000000000058d       0x17 /opt/st/stm32cubeide_1.3.0/plugins/com.st.stm32cube.ide.mcu.externaltools.gnu-tools-for-stm32.7-2018-q2-update.linux64_1.0.0.201904181610/tools/bin/../lib/gcc/arm-none-eabi/7.3.1/../../../../arm-none-eabi/lib/thumb/v7-m/libc_nano.a(lib_a-strlen.o)
 .ARM.attributes
                0x00000000000005a4       0x1d /opt/st/stm32cubeide_1.3.0/plugins/com.st.stm32cube.ide.mcu.externaltools.gnu-tools-for-stm32.7-2018-q2-update.linux64_1.0.0.201904181610/tools/bin/../lib/gcc/arm-none-eabi/7.3.1/thumb/v7-m/crtn.o
OUTPUT(GestureRecognition.elf elf32-littlearm)

.debug_info     0x0000000000000000    0x16019
 .debug_info    0x0000000000000000      0xf67 Core/Src/USB_tools.o
 .debug_info    0x0000000000000f67     0x15a4 Core/Src/gestureRecognition.o
 .debug_info    0x000000000000250b     0x1219 Core/Src/main.o
 .debug_info    0x0000000000003724      0xdd2 Core/Src/sd_hal_mpu6050.o
 .debug_info    0x00000000000044f6      0x8ba Core/Src/stm32f1xx_hal_msp.o
 .debug_info    0x0000000000004db0      0x681 Core/Src/stm32f1xx_it.o
 .debug_info    0x0000000000005431      0x433 Core/Src/system_stm32f1xx.o
 .debug_info    0x0000000000005864       0x22 Core/Startup/startup_stm32f103c8tx.o
 .debug_info    0x0000000000005886      0x6fe Drivers/STM32F1xx_HAL_Driver/Src/stm32f1xx_hal.o
 .debug_info    0x0000000000005f84      0xb46 Drivers/STM32F1xx_HAL_Driver/Src/stm32f1xx_hal_cortex.o
 .debug_info    0x0000000000006aca      0x681 Drivers/STM32F1xx_HAL_Driver/Src/stm32f1xx_hal_gpio.o
 .debug_info    0x000000000000714b     0x2457 Drivers/STM32F1xx_HAL_Driver/Src/stm32f1xx_hal_i2c.o
 .debug_info    0x00000000000095a2      0xe38 Drivers/STM32F1xx_HAL_Driver/Src/stm32f1xx_hal_pcd.o
 .debug_info    0x000000000000a3da      0x760 Drivers/STM32F1xx_HAL_Driver/Src/stm32f1xx_hal_pcd_ex.o
 .debug_info    0x000000000000ab3a      0x804 Drivers/STM32F1xx_HAL_Driver/Src/stm32f1xx_hal_rcc.o
 .debug_info    0x000000000000b33e      0x439 Drivers/STM32F1xx_HAL_Driver/Src/stm32f1xx_hal_rcc_ex.o
 .debug_info    0x000000000000b777     0x14f9 Drivers/STM32F1xx_HAL_Driver/Src/stm32f1xx_ll_usb.o
 .debug_info    0x000000000000cc70     0x1791 Middlewares/ST/STM32_USB_Device_Library/Class/CDC/Src/usbd_cdc.o
 .debug_info    0x000000000000e401     0x11c2 Middlewares/ST/STM32_USB_Device_Library/Core/Src/usbd_core.o
 .debug_info    0x000000000000f5c3     0x1132 Middlewares/ST/STM32_USB_Device_Library/Core/Src/usbd_ctlreq.o
 .debug_info    0x00000000000106f5      0xf23 Middlewares/ST/STM32_USB_Device_Library/Core/Src/usbd_ioreq.o
 .debug_info    0x0000000000011618      0xe6b USB_DEVICE/App/usb_device.o
 .debug_info    0x0000000000012483     0x10fa USB_DEVICE/App/usbd_cdc_if.o
 .debug_info    0x000000000001357d      0xd07 USB_DEVICE/App/usbd_desc.o
 .debug_info    0x0000000000014284     0x1d95 USB_DEVICE/Target/usbd_conf.o

.debug_abbrev   0x0000000000000000     0x32d1
 .debug_abbrev  0x0000000000000000      0x246 Core/Src/USB_tools.o
 .debug_abbrev  0x0000000000000246      0x240 Core/Src/gestureRecognition.o
 .debug_abbrev  0x0000000000000486      0x238 Core/Src/main.o
 .debug_abbrev  0x00000000000006be      0x201 Core/Src/sd_hal_mpu6050.o
 .debug_abbrev  0x00000000000008bf      0x18c Core/Src/stm32f1xx_hal_msp.o
 .debug_abbrev  0x0000000000000a4b      0x155 Core/Src/stm32f1xx_it.o
 .debug_abbrev  0x0000000000000ba0      0x134 Core/Src/system_stm32f1xx.o
 .debug_abbrev  0x0000000000000cd4       0x12 Core/Startup/startup_stm32f103c8tx.o
 .debug_abbrev  0x0000000000000ce6      0x1d8 Drivers/STM32F1xx_HAL_Driver/Src/stm32f1xx_hal.o
 .debug_abbrev  0x0000000000000ebe      0x2d5 Drivers/STM32F1xx_HAL_Driver/Src/stm32f1xx_hal_cortex.o
 .debug_abbrev  0x0000000000001193      0x1c0 Drivers/STM32F1xx_HAL_Driver/Src/stm32f1xx_hal_gpio.o
 .debug_abbrev  0x0000000000001353      0x258 Drivers/STM32F1xx_HAL_Driver/Src/stm32f1xx_hal_i2c.o
 .debug_abbrev  0x00000000000015ab      0x263 Drivers/STM32F1xx_HAL_Driver/Src/stm32f1xx_hal_pcd.o
 .debug_abbrev  0x000000000000180e      0x188 Drivers/STM32F1xx_HAL_Driver/Src/stm32f1xx_hal_pcd_ex.o
 .debug_abbrev  0x0000000000001996      0x243 Drivers/STM32F1xx_HAL_Driver/Src/stm32f1xx_hal_rcc.o
 .debug_abbrev  0x0000000000001bd9      0x175 Drivers/STM32F1xx_HAL_Driver/Src/stm32f1xx_hal_rcc_ex.o
 .debug_abbrev  0x0000000000001d4e      0x1c5 Drivers/STM32F1xx_HAL_Driver/Src/stm32f1xx_ll_usb.o
 .debug_abbrev  0x0000000000001f13      0x2b6 Middlewares/ST/STM32_USB_Device_Library/Class/CDC/Src/usbd_cdc.o
 .debug_abbrev  0x00000000000021c9      0x270 Middlewares/ST/STM32_USB_Device_Library/Core/Src/usbd_core.o
 .debug_abbrev  0x0000000000002439      0x2a0 Middlewares/ST/STM32_USB_Device_Library/Core/Src/usbd_ctlreq.o
 .debug_abbrev  0x00000000000026d9      0x1e0 Middlewares/ST/STM32_USB_Device_Library/Core/Src/usbd_ioreq.o
 .debug_abbrev  0x00000000000028b9      0x1be USB_DEVICE/App/usb_device.o
 .debug_abbrev  0x0000000000002a77      0x2ef USB_DEVICE/App/usbd_cdc_if.o
 .debug_abbrev  0x0000000000002d66      0x290 USB_DEVICE/App/usbd_desc.o
 .debug_abbrev  0x0000000000002ff6      0x2db USB_DEVICE/Target/usbd_conf.o

.debug_aranges  0x0000000000000000      0xe20
 .debug_aranges
                0x0000000000000000       0x50 Core/Src/USB_tools.o
 .debug_aranges
                0x0000000000000050       0x48 Core/Src/gestureRecognition.o
 .debug_aranges
                0x0000000000000098       0x40 Core/Src/main.o
 .debug_aranges
                0x00000000000000d8       0x70 Core/Src/sd_hal_mpu6050.o
 .debug_aranges
                0x0000000000000148       0x30 Core/Src/stm32f1xx_hal_msp.o
 .debug_aranges
                0x0000000000000178       0x68 Core/Src/stm32f1xx_it.o
 .debug_aranges
                0x00000000000001e0       0x28 Core/Src/system_stm32f1xx.o
 .debug_aranges
                0x0000000000000208       0x28 Core/Startup/startup_stm32f103c8tx.o
 .debug_aranges
                0x0000000000000230       0xe0 Drivers/STM32F1xx_HAL_Driver/Src/stm32f1xx_hal.o
 .debug_aranges
                0x0000000000000310      0x100 Drivers/STM32F1xx_HAL_Driver/Src/stm32f1xx_hal_cortex.o
 .debug_aranges
                0x0000000000000410       0x58 Drivers/STM32F1xx_HAL_Driver/Src/stm32f1xx_hal_gpio.o
 .debug_aranges
                0x0000000000000468      0x290 Drivers/STM32F1xx_HAL_Driver/Src/stm32f1xx_hal_i2c.o
 .debug_aranges
                0x00000000000006f8      0x120 Drivers/STM32F1xx_HAL_Driver/Src/stm32f1xx_hal_pcd.o
 .debug_aranges
                0x0000000000000818       0x38 Drivers/STM32F1xx_HAL_Driver/Src/stm32f1xx_hal_pcd_ex.o
 .debug_aranges
                0x0000000000000850       0x90 Drivers/STM32F1xx_HAL_Driver/Src/stm32f1xx_hal_rcc.o
 .debug_aranges
                0x00000000000008e0       0x30 Drivers/STM32F1xx_HAL_Driver/Src/stm32f1xx_hal_rcc_ex.o
 .debug_aranges
                0x0000000000000910      0x108 Drivers/STM32F1xx_HAL_Driver/Src/stm32f1xx_ll_usb.o
 .debug_aranges
                0x0000000000000a18       0x90 Middlewares/ST/STM32_USB_Device_Library/Class/CDC/Src/usbd_cdc.o
 .debug_aranges
                0x0000000000000aa8       0xb8 Middlewares/ST/STM32_USB_Device_Library/Core/Src/usbd_core.o
 .debug_aranges
                0x0000000000000b60       0x88 Middlewares/ST/STM32_USB_Device_Library/Core/Src/usbd_ctlreq.o
 .debug_aranges
                0x0000000000000be8       0x50 Middlewares/ST/STM32_USB_Device_Library/Core/Src/usbd_ioreq.o
 .debug_aranges
                0x0000000000000c38       0x20 USB_DEVICE/App/usb_device.o
 .debug_aranges
                0x0000000000000c58       0x50 USB_DEVICE/App/usbd_cdc_if.o
 .debug_aranges
                0x0000000000000ca8       0x60 USB_DEVICE/App/usbd_desc.o
 .debug_aranges
                0x0000000000000d08      0x118 USB_DEVICE/Target/usbd_conf.o

.debug_ranges   0x0000000000000000      0xcb8
 .debug_ranges  0x0000000000000000       0x40 Core/Src/USB_tools.o
 .debug_ranges  0x0000000000000040       0x38 Core/Src/gestureRecognition.o
 .debug_ranges  0x0000000000000078       0x30 Core/Src/main.o
 .debug_ranges  0x00000000000000a8       0x60 Core/Src/sd_hal_mpu6050.o
 .debug_ranges  0x0000000000000108       0x20 Core/Src/stm32f1xx_hal_msp.o
 .debug_ranges  0x0000000000000128       0x58 Core/Src/stm32f1xx_it.o
 .debug_ranges  0x0000000000000180       0x18 Core/Src/system_stm32f1xx.o
 .debug_ranges  0x0000000000000198       0x20 Core/Startup/startup_stm32f103c8tx.o
 .debug_ranges  0x00000000000001b8       0xd0 Drivers/STM32F1xx_HAL_Driver/Src/stm32f1xx_hal.o
 .debug_ranges  0x0000000000000288       0xf0 Drivers/STM32F1xx_HAL_Driver/Src/stm32f1xx_hal_cortex.o
 .debug_ranges  0x0000000000000378       0x48 Drivers/STM32F1xx_HAL_Driver/Src/stm32f1xx_hal_gpio.o
 .debug_ranges  0x00000000000003c0      0x2a0 Drivers/STM32F1xx_HAL_Driver/Src/stm32f1xx_hal_i2c.o
 .debug_ranges  0x0000000000000660      0x110 Drivers/STM32F1xx_HAL_Driver/Src/stm32f1xx_hal_pcd.o
 .debug_ranges  0x0000000000000770       0x28 Drivers/STM32F1xx_HAL_Driver/Src/stm32f1xx_hal_pcd_ex.o
 .debug_ranges  0x0000000000000798       0x80 Drivers/STM32F1xx_HAL_Driver/Src/stm32f1xx_hal_rcc.o
 .debug_ranges  0x0000000000000818       0x20 Drivers/STM32F1xx_HAL_Driver/Src/stm32f1xx_hal_rcc_ex.o
 .debug_ranges  0x0000000000000838       0xf8 Drivers/STM32F1xx_HAL_Driver/Src/stm32f1xx_ll_usb.o
 .debug_ranges  0x0000000000000930       0x80 Middlewares/ST/STM32_USB_Device_Library/Class/CDC/Src/usbd_cdc.o
 .debug_ranges  0x00000000000009b0       0xa8 Middlewares/ST/STM32_USB_Device_Library/Core/Src/usbd_core.o
 .debug_ranges  0x0000000000000a58       0x78 Middlewares/ST/STM32_USB_Device_Library/Core/Src/usbd_ctlreq.o
 .debug_ranges  0x0000000000000ad0       0x40 Middlewares/ST/STM32_USB_Device_Library/Core/Src/usbd_ioreq.o
 .debug_ranges  0x0000000000000b10       0x10 USB_DEVICE/App/usb_device.o
 .debug_ranges  0x0000000000000b20       0x40 USB_DEVICE/App/usbd_cdc_if.o
 .debug_ranges  0x0000000000000b60       0x50 USB_DEVICE/App/usbd_desc.o
 .debug_ranges  0x0000000000000bb0      0x108 USB_DEVICE/Target/usbd_conf.o

.debug_macro    0x0000000000000000    0x17520
 .debug_macro   0x0000000000000000      0x3da Core/Src/USB_tools.o
 .debug_macro   0x00000000000003da      0xa5a Core/Src/USB_tools.o
 .debug_macro   0x0000000000000e34       0x2e Core/Src/USB_tools.o
 .debug_macro   0x0000000000000e62       0x22 Core/Src/USB_tools.o
 .debug_macro   0x0000000000000e84       0x22 Core/Src/USB_tools.o
 .debug_macro   0x0000000000000ea6       0x8e Core/Src/USB_tools.o
 .debug_macro   0x0000000000000f34       0x51 Core/Src/USB_tools.o
 .debug_macro   0x0000000000000f85       0xef Core/Src/USB_tools.o
 .debug_macro   0x0000000000001074       0x6a Core/Src/USB_tools.o
 .debug_macro   0x00000000000010de      0x1df Core/Src/USB_tools.o
 .debug_macro   0x00000000000012bd       0x1c Core/Src/USB_tools.o
 .debug_macro   0x00000000000012d9       0x22 Core/Src/USB_tools.o
 .debug_macro   0x00000000000012fb       0xc3 Core/Src/USB_tools.o
 .debug_macro   0x00000000000013be      0xd23 Core/Src/USB_tools.o
 .debug_macro   0x00000000000020e1     0xe09e Core/Src/USB_tools.o
 .debug_macro   0x000000000001017f       0x43 Core/Src/USB_tools.o
 .debug_macro   0x00000000000101c2      0x21b Core/Src/USB_tools.o
 .debug_macro   0x00000000000103dd      0x174 Core/Src/USB_tools.o
 .debug_macro   0x0000000000010551       0x5a Core/Src/USB_tools.o
 .debug_macro   0x00000000000105ab      0x5be Core/Src/USB_tools.o
 .debug_macro   0x0000000000010b69      0x289 Core/Src/USB_tools.o
 .debug_macro   0x0000000000010df2      0x1cb Core/Src/USB_tools.o
 .debug_macro   0x0000000000010fbd      0x114 Core/Src/USB_tools.o
 .debug_macro   0x00000000000110d1      0x1b2 Core/Src/USB_tools.o
 .debug_macro   0x0000000000011283       0x27 Core/Src/USB_tools.o
 .debug_macro   0x00000000000112aa      0x136 Core/Src/USB_tools.o
 .debug_macro   0x00000000000113e0      0x1bc Core/Src/USB_tools.o
 .debug_macro   0x000000000001159c       0x34 Core/Src/USB_tools.o
 .debug_macro   0x00000000000115d0       0x3c Core/Src/USB_tools.o
 .debug_macro   0x000000000001160c       0x57 Core/Src/USB_tools.o
 .debug_macro   0x0000000000011663       0x88 Core/Src/USB_tools.o
 .debug_macro   0x00000000000116eb      0x241 Core/Src/USB_tools.o
 .debug_macro   0x000000000001192c      0x280 Core/Src/USB_tools.o
 .debug_macro   0x0000000000011bac      0x141 Core/Src/USB_tools.o
 .debug_macro   0x0000000000011ced       0x65 Core/Src/USB_tools.o
 .debug_macro   0x0000000000011d52      0x249 Core/Src/USB_tools.o
 .debug_macro   0x0000000000011f9b       0x83 Core/Src/USB_tools.o
 .debug_macro   0x000000000001201e       0x46 Core/Src/USB_tools.o
 .debug_macro   0x0000000000012064       0x18 Core/Src/USB_tools.o
 .debug_macro   0x000000000001207c       0x3c Core/Src/USB_tools.o
 .debug_macro   0x00000000000120b8       0x34 Core/Src/USB_tools.o
 .debug_macro   0x00000000000120ec       0x16 Core/Src/USB_tools.o
 .debug_macro   0x0000000000012102       0x35 Core/Src/USB_tools.o
 .debug_macro   0x0000000000012137      0x32a Core/Src/USB_tools.o
 .debug_macro   0x0000000000012461       0x10 Core/Src/USB_tools.o
 .debug_macro   0x0000000000012471       0x52 Core/Src/USB_tools.o
 .debug_macro   0x00000000000124c3       0x1f Core/Src/USB_tools.o
 .debug_macro   0x00000000000124e2       0x43 Core/Src/USB_tools.o
 .debug_macro   0x0000000000012525       0x20 Core/Src/USB_tools.o
 .debug_macro   0x0000000000012545      0x1a3 Core/Src/USB_tools.o
 .debug_macro   0x00000000000126e8       0x10 Core/Src/USB_tools.o
 .debug_macro   0x00000000000126f8       0x1c Core/Src/USB_tools.o
 .debug_macro   0x0000000000012714       0x52 Core/Src/USB_tools.o
 .debug_macro   0x0000000000012766       0x40 Core/Src/USB_tools.o
 .debug_macro   0x00000000000127a6       0x10 Core/Src/USB_tools.o
 .debug_macro   0x00000000000127b6       0x40 Core/Src/USB_tools.o
 .debug_macro   0x00000000000127f6       0xd7 Core/Src/USB_tools.o
 .debug_macro   0x00000000000128cd       0x1c Core/Src/USB_tools.o
 .debug_macro   0x00000000000128e9       0x3d Core/Src/USB_tools.o
 .debug_macro   0x0000000000012926       0x16 Core/Src/USB_tools.o
 .debug_macro   0x000000000001293c      0x145 Core/Src/USB_tools.o
 .debug_macro   0x0000000000012a81       0x16 Core/Src/USB_tools.o
 .debug_macro   0x0000000000012a97       0x16 Core/Src/USB_tools.o
 .debug_macro   0x0000000000012aad       0x29 Core/Src/USB_tools.o
 .debug_macro   0x0000000000012ad6       0x16 Core/Src/USB_tools.o
 .debug_macro   0x0000000000012aec       0x20 Core/Src/USB_tools.o
 .debug_macro   0x0000000000012b0c       0x60 Core/Src/USB_tools.o
 .debug_macro   0x0000000000012b6c      0x1c8 Core/Src/USB_tools.o
 .debug_macro   0x0000000000012d34       0x8f Core/Src/USB_tools.o
 .debug_macro   0x0000000000012dc3       0x10 Core/Src/USB_tools.o
 .debug_macro   0x0000000000012dd3       0x4c Core/Src/USB_tools.o
 .debug_macro   0x0000000000012e1f      0x3d8 Core/Src/gestureRecognition.o
 .debug_macro   0x00000000000131f7       0x40 Core/Src/gestureRecognition.o
 .debug_macro   0x0000000000013237       0x94 Core/Src/gestureRecognition.o
 .debug_macro   0x00000000000132cb       0x57 Core/Src/gestureRecognition.o
 .debug_macro   0x0000000000013322       0x97 Core/Src/gestureRecognition.o
 .debug_macro   0x00000000000133b9      0x330 Core/Src/gestureRecognition.o
 .debug_macro   0x00000000000136e9       0xfd Core/Src/gestureRecognition.o
 .debug_macro   0x00000000000137e6       0xbd Core/Src/gestureRecognition.o
 .debug_macro   0x00000000000138a3       0x54 Core/Src/gestureRecognition.o
 .debug_macro   0x00000000000138f7       0x16 Core/Src/gestureRecognition.o
 .debug_macro   0x000000000001390d       0x40 Core/Src/gestureRecognition.o
 .debug_macro   0x000000000001394d      0x395 Core/Src/main.o
 .debug_macro   0x0000000000013ce2      0x2ba Core/Src/sd_hal_mpu6050.o
 .debug_macro   0x0000000000013f9c       0x3a Core/Src/sd_hal_mpu6050.o
 .debug_macro   0x0000000000013fd6      0x1b3 Core/Src/stm32f1xx_hal_msp.o
 .debug_macro   0x0000000000014189      0x1bd Core/Src/stm32f1xx_it.o
 .debug_macro   0x0000000000014346      0x1af Core/Src/system_stm32f1xx.o
 .debug_macro   0x00000000000144f5      0x1cd Drivers/STM32F1xx_HAL_Driver/Src/stm32f1xx_hal.o
 .debug_macro   0x00000000000146c2      0x1a9 Drivers/STM32F1xx_HAL_Driver/Src/stm32f1xx_hal_cortex.o
 .debug_macro   0x000000000001486b      0x214 Drivers/STM32F1xx_HAL_Driver/Src/stm32f1xx_hal_gpio.o
 .debug_macro   0x0000000000014a7f      0x1e9 Drivers/STM32F1xx_HAL_Driver/Src/stm32f1xx_hal_i2c.o
 .debug_macro   0x0000000000014c68      0x1b5 Drivers/STM32F1xx_HAL_Driver/Src/stm32f1xx_hal_pcd.o
 .debug_macro   0x0000000000014e1d      0x1a9 Drivers/STM32F1xx_HAL_Driver/Src/stm32f1xx_hal_pcd_ex.o
 .debug_macro   0x0000000000014fc6      0x1bb Drivers/STM32F1xx_HAL_Driver/Src/stm32f1xx_hal_rcc.o
 .debug_macro   0x0000000000015181      0x1a9 Drivers/STM32F1xx_HAL_Driver/Src/stm32f1xx_hal_rcc_ex.o
 .debug_macro   0x000000000001532a      0x1a9 Drivers/STM32F1xx_HAL_Driver/Src/stm32f1xx_ll_usb.o
 .debug_macro   0x00000000000154d3      0x3c0 Middlewares/ST/STM32_USB_Device_Library/Class/CDC/Src/usbd_cdc.o
 .debug_macro   0x0000000000015893      0x3a7 Middlewares/ST/STM32_USB_Device_Library/Core/Src/usbd_core.o
 .debug_macro   0x0000000000015c3a      0x1ce Middlewares/ST/STM32_USB_Device_Library/Core/Src/usbd_core.o
 .debug_macro   0x0000000000015e08      0x3b1 Middlewares/ST/STM32_USB_Device_Library/Core/Src/usbd_ctlreq.o
 .debug_macro   0x00000000000161b9      0x3ad Middlewares/ST/STM32_USB_Device_Library/Core/Src/usbd_ioreq.o
 .debug_macro   0x0000000000016566      0x3e7 USB_DEVICE/App/usb_device.o
 .debug_macro   0x000000000001694d       0x22 USB_DEVICE/App/usb_device.o
 .debug_macro   0x000000000001696f      0x3e7 USB_DEVICE/App/usbd_cdc_if.o
 .debug_macro   0x0000000000016d56      0x3e4 USB_DEVICE/App/usbd_desc.o
 .debug_macro   0x000000000001713a       0x1c USB_DEVICE/App/usbd_desc.o
 .debug_macro   0x0000000000017156      0x3ca USB_DEVICE/Target/usbd_conf.o

.debug_line     0x0000000000000000     0xec52
 .debug_line    0x0000000000000000      0x9c9 Core/Src/USB_tools.o
 .debug_line    0x00000000000009c9      0xa1e Core/Src/gestureRecognition.o
 .debug_line    0x00000000000013e7      0x944 Core/Src/main.o
 .debug_line    0x0000000000001d2b      0x7f7 Core/Src/sd_hal_mpu6050.o
 .debug_line    0x0000000000002522      0x655 Core/Src/stm32f1xx_hal_msp.o
 .debug_line    0x0000000000002b77      0x6dd Core/Src/stm32f1xx_it.o
 .debug_line    0x0000000000003254      0x658 Core/Src/system_stm32f1xx.o
 .debug_line    0x00000000000038ac       0x84 Core/Startup/startup_stm32f103c8tx.o
 .debug_line    0x0000000000003930      0x800 Drivers/STM32F1xx_HAL_Driver/Src/stm32f1xx_hal.o
 .debug_line    0x0000000000004130      0x8d9 Drivers/STM32F1xx_HAL_Driver/Src/stm32f1xx_hal_cortex.o
 .debug_line    0x0000000000004a09      0x800 Drivers/STM32F1xx_HAL_Driver/Src/stm32f1xx_hal_gpio.o
 .debug_line    0x0000000000005209     0x1ac3 Drivers/STM32F1xx_HAL_Driver/Src/stm32f1xx_hal_i2c.o
 .debug_line    0x0000000000006ccc      0xaf3 Drivers/STM32F1xx_HAL_Driver/Src/stm32f1xx_hal_pcd.o
 .debug_line    0x00000000000077bf      0x673 Drivers/STM32F1xx_HAL_Driver/Src/stm32f1xx_hal_pcd_ex.o
 .debug_line    0x0000000000007e32      0x8c2 Drivers/STM32F1xx_HAL_Driver/Src/stm32f1xx_hal_rcc.o
 .debug_line    0x00000000000086f4      0x6e0 Drivers/STM32F1xx_HAL_Driver/Src/stm32f1xx_hal_rcc_ex.o
 .debug_line    0x0000000000008dd4      0xb0c Drivers/STM32F1xx_HAL_Driver/Src/stm32f1xx_ll_usb.o
 .debug_line    0x00000000000098e0      0xad5 Middlewares/ST/STM32_USB_Device_Library/Class/CDC/Src/usbd_cdc.o
 .debug_line    0x000000000000a3b5      0xb10 Middlewares/ST/STM32_USB_Device_Library/Core/Src/usbd_core.o
 .debug_line    0x000000000000aec5      0xb99 Middlewares/ST/STM32_USB_Device_Library/Core/Src/usbd_ctlreq.o
 .debug_line    0x000000000000ba5e      0x979 Middlewares/ST/STM32_USB_Device_Library/Core/Src/usbd_ioreq.o
 .debug_line    0x000000000000c3d7      0x95b USB_DEVICE/App/usb_device.o
 .debug_line    0x000000000000cd32      0x9dd USB_DEVICE/App/usbd_cdc_if.o
 .debug_line    0x000000000000d70f      0x9ad USB_DEVICE/App/usbd_desc.o
 .debug_line    0x000000000000e0bc      0xb96 USB_DEVICE/Target/usbd_conf.o

.debug_str      0x0000000000000000    0x703ed
 .debug_str     0x0000000000000000    0x6bf65 Core/Src/USB_tools.o
                                      0x6c3d3 (size before relaxing)
 .debug_str     0x000000000006bf65      0x830 Core/Src/gestureRecognition.o
                                      0x6ca44 (size before relaxing)
 .debug_str     0x000000000006c795      0x296 Core/Src/main.o
                                      0x6c1e7 (size before relaxing)
 .debug_str     0x000000000006ca2b      0x6d5 Core/Src/sd_hal_mpu6050.o
                                      0x67dc4 (size before relaxing)
 .debug_str     0x000000000006d100       0x81 Core/Src/stm32f1xx_hal_msp.o
                                      0x6747d (size before relaxing)
 .debug_str     0x000000000006d181      0x385 Core/Src/stm32f1xx_it.o
                                      0x6731f (size before relaxing)
 .debug_str     0x000000000006d506       0xc2 Core/Src/system_stm32f1xx.o
                                      0x66ffc (size before relaxing)
 .debug_str     0x000000000006d5c8       0x36 Core/Startup/startup_stm32f103c8tx.o
                                         0x78 (size before relaxing)
 .debug_str     0x000000000006d5fe      0x610 Drivers/STM32F1xx_HAL_Driver/Src/stm32f1xx_hal.o
                                      0x6760d (size before relaxing)
 .debug_str     0x000000000006dc0e      0x2a0 Drivers/STM32F1xx_HAL_Driver/Src/stm32f1xx_hal_cortex.o
                                      0x6761b (size before relaxing)
 .debug_str     0x000000000006deae      0x31f Drivers/STM32F1xx_HAL_Driver/Src/stm32f1xx_hal_gpio.o
                                      0x67346 (size before relaxing)
 .debug_str     0x000000000006e1cd      0xb55 Drivers/STM32F1xx_HAL_Driver/Src/stm32f1xx_hal_i2c.o
                                      0x67f72 (size before relaxing)
 .debug_str     0x000000000006ed22      0x3af Drivers/STM32F1xx_HAL_Driver/Src/stm32f1xx_hal_pcd.o
                                      0x6762d (size before relaxing)
 .debug_str     0x000000000006f0d1      0x18d Drivers/STM32F1xx_HAL_Driver/Src/stm32f1xx_hal_pcd_ex.o
                                      0x67409 (size before relaxing)
 .debug_str     0x000000000006f25e      0x258 Drivers/STM32F1xx_HAL_Driver/Src/stm32f1xx_hal_rcc.o
                                      0x6737f (size before relaxing)
 .debug_str     0x000000000006f4b6       0xb9 Drivers/STM32F1xx_HAL_Driver/Src/stm32f1xx_hal_rcc_ex.o
                                      0x6710c (size before relaxing)
 .debug_str     0x000000000006f56f      0x304 Drivers/STM32F1xx_HAL_Driver/Src/stm32f1xx_ll_usb.o
                                      0x67473 (size before relaxing)
 .debug_str     0x000000000006f873      0x264 Middlewares/ST/STM32_USB_Device_Library/Class/CDC/Src/usbd_cdc.o
                                      0x6c775 (size before relaxing)
 .debug_str     0x000000000006fad7      0x1b5 Middlewares/ST/STM32_USB_Device_Library/Core/Src/usbd_core.o
                                      0x6c089 (size before relaxing)
 .debug_str     0x000000000006fc8c      0x134 Middlewares/ST/STM32_USB_Device_Library/Core/Src/usbd_ctlreq.o
                                      0x6c00f (size before relaxing)
 .debug_str     0x000000000006fdc0       0xc9 Middlewares/ST/STM32_USB_Device_Library/Core/Src/usbd_ioreq.o
                                      0x6bf97 (size before relaxing)
 .debug_str     0x000000000006fe89       0xc2 USB_DEVICE/App/usb_device.o
                                      0x6c2d2 (size before relaxing)
 .debug_str     0x000000000006ff4b       0xf6 USB_DEVICE/App/usbd_cdc_if.o
                                      0x6c3a3 (size before relaxing)
 .debug_str     0x0000000000070041      0x258 USB_DEVICE/App/usbd_desc.o
                                      0x6bf02 (size before relaxing)
 .debug_str     0x0000000000070299      0x154 USB_DEVICE/Target/usbd_conf.o
                                      0x6cb9b (size before relaxing)

.comment        0x0000000000000000       0x7b
 .comment       0x0000000000000000       0x7b Core/Src/USB_tools.o
                                         0x7c (size before relaxing)
 .comment       0x000000000000007b       0x7c Core/Src/gestureRecognition.o
 .comment       0x000000000000007b       0x7c Core/Src/main.o
 .comment       0x000000000000007b       0x7c Core/Src/sd_hal_mpu6050.o
 .comment       0x000000000000007b       0x7c Core/Src/stm32f1xx_hal_msp.o
 .comment       0x000000000000007b       0x7c Core/Src/stm32f1xx_it.o
 .comment       0x000000000000007b       0x7c Core/Src/system_stm32f1xx.o
 .comment       0x000000000000007b       0x7c Drivers/STM32F1xx_HAL_Driver/Src/stm32f1xx_hal.o
 .comment       0x000000000000007b       0x7c Drivers/STM32F1xx_HAL_Driver/Src/stm32f1xx_hal_cortex.o
 .comment       0x000000000000007b       0x7c Drivers/STM32F1xx_HAL_Driver/Src/stm32f1xx_hal_gpio.o
 .comment       0x000000000000007b       0x7c Drivers/STM32F1xx_HAL_Driver/Src/stm32f1xx_hal_i2c.o
 .comment       0x000000000000007b       0x7c Drivers/STM32F1xx_HAL_Driver/Src/stm32f1xx_hal_pcd.o
 .comment       0x000000000000007b       0x7c Drivers/STM32F1xx_HAL_Driver/Src/stm32f1xx_hal_pcd_ex.o
 .comment       0x000000000000007b       0x7c Drivers/STM32F1xx_HAL_Driver/Src/stm32f1xx_hal_rcc.o
 .comment       0x000000000000007b       0x7c Drivers/STM32F1xx_HAL_Driver/Src/stm32f1xx_hal_rcc_ex.o
 .comment       0x000000000000007b       0x7c Drivers/STM32F1xx_HAL_Driver/Src/stm32f1xx_ll_usb.o
 .comment       0x000000000000007b       0x7c Middlewares/ST/STM32_USB_Device_Library/Class/CDC/Src/usbd_cdc.o
 .comment       0x000000000000007b       0x7c Middlewares/ST/STM32_USB_Device_Library/Core/Src/usbd_core.o
 .comment       0x000000000000007b       0x7c Middlewares/ST/STM32_USB_Device_Library/Core/Src/usbd_ctlreq.o
 .comment       0x000000000000007b       0x7c Middlewares/ST/STM32_USB_Device_Library/Core/Src/usbd_ioreq.o
 .comment       0x000000000000007b       0x7c USB_DEVICE/App/usb_device.o
 .comment       0x000000000000007b       0x7c USB_DEVICE/App/usbd_cdc_if.o
 .comment       0x000000000000007b       0x7c USB_DEVICE/App/usbd_desc.o
 .comment       0x000000000000007b       0x7c USB_DEVICE/Target/usbd_conf.o

.debug_frame    0x0000000000000000     0x383c
 .debug_frame   0x0000000000000000      0x12c Core/Src/USB_tools.o
 .debug_frame   0x000000000000012c       0xdc Core/Src/gestureRecognition.o
 .debug_frame   0x0000000000000208       0xac Core/Src/main.o
 .debug_frame   0x00000000000002b4      0x1bc Core/Src/sd_hal_mpu6050.o
 .debug_frame   0x0000000000000470       0x80 Core/Src/stm32f1xx_hal_msp.o
 .debug_frame   0x00000000000004f0      0x128 Core/Src/stm32f1xx_it.o
 .debug_frame   0x0000000000000618       0x58 Core/Src/system_stm32f1xx.o
 .debug_frame   0x0000000000000670      0x334 Drivers/STM32F1xx_HAL_Driver/Src/stm32f1xx_hal.o
 .debug_frame   0x00000000000009a4      0x428 Drivers/STM32F1xx_HAL_Driver/Src/stm32f1xx_hal_cortex.o
 .debug_frame   0x0000000000000dcc      0x14c Drivers/STM32F1xx_HAL_Driver/Src/stm32f1xx_hal_gpio.o
 .debug_frame   0x0000000000000f18      0xc08 Drivers/STM32F1xx_HAL_Driver/Src/stm32f1xx_hal_i2c.o
 .debug_frame   0x0000000000001b20      0x500 Drivers/STM32F1xx_HAL_Driver/Src/stm32f1xx_hal_pcd.o
 .debug_frame   0x0000000000002020       0xb0 Drivers/STM32F1xx_HAL_Driver/Src/stm32f1xx_hal_pcd_ex.o
 .debug_frame   0x00000000000020d0      0x21c Drivers/STM32F1xx_HAL_Driver/Src/stm32f1xx_hal_rcc.o
 .debug_frame   0x00000000000022ec       0x84 Drivers/STM32F1xx_HAL_Driver/Src/stm32f1xx_hal_rcc_ex.o
 .debug_frame   0x0000000000002370      0x4d8 Drivers/STM32F1xx_HAL_Driver/Src/stm32f1xx_ll_usb.o
 .debug_frame   0x0000000000002848      0x248 Middlewares/ST/STM32_USB_Device_Library/Class/CDC/Src/usbd_cdc.o
 .debug_frame   0x0000000000002a90      0x300 Middlewares/ST/STM32_USB_Device_Library/Core/Src/usbd_core.o
 .debug_frame   0x0000000000002d90      0x218 Middlewares/ST/STM32_USB_Device_Library/Core/Src/usbd_ctlreq.o
 .debug_frame   0x0000000000002fa8      0x10c Middlewares/ST/STM32_USB_Device_Library/Core/Src/usbd_ioreq.o
 .debug_frame   0x00000000000030b4       0x2c USB_DEVICE/App/usb_device.o
 .debug_frame   0x00000000000030e0      0x10c USB_DEVICE/App/usbd_cdc_if.o
 .debug_frame   0x00000000000031ec      0x160 USB_DEVICE/App/usbd_desc.o
 .debug_frame   0x000000000000334c      0x4a4 USB_DEVICE/Target/usbd_conf.o
 .debug_frame   0x00000000000037f0       0x2c /opt/st/stm32cubeide_1.3.0/plugins/com.st.stm32cube.ide.mcu.externaltools.gnu-tools-for-stm32.7-2018-q2-update.linux64_1.0.0.201904181610/tools/bin/../lib/gcc/arm-none-eabi/7.3.1/../../../../arm-none-eabi/lib/thumb/v7-m/libc_nano.a(lib_a-init.o)
 .debug_frame   0x000000000000381c       0x20 /opt/st/stm32cubeide_1.3.0/plugins/com.st.stm32cube.ide.mcu.externaltools.gnu-tools-for-stm32.7-2018-q2-update.linux64_1.0.0.201904181610/tools/bin/../lib/gcc/arm-none-eabi/7.3.1/../../../../arm-none-eabi/lib/thumb/v7-m/libc_nano.a(lib_a-memset.o)
