Archive member included to satisfy reference by file (symbol)

c:/ac6/systemworkbench/plugins/fr.ac6.mcu.externaltools.arm-none.win32_1.13.3.201707031232/tools/compiler/bin/../lib/gcc/arm-none-eabi/5.4.1/armv7-m\libgcc.a(_arm_addsubsf3.o)
                              Src/sd_hal_mpu6050.o (__aeabi_fadd)
c:/ac6/systemworkbench/plugins/fr.ac6.mcu.externaltools.arm-none.win32_1.13.3.201707031232/tools/compiler/bin/../lib/gcc/arm-none-eabi/5.4.1/armv7-m\libgcc.a(_arm_muldivsf3.o)
                              Src/sd_hal_mpu6050.o (__aeabi_fdiv)
c:/ac6/systemworkbench/plugins/fr.ac6.mcu.externaltools.arm-none.win32_1.13.3.201707031232/tools/compiler/bin/../lib/gcc/arm-none-eabi/5.4.1/../../../../arm-none-eabi/lib/armv7-m\libc_nano.a(lib_a-exit.o)
                              c:/ac6/systemworkbench/plugins/fr.ac6.mcu.externaltools.arm-none.win32_1.13.3.201707031232/tools/compiler/bin/../lib/gcc/arm-none-eabi/5.4.1/../../../../arm-none-eabi/lib/armv7-m/crt0.o (exit)
c:/ac6/systemworkbench/plugins/fr.ac6.mcu.externaltools.arm-none.win32_1.13.3.201707031232/tools/compiler/bin/../lib/gcc/arm-none-eabi/5.4.1/../../../../arm-none-eabi/lib/armv7-m\libc_nano.a(lib_a-impure.o)
                              c:/ac6/systemworkbench/plugins/fr.ac6.mcu.externaltools.arm-none.win32_1.13.3.201707031232/tools/compiler/bin/../lib/gcc/arm-none-eabi/5.4.1/../../../../arm-none-eabi/lib/armv7-m\libc_nano.a(lib_a-exit.o) (_global_impure_ptr)
c:/ac6/systemworkbench/plugins/fr.ac6.mcu.externaltools.arm-none.win32_1.13.3.201707031232/tools/compiler/bin/../lib/gcc/arm-none-eabi/5.4.1/../../../../arm-none-eabi/lib/armv7-m\libc_nano.a(lib_a-init.o)
                              c:/ac6/systemworkbench/plugins/fr.ac6.mcu.externaltools.arm-none.win32_1.13.3.201707031232/tools/compiler/bin/../lib/gcc/arm-none-eabi/5.4.1/../../../../arm-none-eabi/lib/armv7-m/crt0.o (__libc_init_array)
c:/ac6/systemworkbench/plugins/fr.ac6.mcu.externaltools.arm-none.win32_1.13.3.201707031232/tools/compiler/bin/../lib/gcc/arm-none-eabi/5.4.1/../../../../arm-none-eabi/lib/armv7-m\libc_nano.a(lib_a-memset.o)
                              c:/ac6/systemworkbench/plugins/fr.ac6.mcu.externaltools.arm-none.win32_1.13.3.201707031232/tools/compiler/bin/../lib/gcc/arm-none-eabi/5.4.1/../../../../arm-none-eabi/lib/armv7-m/crt0.o (memset)
c:/ac6/systemworkbench/plugins/fr.ac6.mcu.externaltools.arm-none.win32_1.13.3.201707031232/tools/compiler/bin/../lib/gcc/arm-none-eabi/5.4.1/../../../../arm-none-eabi/lib/armv7-m\libc_nano.a(lib_a-strlen.o)
                              Src/USB_tools.o (strlen)
c:/ac6/systemworkbench/plugins/fr.ac6.mcu.externaltools.arm-none.win32_1.13.3.201707031232/tools/compiler/bin/../lib/gcc/arm-none-eabi/5.4.1/../../../../arm-none-eabi/lib/armv7-m\libc_nano.a(lib_a-vsprintf.o)
                              Src/USB_tools.o (vsprintf)
c:/ac6/systemworkbench/plugins/fr.ac6.mcu.externaltools.arm-none.win32_1.13.3.201707031232/tools/compiler/bin/../lib/gcc/arm-none-eabi/5.4.1/../../../../arm-none-eabi/lib/armv7-m\libc_nano.a(lib_a-nano-svfprintf.o)
                              c:/ac6/systemworkbench/plugins/fr.ac6.mcu.externaltools.arm-none.win32_1.13.3.201707031232/tools/compiler/bin/../lib/gcc/arm-none-eabi/5.4.1/../../../../arm-none-eabi/lib/armv7-m\libc_nano.a(lib_a-vsprintf.o) (_svfprintf_r)
c:/ac6/systemworkbench/plugins/fr.ac6.mcu.externaltools.arm-none.win32_1.13.3.201707031232/tools/compiler/bin/../lib/gcc/arm-none-eabi/5.4.1/../../../../arm-none-eabi/lib/armv7-m\libc_nano.a(lib_a-nano-vfprintf_i.o)
                              c:/ac6/systemworkbench/plugins/fr.ac6.mcu.externaltools.arm-none.win32_1.13.3.201707031232/tools/compiler/bin/../lib/gcc/arm-none-eabi/5.4.1/../../../../arm-none-eabi/lib/armv7-m\libc_nano.a(lib_a-nano-svfprintf.o) (_printf_i)
c:/ac6/systemworkbench/plugins/fr.ac6.mcu.externaltools.arm-none.win32_1.13.3.201707031232/tools/compiler/bin/../lib/gcc/arm-none-eabi/5.4.1/../../../../arm-none-eabi/lib/armv7-m\libc_nano.a(lib_a-memchr-stub.o)
                              c:/ac6/systemworkbench/plugins/fr.ac6.mcu.externaltools.arm-none.win32_1.13.3.201707031232/tools/compiler/bin/../lib/gcc/arm-none-eabi/5.4.1/../../../../arm-none-eabi/lib/armv7-m\libc_nano.a(lib_a-nano-svfprintf.o) (memchr)
c:/ac6/systemworkbench/plugins/fr.ac6.mcu.externaltools.arm-none.win32_1.13.3.201707031232/tools/compiler/bin/../lib/gcc/arm-none-eabi/5.4.1/../../../../arm-none-eabi/lib/armv7-m\libc_nano.a(lib_a-memcpy-stub.o)
                              c:/ac6/systemworkbench/plugins/fr.ac6.mcu.externaltools.arm-none.win32_1.13.3.201707031232/tools/compiler/bin/../lib/gcc/arm-none-eabi/5.4.1/../../../../arm-none-eabi/lib/armv7-m\libc_nano.a(lib_a-nano-svfprintf.o) (memcpy)
c:/ac6/systemworkbench/plugins/fr.ac6.mcu.externaltools.arm-none.win32_1.13.3.201707031232/tools/compiler/bin/../lib/gcc/arm-none-eabi/5.4.1/../../../../arm-none-eabi/lib/armv7-m\libc_nano.a(lib_a-memmove.o)
[...]
Memory Configuration

Name             Origin             Length             Attributes
RAM              0x20000000         0x00005000         xrw
FLASH            0x08000000         0x00010000         xr
*default*        0x00000000         0xffffffff

Linker script and memory map

LOAD c:/ac6/systemworkbench/plugins/fr.ac6.mcu.externaltools.arm-none.win32_1.13.3.201707031232/tools/compiler/bin/../lib/gcc/arm-none-eabi/5.4.1/armv7-m/crti.o
LOAD c:/ac6/systemworkbench/plugins/fr.ac6.mcu.externaltools.arm-none.win32_1.13.3.201707031232/tools/compiler/bin/../lib/gcc/arm-none-eabi/5.4.1/armv7-m/crtbegin.o
LOAD c:/ac6/systemworkbench/plugins/fr.ac6.mcu.externaltools.arm-none.win32_1.13.3.201707031232/tools/compiler/bin/../lib/gcc/arm-none-eabi/5.4.1/../../../../arm-none-eabi/lib/armv7-m/crt0.o
LOAD Drivers/STM32F1xx_HAL_Driver/Src/stm32f1xx_hal.o
LOAD Drivers/STM32F1xx_HAL_Driver/Src/stm32f1xx_hal_cortex.o
LOAD Drivers/STM32F1xx_HAL_Driver/Src/stm32f1xx_hal_dma.o
LOAD Drivers/STM32F1xx_HAL_Driver/Src/stm32f1xx_hal_flash.o
LOAD Drivers/STM32F1xx_HAL_Driver/Src/stm32f1xx_hal_flash_ex.o
LOAD Drivers/STM32F1xx_HAL_Driver/Src/stm32f1xx_hal_gpio.o
LOAD Drivers/STM32F1xx_HAL_Driver/Src/stm32f1xx_hal_gpio_ex.o
LOAD Drivers/STM32F1xx_HAL_Driver/Src/stm32f1xx_hal_i2c.o
LOAD Drivers/STM32F1xx_HAL_Driver/Src/stm32f1xx_hal_pcd.o
LOAD Drivers/STM32F1xx_HAL_Driver/Src/stm32f1xx_hal_pcd_ex.o
LOAD Drivers/STM32F1xx_HAL_Driver/Src/stm32f1xx_hal_pwr.o
LOAD Drivers/STM32F1xx_HAL_Driver/Src/stm32f1xx_hal_rcc.o
LOAD Drivers/STM32F1xx_HAL_Driver/Src/stm32f1xx_hal_rcc_ex.o
LOAD Drivers/STM32F1xx_HAL_Driver/Src/stm32f1xx_hal_tim.o
LOAD Drivers/STM32F1xx_HAL_Driver/Src/stm32f1xx_hal_tim_ex.o
LOAD Drivers/STM32F1xx_HAL_Driver/Src/stm32f1xx_ll_usb.o
LOAD Middlewares/ST/STM32_USB_Device_Library/Class/CDC/Src/usbd_cdc.o
LOAD Middlewares/ST/STM32_USB_Device_Library/Core/Src/usbd_core.o
LOAD Middlewares/ST/STM32_USB_Device_Library/Core/Src/usbd_ctlreq.o
LOAD Middlewares/ST/STM32_USB_Device_Library/Core/Src/usbd_ioreq.o
LOAD Src/CDC_MPU6050.o
LOAD Src/USB_tools.o
LOAD Src/main.o
LOAD Src/sd_hal_mpu6050.o
LOAD Src/stm32f1xx_hal_msp.o
LOAD Src/stm32f1xx_it.o
LOAD Src/system_stm32f1xx.o
LOAD Src/usb_device.o
LOAD Src/usbd_cdc_if.o
LOAD Src/usbd_conf.o
LOAD Src/usbd_desc.o
LOAD startup/startup_stm32f103xb.o
LOAD c:/ac6/systemworkbench/plugins/fr.ac6.mcu.externaltools.arm-none.win32_1.13.3.201707031232/tools/compiler/bin/../lib/gcc/arm-none-eabi/5.4.1/../../../../arm-none-eabi/lib/armv7-m\libm.a
START GROUP
LOAD c:/ac6/systemworkbench/plugins/fr.ac6.mcu.externaltools.arm-none.win32_1.13.3.201707031232/tools/compiler/bin/../lib/gcc/arm-none-eabi/5.4.1/armv7-m\libgcc.a
LOAD c:/ac6/systemworkbench/plugins/fr.ac6.mcu.externaltools.arm-none.win32_1.13.3.201707031232/tools/compiler/bin/../lib/gcc/arm-none-eabi/5.4.1/../../../../arm-none-eabi/lib/armv7-m\libc_nano.a
END GROUP
START GROUP
LOAD c:/ac6/systemworkbench/plugins/fr.ac6.mcu.externaltools.arm-none.win32_1.13.3.201707031232/tools/compiler/bin/../lib/gcc/arm-none-eabi/5.4.1/armv7-m\libgcc.a
LOAD c:/ac6/systemworkbench/plugins/fr.ac6.mcu.externaltools.arm-none.win32_1.13.3.201707031232/tools/compiler/bin/../lib/gcc/arm-none-eabi/5.4.1/../../../../arm-none-eabi/lib/armv7-m\libc_nano.a
LOAD c:/ac6/systemworkbench/plugins/fr.ac6.mcu.externaltools.arm-none.win32_1.13.3.201707031232/tools/compiler/bin/../lib/gcc/arm-none-eabi/5.4.1/../../../../arm-none-eabi/lib/armv7-m\libnosys.a
END GROUP
START GROUP
LOAD c:/ac6/systemworkbench/plugins/fr.ac6.mcu.externaltools.arm-none.win32_1.13.3.201707031232/tools/compiler/bin/../lib/gcc/arm-none-eabi/5.4.1/armv7-m\libgcc.a
LOAD c:/ac6/systemworkbench/plugins/fr.ac6.mcu.externaltools.arm-none.win32_1.13.3.201707031232/tools/compiler/bin/../lib/gcc/arm-none-eabi/5.4.1/../../../../arm-none-eabi/lib/armv7-m\libc_nano.a
LOAD c:/ac6/systemworkbench/plugins/fr.ac6.mcu.externaltools.arm-none.win32_1.13.3.201707031232/tools/compiler/bin/../lib/gcc/arm-none-eabi/5.4.1/../../../../arm-none-eabi/lib/armv7-m\libnosys.a
END GROUP
LOAD c:/ac6/systemworkbench/plugins/fr.ac6.mcu.externaltools.arm-none.win32_1.13.3.201707031232/tools/compiler/bin/../lib/gcc/arm-none-eabi/5.4.1/armv7-m/crtend.o
LOAD c:/ac6/systemworkbench/plugins/fr.ac6.mcu.externaltools.arm-none.win32_1.13.3.201707031232/tools/compiler/bin/../lib/gcc/arm-none-eabi/5.4.1/armv7-m/crtn.o
                0x20005000                _estack = 0x20005000
                0x00000200                _Min_Heap_Size = 0x200
                0x00000400                _Min_Stack_Size = 0x400

.isr_vector     0x08000000      0x10c
                0x08000000                . = ALIGN (0x4)
 *(.isr_vector)
 .isr_vector    0x08000000      0x10c startup/startup_stm32f103xb.o
                0x08000000                g_pfnVectors
                0x0800010c                . = ALIGN (0x4)

.text           0x0800010c     0x34f0
                0x0800010c                . = ALIGN (0x4)
 *(.text)
 .text          0x0800010c       0x5c c:/ac6/systemworkbench/plugins/fr.ac6.mcu.externaltools.arm-none.win32_1.13.3.201707031232/tools/compiler/bin/../lib/gcc/arm-none-eabi/5.4.1/armv7-m/crtbegin.o
 .text          0x08000168       0x10 c:/ac6/systemworkbench/plugins/fr.ac6.mcu.externaltools.arm-none.win32_1.13.3.201707031232/tools/compiler/bin/../lib/gcc/arm-none-eabi/5.4.1/../../../../arm-none-eabi/lib/armv7-m\libc_nano.a(lib_a-strlen.o)
                0x08000168                strlen
 *(.text*)
 .text.HAL_InitTick
                0x08000178       0x48 Drivers/STM32F1xx_HAL_Driver/Src/stm32f1xx_hal.o
                0x08000178                HAL_InitTick
 .text.HAL_Init
                0x080001c0       0x24 Drivers/STM32F1xx_HAL_Driver/Src/stm32f1xx_hal.o
                0x080001c0                HAL_Init
 .text.HAL_IncTick
                0x080001e4       0x18 Drivers/STM32F1xx_HAL_Driver/Src/stm32f1xx_hal.o
                0x080001e4                HAL_IncTick
 .text.HAL_GetTick
                0x080001fc        0xc Drivers/STM32F1xx_HAL_Driver/Src/stm32f1xx_hal.o
                0x080001fc                HAL_GetTick
 .text.HAL_Delay
                0x08000208       0x28 Drivers/STM32F1xx_HAL_Driver/Src/stm32f1xx_hal.o
                0x08000208                HAL_Delay
 .text.HAL_NVIC_SetPriorityGrouping
                0x08000230       0x24 Drivers/STM32F1xx_HAL_Driver/Src/stm32f1xx_hal_cortex.o
                0x08000230                HAL_NVIC_SetPriorityGrouping
 .text.HAL_NVIC_SetPriority
                0x08000254       0x64 Drivers/STM32F1xx_HAL_Driver/Src/stm32f1xx_hal_cortex.o
                0x08000254                HAL_NVIC_SetPriority
 .text.HAL_NVIC_EnableIRQ
                0x080002b8       0x18 Drivers/STM32F1xx_HAL_Driver/Src/stm32f1xx_hal_cortex.o
                0x080002b8                HAL_NVIC_EnableIRQ
 .text.HAL_SYSTICK_Config
                0x080002d0       0x2c Drivers/STM32F1xx_HAL_Driver/Src/stm32f1xx_hal_cortex.o
                0x080002d0                HAL_SYSTICK_Config
 .text.HAL_SYSTICK_CLKSourceConfig
                0x080002fc       0x20 Drivers/STM32F1xx_HAL_Driver/Src/stm32f1xx_hal_cortex.o
                0x080002fc                HAL_SYSTICK_CLKSourceConfig
 .text.HAL_SYSTICK_Callback
                0x0800031c        0x4 Drivers/STM32F1xx_HAL_Driver/Src/stm32f1xx_hal_cortex.o
                0x0800031c                HAL_SYSTICK_Callback
 .text.HAL_SYSTICK_IRQHandler
                0x08000320        0x8 Drivers/STM32F1xx_HAL_Driver/Src/stm32f1xx_hal_cortex.o
                0x08000320                HAL_SYSTICK_IRQHandler
 .text.HAL_GPIO_Init
                0x08000328      0x1d8 Drivers/STM32F1xx_HAL_Driver/Src/stm32f1xx_hal_gpio.o
                0x08000328                HAL_GPIO_Init
 .text.HAL_GPIO_WritePin
                0x08000500        0xc Drivers/STM32F1xx_HAL_Driver/Src/stm32f1xx_hal_gpio.o
                0x08000500                HAL_GPIO_WritePin
 .text.HAL_I2C_Init
                0x0800050c      0x168 Drivers/STM32F1xx_HAL_Driver/Src/stm32f1xx_hal_i2c.o
                0x0800050c                HAL_I2C_Init
 .text.HAL_PCD_Init
                0x08000674       0xdc Drivers/STM32F1xx_HAL_Driver/Src/stm32f1xx_hal_pcd.o
                0x08000674                HAL_PCD_Init
 .text.HAL_PCD_Start
                0x08000750       0x30 Drivers/STM32F1xx_HAL_Driver/Src/stm32f1xx_hal_pcd.o
                0x08000750                HAL_PCD_Start
 .text.HAL_PCD_SetAddress
                0x08000780       0x28 Drivers/STM32F1xx_HAL_Driver/Src/stm32f1xx_hal_pcd.o
                0x08000780                HAL_PCD_SetAddress
 .text.HAL_PCD_EP_Open
                0x080007a8       0x54 Drivers/STM32F1xx_HAL_Driver/Src/stm32f1xx_hal_pcd.o
                0x080007a8                HAL_PCD_EP_Open
 .text.HAL_PCD_EP_Close
                0x080007fc       0x50 Drivers/STM32F1xx_HAL_Driver/Src/stm32f1xx_hal_pcd.o
                0x080007fc                HAL_PCD_EP_Close
 .text.HAL_PCD_EP_Receive
                0x0800084c       0x40 Drivers/STM32F1xx_HAL_Driver/Src/stm32f1xx_hal_pcd.o
                0x0800084c                HAL_PCD_EP_Receive
 .text.HAL_PCD_EP_GetRxCount
                0x0800088c       0x10 Drivers/STM32F1xx_HAL_Driver/Src/stm32f1xx_hal_pcd.o
                0x0800088c                HAL_PCD_EP_GetRxCount
 .text.HAL_PCD_EP_Transmit
                0x0800089c       0x3c Drivers/STM32F1xx_HAL_Driver/Src/stm32f1xx_hal_pcd.o
                0x0800089c                HAL_PCD_EP_Transmit
 .text.PCD_EP_ISR_Handler
                0x080008d8      0x45c Drivers/STM32F1xx_HAL_Driver/Src/stm32f1xx_hal_pcd.o
 .text.HAL_PCD_IRQHandler
                0x08000d34      0x15c Drivers/STM32F1xx_HAL_Driver/Src/stm32f1xx_hal_pcd.o
                0x08000d34                HAL_PCD_IRQHandler
 .text.HAL_PCD_EP_SetStall
                0x08000e90       0x5c Drivers/STM32F1xx_HAL_Driver/Src/stm32f1xx_hal_pcd.o
                0x08000e90                HAL_PCD_EP_SetStall
 .text.HAL_PCD_EP_ClrStall
                0x08000eec       0x50 Drivers/STM32F1xx_HAL_Driver/Src/stm32f1xx_hal_pcd.o
                0x08000eec                HAL_PCD_EP_ClrStall
 .text.HAL_PCDEx_PMAConfig
                0x08000f3c       0x38 Drivers/STM32F1xx_HAL_Driver/Src/stm32f1xx_hal_pcd_ex.o
                0x08000f3c                HAL_PCDEx_PMAConfig
 .text.RCC_Delay
                0x08000f74       0x2c Drivers/STM32F1xx_HAL_Driver/Src/stm32f1xx_hal_rcc.o
 .text.HAL_RCC_OscConfig
                0x08000fa0      0x400 Drivers/STM32F1xx_HAL_Driver/Src/stm32f1xx_hal_rcc.o
                0x08000fa0                HAL_RCC_OscConfig
 .text.HAL_RCC_GetSysClockFreq
                0x080013a0       0x70 Drivers/STM32F1xx_HAL_Driver/Src/stm32f1xx_hal_rcc.o
                0x080013a0                HAL_RCC_GetSysClockFreq
 .text.HAL_RCC_ClockConfig
                0x08001410      0x184 Drivers/STM32F1xx_HAL_Driver/Src/stm32f1xx_hal_rcc.o
                0x08001410                HAL_RCC_ClockConfig
 .text.HAL_RCC_GetHCLKFreq
                0x08001594        0xc Drivers/STM32F1xx_HAL_Driver/Src/stm32f1xx_hal_rcc.o
                0x08001594                HAL_RCC_GetHCLKFreq
 .text.HAL_RCC_GetPCLK1Freq
                0x080015a0       0x20 Drivers/STM32F1xx_HAL_Driver/Src/stm32f1xx_hal_rcc.o
                0x080015a0                HAL_RCC_GetPCLK1Freq
 .text.HAL_RCCEx_PeriphCLKConfig
                0x080015c0      0x114 Drivers/STM32F1xx_HAL_Driver/Src/stm32f1xx_hal_rcc_ex.o
                0x080015c0                HAL_RCCEx_PeriphCLKConfig
 .text.USB_CoreInit
                0x080016d4       0x10 Drivers/STM32F1xx_HAL_Driver/Src/stm32f1xx_ll_usb.o
                0x080016d4                USB_CoreInit
 .text.USB_EnableGlobalInt
                0x080016e4       0x14 Drivers/STM32F1xx_HAL_Driver/Src/stm32f1xx_ll_usb.o
                0x080016e4                USB_EnableGlobalInt
 .text.USB_DisableGlobalInt
                0x080016f8       0x14 Drivers/STM32F1xx_HAL_Driver/Src/stm32f1xx_ll_usb.o
                0x080016f8                USB_DisableGlobalInt
 .text.USB_SetCurrentMode
                0x0800170c        0x4 Drivers/STM32F1xx_HAL_Driver/Src/stm32f1xx_ll_usb.o
                0x0800170c                USB_SetCurrentMode
 .text.USB_DevInit
                0x08001710       0x2c Drivers/STM32F1xx_HAL_Driver/Src/stm32f1xx_ll_usb.o
                0x08001710                USB_DevInit
 .text.USB_ActivateEndpoint
                0x0800173c      0x33c Drivers/STM32F1xx_HAL_Driver/Src/stm32f1xx_ll_usb.o
                0x0800173c                USB_ActivateEndpoint
 .text.USB_DeactivateEndpoint
                0x08001a78      0x1d0 Drivers/STM32F1xx_HAL_Driver/Src/stm32f1xx_ll_usb.o
                0x08001a78                USB_DeactivateEndpoint
 .text.USB_EPSetStall
                0x08001c48       0x70 Drivers/STM32F1xx_HAL_Driver/Src/stm32f1xx_ll_usb.o
                0x08001c48                USB_EPSetStall
 .text.USB_EPClearStall
                0x08001cb8       0x98 Drivers/STM32F1xx_HAL_Driver/Src/stm32f1xx_ll_usb.o
                0x08001cb8                USB_EPClearStall
 .text.USB_SetDevAddress
                0x08001d50        0xc Drivers/STM32F1xx_HAL_Driver/Src/stm32f1xx_ll_usb.o
                0x08001d50                USB_SetDevAddress
 .text.USB_DevConnect
                0x08001d5c        0x4 Drivers/STM32F1xx_HAL_Driver/Src/stm32f1xx_ll_usb.o
                0x08001d5c                USB_DevConnect
 .text.USB_DevDisconnect
                0x08001d60        0x4 Drivers/STM32F1xx_HAL_Driver/Src/stm32f1xx_ll_usb.o
                0x08001d60                USB_DevDisconnect
 .text.USB_ReadInterrupts
                0x08001d64        0x8 Drivers/STM32F1xx_HAL_Driver/Src/stm32f1xx_ll_usb.o
                0x08001d64                USB_ReadInterrupts
 .text.USB_EP0_OutStart
                0x08001d6c        0x4 Drivers/STM32F1xx_HAL_Driver/Src/stm32f1xx_ll_usb.o
                0x08001d6c                USB_EP0_OutStart
 .text.USB_WritePMA
                0x08001d70       0x28 Drivers/STM32F1xx_HAL_Driver/Src/stm32f1xx_ll_usb.o
                0x08001d70                USB_WritePMA
 .text.USB_EPStartXfer
                0x08001d98      0x2e8 Drivers/STM32F1xx_HAL_Driver/Src/stm32f1xx_ll_usb.o
                0x08001d98                USB_EPStartXfer
 .text.USB_ReadPMA
                0x08002080       0x20 Drivers/STM32F1xx_HAL_Driver/Src/stm32f1xx_ll_usb.o
                0x08002080                USB_ReadPMA
 .text.USBD_CDC_DataIn
                0x080020a0       0x14 Middlewares/ST/STM32_USB_Device_Library/Class/CDC/Src/usbd_cdc.o
 .text.USBD_CDC_EP0_RxReady
                0x080020b4       0x28 Middlewares/ST/STM32_USB_Device_Library/Class/CDC/Src/usbd_cdc.o
 .text.USBD_CDC_GetFSCfgDesc
                0x080020dc        0xc Middlewares/ST/STM32_USB_Device_Library/Class/CDC/Src/usbd_cdc.o
 .text.USBD_CDC_GetHSCfgDesc
                0x080020e8        0xc Middlewares/ST/STM32_USB_Device_Library/Class/CDC/Src/usbd_cdc.o
 .text.USBD_CDC_GetOtherSpeedCfgDesc
                0x080020f4        0xc Middlewares/ST/STM32_USB_Device_Library/Class/CDC/Src/usbd_cdc.o
 .text.USBD_CDC_GetDeviceQualifierDescriptor
                0x08002100        0xc Middlewares/ST/STM32_USB_Device_Library/Class/CDC/Src/usbd_cdc.o
                0x08002100                USBD_CDC_GetDeviceQualifierDescriptor
 .text.USBD_CDC_DataOut
                0x0800210c       0x30 Middlewares/ST/STM32_USB_Device_Library/Class/CDC/Src/usbd_cdc.o
 .text.USBD_CDC_Setup
                0x0800213c       0x74 Middlewares/ST/STM32_USB_Device_Library/Class/CDC/Src/usbd_cdc.o
 .text.USBD_CDC_DeInit
                0x080021b0       0x3c Middlewares/ST/STM32_USB_Device_Library/Class/CDC/Src/usbd_cdc.o
 .text.USBD_CDC_Init
                0x080021ec       0x98 Middlewares/ST/STM32_USB_Device_Library/Class/CDC/Src/usbd_cdc.o
 .text.USBD_CDC_RegisterInterface
                0x08002284       0x10 Middlewares/ST/STM32_USB_Device_Library/Class/CDC/Src/usbd_cdc.o
                0x08002284                USBD_CDC_RegisterInterface
 .text.USBD_CDC_SetTxBuffer
                0x08002294       0x10 Middlewares/ST/STM32_USB_Device_Library/Class/CDC/Src/usbd_cdc.o
                0x08002294                USBD_CDC_SetTxBuffer
 .text.USBD_CDC_SetRxBuffer
                0x080022a4        0xc Middlewares/ST/STM32_USB_Device_Library/Class/CDC/Src/usbd_cdc.o
                0x080022a4                USBD_CDC_SetRxBuffer
 .text.USBD_CDC_TransmitPacket
                0x080022b0       0x30 Middlewares/ST/STM32_USB_Device_Library/Class/CDC/Src/usbd_cdc.o
                0x080022b0                USBD_CDC_TransmitPacket
 .text.USBD_CDC_ReceivePacket
                0x080022e0       0x34 Middlewares/ST/STM32_USB_Device_Library/Class/CDC/Src/usbd_cdc.o
                0x080022e0                USBD_CDC_ReceivePacket
 .text.USBD_Init
                0x08002314       0x30 Middlewares/ST/STM32_USB_Device_Library/Core/Src/usbd_core.o
                0x08002314                USBD_Init
 .text.USBD_RegisterClass
                0x08002344       0x10 Middlewares/ST/STM32_USB_Device_Library/Core/Src/usbd_core.o
                0x08002344                USBD_RegisterClass
 .text.USBD_Start
                0x08002354        0xc Middlewares/ST/STM32_USB_Device_Library/Core/Src/usbd_core.o
                0x08002354                USBD_Start
 .text.USBD_SetClassConfig
                0x08002360       0x1c Middlewares/ST/STM32_USB_Device_Library/Core/Src/usbd_core.o
                0x08002360                USBD_SetClassConfig
 .text.USBD_ClrClassConfig
                0x0800237c       0x10 Middlewares/ST/STM32_USB_Device_Library/Core/Src/usbd_core.o
                0x0800237c                USBD_ClrClassConfig
 .text.USBD_LL_SetupStage
                0x0800238c       0x5c Middlewares/ST/STM32_USB_Device_Library/Core/Src/usbd_core.o
                0x0800238c                USBD_LL_SetupStage
 .text.USBD_LL_DataOutStage
                0x080023e8       0x68 Middlewares/ST/STM32_USB_Device_Library/Core/Src/usbd_core.o
                0x080023e8                USBD_LL_DataOutStage
 .text.USBD_LL_DataInStage
                0x08002450       0xac Middlewares/ST/STM32_USB_Device_Library/Core/Src/usbd_core.o
                0x08002450                USBD_LL_DataInStage
 .text.USBD_LL_Reset
                0x080024fc       0x40 Middlewares/ST/STM32_USB_Device_Library/Core/Src/usbd_core.o
                0x080024fc                USBD_LL_Reset
 .text.USBD_LL_SetSpeed
                0x0800253c        0x8 Middlewares/ST/STM32_USB_Device_Library/Core/Src/usbd_core.o
                0x0800253c                USBD_LL_SetSpeed
 .text.USBD_LL_Suspend
                0x08002544       0x14 Middlewares/ST/STM32_USB_Device_Library/Core/Src/usbd_core.o
                0x08002544                USBD_LL_Suspend
 .text.USBD_LL_Resume
                0x08002558        0xc Middlewares/ST/STM32_USB_Device_Library/Core/Src/usbd_core.o
                0x08002558                USBD_LL_Resume
 .text.USBD_LL_SOF
                0x08002564       0x18 Middlewares/ST/STM32_USB_Device_Library/Core/Src/usbd_core.o
                0x08002564                USBD_LL_SOF
 .text.USBD_GetLen
                0x0800257c       0x14 Middlewares/ST/STM32_USB_Device_Library/Core/Src/usbd_ctlreq.o
 .text.USBD_SetFeature
                0x08002590       0x20 Middlewares/ST/STM32_USB_Device_Library/Core/Src/usbd_ctlreq.o
 .text.USBD_ParseSetupRequest
                0x080025b0       0x28 Middlewares/ST/STM32_USB_Device_Library/Core/Src/usbd_ctlreq.o
                0x080025b0                USBD_ParseSetupRequest
 .text.USBD_CtlError
                0x080025d8       0x14 Middlewares/ST/STM32_USB_Device_Library/Core/Src/usbd_ctlreq.o
                0x080025d8                USBD_CtlError
 .text.USBD_GetDescriptor
                0x080025ec      0x130 Middlewares/ST/STM32_USB_Device_Library/Core/Src/usbd_ctlreq.o
 .text.USBD_SetAddress
                0x0800271c       0x4c Middlewares/ST/STM32_USB_Device_Library/Core/Src/usbd_ctlreq.o
 .text.USBD_SetConfig
                0x08002768       0xa8 Middlewares/ST/STM32_USB_Device_Library/Core/Src/usbd_ctlreq.o
 .text.USBD_GetConfig
                0x08002810       0x3c Middlewares/ST/STM32_USB_Device_Library/Core/Src/usbd_ctlreq.o
 .text.USBD_GetStatus
                0x0800284c       0x2c Middlewares/ST/STM32_USB_Device_Library/Core/Src/usbd_ctlreq.o
 .text.USBD_ClrFeature
                0x08002878       0x30 Middlewares/ST/STM32_USB_Device_Library/Core/Src/usbd_ctlreq.o
 .text.USBD_StdDevReq
                0x080028a8       0x48 Middlewares/ST/STM32_USB_Device_Library/Core/Src/usbd_ctlreq.o
                0x080028a8                USBD_StdDevReq
 .text.USBD_StdItfReq
                0x080028f0       0x38 Middlewares/ST/STM32_USB_Device_Library/Core/Src/usbd_ctlreq.o
                0x080028f0                USBD_StdItfReq
 .text.USBD_StdEPReq
                0x08002928      0x11c Middlewares/ST/STM32_USB_Device_Library/Core/Src/usbd_ctlreq.o
                0x08002928                USBD_StdEPReq
 .text.USBD_GetString
                0x08002a44       0x3c Middlewares/ST/STM32_USB_Device_Library/Core/Src/usbd_ctlreq.o
                0x08002a44                USBD_GetString
 .text.USBD_CtlSendData
                0x08002a80       0x1c Middlewares/ST/STM32_USB_Device_Library/Core/Src/usbd_ioreq.o
                0x08002a80                USBD_CtlSendData
 .text.USBD_CtlContinueSendData
                0x08002a9c       0x10 Middlewares/ST/STM32_USB_Device_Library/Core/Src/usbd_ioreq.o
                0x08002a9c                USBD_CtlContinueSendData
 .text.USBD_CtlPrepareRx
                0x08002aac       0x20 Middlewares/ST/STM32_USB_Device_Library/Core/Src/usbd_ioreq.o
                0x08002aac                USBD_CtlPrepareRx
 .text.USBD_CtlContinueRx
                0x08002acc       0x10 Middlewares/ST/STM32_USB_Device_Library/Core/Src/usbd_ioreq.o
                0x08002acc                USBD_CtlContinueRx
 .text.USBD_CtlSendStatus
                0x08002adc       0x18 Middlewares/ST/STM32_USB_Device_Library/Core/Src/usbd_ioreq.o
                0x08002adc                USBD_CtlSendStatus
 .text.USBD_CtlReceiveStatus
                0x08002af4       0x18 Middlewares/ST/STM32_USB_Device_Library/Core/Src/usbd_ioreq.o
                0x08002af4                USBD_CtlReceiveStatus
 .text.setup    0x08002b0c        0x4 Src/CDC_MPU6050.o
                0x08002b0c                setup
 .text.blinkLED
                0x08002b10       0x34 Src/CDC_MPU6050.o
                0x08002b10                blinkLED
 .text.loop     0x08002b44       0x84 Src/CDC_MPU6050.o
                0x08002b44                loop
 .text.USB_write
                0x08002bc8       0x50 Src/USB_tools.o
                0x08002bc8                USB_write
 .text.USB_printStr
                0x08002c18       0x14 Src/USB_tools.o
                0x08002c18                USB_printStr
 .text.USB_printlnStr
                0x08002c2c       0x24 Src/USB_tools.o
                0x08002c2c                USB_printlnStr
 .text.MX_GPIO_Init
                0x08002c50       0xbc Src/main.o
 .text._Error_Handler
                0x08002d0c      0x104 Src/main.o
                0x08002d0c                _Error_Handler
 .text.MX_I2C2_Init
                0x08002e10       0x40 Src/main.o
 .text.SystemClock_Config
                0x08002e50       0x9c Src/main.o
                0x08002e50                SystemClock_Config
 .text.main     0x08002eec       0x20 Src/main.o
                0x08002eec                main
 .text.HAL_MspInit
                0x08002f0c       0xa0 Src/stm32f1xx_hal_msp.o
                0x08002f0c                HAL_MspInit
 .text.HAL_I2C_MspInit
                0x08002fac       0x4c Src/stm32f1xx_hal_msp.o
                0x08002fac                HAL_I2C_MspInit
 .text.NMI_Handler
                0x08002ff8        0x4 Src/stm32f1xx_it.o
                0x08002ff8                NMI_Handler
 .text.HardFault_Handler
                0x08002ffc        0x4 Src/stm32f1xx_it.o
                0x08002ffc                HardFault_Handler
 .text.MemManage_Handler
                0x08003000        0x4 Src/stm32f1xx_it.o
                0x08003000                MemManage_Handler
 .text.BusFault_Handler
                0x08003004        0x4 Src/stm32f1xx_it.o
                0x08003004                BusFault_Handler
 .text.UsageFault_Handler
                0x08003008        0x4 Src/stm32f1xx_it.o
                0x08003008                UsageFault_Handler
 .text.SVC_Handler
                0x0800300c        0x4 Src/stm32f1xx_it.o
                0x0800300c                SVC_Handler
 .text.DebugMon_Handler
                0x08003010        0x4 Src/stm32f1xx_it.o
                0x08003010                DebugMon_Handler
 .text.PendSV_Handler
                0x08003014        0x4 Src/stm32f1xx_it.o
                0x08003014                PendSV_Handler
 .text.SysTick_Handler
                0x08003018        0xc Src/stm32f1xx_it.o
                0x08003018                SysTick_Handler
 .text.USB_LP_CAN1_RX0_IRQHandler
                0x08003024       0x10 Src/stm32f1xx_it.o
                0x08003024                USB_LP_CAN1_RX0_IRQHandler
 .text.SystemInit
                0x08003034       0x4c Src/system_stm32f1xx.o
                0x08003034                SystemInit
 .text.MX_USB_DEVICE_Init
                0x08003080       0x38 Src/usb_device.o
                0x08003080                MX_USB_DEVICE_Init
 .text.CDC_DeInit_FS
                0x080030b8        0x4 Src/usbd_cdc_if.o
 .text.CDC_Control_FS
                0x080030bc        0x4 Src/usbd_cdc_if.o
 .text.CDC_Init_FS
                0x080030c0       0x2c Src/usbd_cdc_if.o
 .text.writeCharToBuffer
                0x080030ec       0x50 Src/usbd_cdc_if.o
                0x080030ec                writeCharToBuffer
 .text.CDC_Receive_FS
                0x0800313c       0x28 Src/usbd_cdc_if.o
 .text.readCharFromBuffer
                0x08003164       0x58 Src/usbd_cdc_if.o
                0x08003164                readCharFromBuffer
 .text.CDC_Transmit_FS
                0x080031bc       0x2c Src/usbd_cdc_if.o
                0x080031bc                CDC_Transmit_FS
 .text.HAL_PCD_MspInit
                0x080031e8       0x40 Src/usbd_conf.o
                0x080031e8                HAL_PCD_MspInit
 .text.HAL_PCD_SetupStageCallback
                0x08003228       0x10 Src/usbd_conf.o
                0x08003228                HAL_PCD_SetupStageCallback
 .text.HAL_PCD_DataOutStageCallback
                0x08003238       0x14 Src/usbd_conf.o
                0x08003238                HAL_PCD_DataOutStageCallback
 .text.HAL_PCD_DataInStageCallback
                0x0800324c       0x14 Src/usbd_conf.o
                0x0800324c                HAL_PCD_DataInStageCallback
 .text.HAL_PCD_SOFCallback
                0x08003260        0xc Src/usbd_conf.o
                0x08003260                HAL_PCD_SOFCallback
 .text.HAL_PCD_ResetCallback
                0x0800326c       0x18 Src/usbd_conf.o
                0x0800326c                HAL_PCD_ResetCallback
 .text.HAL_PCD_SuspendCallback
                0x08003284       0x20 Src/usbd_conf.o
                0x08003284                HAL_PCD_SuspendCallback
 .text.HAL_PCD_ResumeCallback
                0x080032a4        0xc Src/usbd_conf.o
                0x080032a4                HAL_PCD_ResumeCallback
 .text.USBD_LL_Init
                0x080032b0       0x90 Src/usbd_conf.o
                0x080032b0                USBD_LL_Init
 .text.USBD_LL_Start
                0x08003340       0x20 Src/usbd_conf.o
                0x08003340                USBD_LL_Start
 .text.USBD_LL_OpenEP
                0x08003360       0x24 Src/usbd_conf.o
                0x08003360                USBD_LL_OpenEP
 .text.USBD_LL_CloseEP
                0x08003384       0x20 Src/usbd_conf.o
                0x08003384                USBD_LL_CloseEP
 .text.USBD_LL_StallEP
                0x080033a4       0x20 Src/usbd_conf.o
                0x080033a4                USBD_LL_StallEP
 .text.USBD_LL_ClearStallEP
                0x080033c4       0x20 Src/usbd_conf.o
                0x080033c4                USBD_LL_ClearStallEP
 .text.USBD_LL_IsStallEP
                0x080033e4       0x28 Src/usbd_conf.o
                0x080033e4                USBD_LL_IsStallEP
 .text.USBD_LL_SetUSBAddress
                0x0800340c       0x20 Src/usbd_conf.o
                0x0800340c                USBD_LL_SetUSBAddress
 .text.USBD_LL_Transmit
                0x0800342c       0x20 Src/usbd_conf.o
                0x0800342c                USBD_LL_Transmit
 .text.USBD_LL_PrepareReceive
                0x0800344c       0x20 Src/usbd_conf.o
                0x0800344c                USBD_LL_PrepareReceive
 .text.USBD_LL_GetRxDataSize
                0x0800346c        0xc Src/usbd_conf.o
                0x0800346c                USBD_LL_GetRxDataSize
 .text.USBD_static_malloc
                0x08003478        0x8 Src/usbd_conf.o
                0x08003478                USBD_static_malloc
 .text.USBD_static_free
                0x08003480        0x4 Src/usbd_conf.o
                0x08003480                USBD_static_free
 .text.HAL_PCDEx_SetConnectionState
                0x08003484        0x4 Src/usbd_conf.o
                0x08003484                HAL_PCDEx_SetConnectionState
 .text.USBD_FS_DeviceDescriptor
                0x08003488        0xc Src/usbd_desc.o
                0x08003488                USBD_FS_DeviceDescriptor
 .text.USBD_FS_LangIDStrDescriptor
                0x08003494        0xc Src/usbd_desc.o
                0x08003494                USBD_FS_LangIDStrDescriptor
 .text.USBD_FS_ProductStrDescriptor
                0x080034a0       0x24 Src/usbd_desc.o
                0x080034a0                USBD_FS_ProductStrDescriptor
 .text.USBD_FS_ManufacturerStrDescriptor
                0x080034c4       0x1c Src/usbd_desc.o
                0x080034c4                USBD_FS_ManufacturerStrDescriptor
 .text.USBD_FS_SerialStrDescriptor
                0x080034e0       0x24 Src/usbd_desc.o
                0x080034e0                USBD_FS_SerialStrDescriptor
 .text.USBD_FS_ConfigStrDescriptor
                0x08003504       0x24 Src/usbd_desc.o
                0x08003504                USBD_FS_ConfigStrDescriptor
 .text.USBD_FS_InterfaceStrDescriptor
                0x08003528       0x24 Src/usbd_desc.o
                0x08003528                USBD_FS_InterfaceStrDescriptor
 .text.Reset_Handler
                0x0800354c       0x48 startup/startup_stm32f103xb.o
                0x0800354c                Reset_Handler
 .text.Default_Handler
                0x08003594        0x2 startup/startup_stm32f103xb.o
                0x08003594                RTC_Alarm_IRQHandler
                0x08003594                EXTI2_IRQHandler
                0x08003594                TIM1_CC_IRQHandler
                0x08003594                PVD_IRQHandler
                0x08003594                EXTI3_IRQHandler
                0x08003594                EXTI0_IRQHandler
                0x08003594                I2C2_EV_IRQHandler
                0x08003594                ADC1_2_IRQHandler
                0x08003594                SPI1_IRQHandler
                0x08003594                TAMPER_IRQHandler
                0x08003594                DMA1_Channel4_IRQHandler
                0x08003594                USART3_IRQHandler
                0x08003594                RTC_IRQHandler
                0x08003594                DMA1_Channel7_IRQHandler
                0x08003594                CAN1_RX1_IRQHandler
                0x08003594                TIM4_IRQHandler
                0x08003594                I2C1_EV_IRQHandler
                0x08003594                DMA1_Channel6_IRQHandler
                0x08003594                TIM3_IRQHandler
                0x08003594                RCC_IRQHandler
                0x08003594                TIM1_TRG_COM_IRQHandler
                0x08003594                DMA1_Channel1_IRQHandler
                0x08003594                Default_Handler
                0x08003594                EXTI15_10_IRQHandler
                0x08003594                EXTI9_5_IRQHandler
                0x08003594                SPI2_IRQHandler
                0x08003594                DMA1_Channel5_IRQHandler
                0x08003594                EXTI4_IRQHandler
                0x08003594                USB_HP_CAN1_TX_IRQHandler
                0x08003594                DMA1_Channel3_IRQHandler
                0x08003594                TIM1_UP_IRQHandler
                0x08003594                WWDG_IRQHandler
                0x08003594                TIM2_IRQHandler
                0x08003594                TIM1_BRK_IRQHandler
                0x08003594                EXTI1_IRQHandler
                0x08003594                USART2_IRQHandler
                0x08003594                I2C2_ER_IRQHandler
                0x08003594                DMA1_Channel2_IRQHandler
                0x08003594                CAN1_SCE_IRQHandler
                0x08003594                FLASH_IRQHandler
                0x08003594                USART1_IRQHandler
                0x08003594                I2C1_ER_IRQHandler
                0x08003594                USBWakeUp_IRQHandler
 *fill*         0x08003596        0x2 
 .text.__libc_init_array
                0x08003598       0x4c c:/ac6/systemworkbench/plugins/fr.ac6.mcu.externaltools.arm-none.win32_1.13.3.201707031232/tools/compiler/bin/../lib/gcc/arm-none-eabi/5.4.1/../../../../arm-none-eabi/lib/armv7-m\libc_nano.a(lib_a-init.o)
                0x08003598                __libc_init_array
 *(.glue_7)
 .glue_7        0x080035e4        0x0 linker stubs
 *(.glue_7t)
 .glue_7t       0x080035e4        0x0 linker stubs
 *(.eh_frame)
 .eh_frame      0x080035e4        0x0 c:/ac6/systemworkbench/plugins/fr.ac6.mcu.externaltools.arm-none.win32_1.13.3.201707031232/tools/compiler/bin/../lib/gcc/arm-none-eabi/5.4.1/armv7-m/crtbegin.o
 *(.init)
 .init          0x080035e4        0x4 c:/ac6/systemworkbench/plugins/fr.ac6.mcu.externaltools.arm-none.win32_1.13.3.201707031232/tools/compiler/bin/../lib/gcc/arm-none-eabi/5.4.1/armv7-m/crti.o
                0x080035e4                _init
 .init          0x080035e8        0x8 c:/ac6/systemworkbench/plugins/fr.ac6.mcu.externaltools.arm-none.win32_1.13.3.201707031232/tools/compiler/bin/../lib/gcc/arm-none-eabi/5.4.1/armv7-m/crtn.o
 *(.fini)
 .fini          0x080035f0        0x4 c:/ac6/systemworkbench/plugins/fr.ac6.mcu.externaltools.arm-none.win32_1.13.3.201707031232/tools/compiler/bin/../lib/gcc/arm-none-eabi/5.4.1/armv7-m/crti.o
                0x080035f0                _fini
 .fini          0x080035f4        0x8 c:/ac6/systemworkbench/plugins/fr.ac6.mcu.externaltools.arm-none.win32_1.13.3.201707031232/tools/compiler/bin/../lib/gcc/arm-none-eabi/5.4.1/armv7-m/crtn.o
                0x080035fc                . = ALIGN (0x4)
                0x080035fc                _etext = .

.vfp11_veneer   0x080035fc        0x0
 .vfp11_veneer  0x080035fc        0x0 linker stubs

.v4_bx          0x080035fc        0x0
 .v4_bx         0x080035fc        0x0 linker stubs

.iplt           0x080035fc        0x0
 .iplt          0x080035fc        0x0 c:/ac6/systemworkbench/plugins/fr.ac6.mcu.externaltools.arm-none.win32_1.13.3.201707031232/tools/compiler/bin/../lib/gcc/arm-none-eabi/5.4.1/armv7-m/crtbegin.o

.rodata         0x080035fc      0x108
                0x080035fc                . = ALIGN (0x4)
 *(.rodata)
 .rodata        0x080035fc       0x12 Drivers/STM32F1xx_HAL_Driver/Src/stm32f1xx_hal_rcc.o
 *fill*         0x0800360e        0x2 
 .rodata        0x08003610       0x18 Src/system_stm32f1xx.o
                0x08003610                AHBPrescTable
                0x08003620                APBPrescTable
 *(.rodata*)
 .rodata.str1.4
                0x08003628       0x5c Src/CDC_MPU6050.o
 .rodata.str1.4
                0x08003684        0x3 Src/USB_tools.o
 *fill*         0x08003687        0x1 
 .rodata.str1.4
                0x08003688        0xe Src/main.o
 *fill*         0x08003696        0x2 
 .rodata.str1.4
                0x08003698       0x13 Src/usbd_conf.o
 *fill*         0x080036ab        0x1 
 .rodata.str1.4
                0x080036ac       0x58 Src/usbd_desc.o
                                 0x56 (size before relaxing)
                0x08003704                . = ALIGN (0x4)

.rel.dyn        0x08003704        0x0
 .rel.iplt      0x08003704        0x0 c:/ac6/systemworkbench/plugins/fr.ac6.mcu.externaltools.arm-none.win32_1.13.3.201707031232/tools/compiler/bin/../lib/gcc/arm-none-eabi/5.4.1/armv7-m/crtbegin.o

.ARM.extab
 *(.ARM.extab* .gnu.linkonce.armextab.*)

.ARM            0x08003704        0x0
                0x08003704                __exidx_start = .
 *(.ARM.exidx*)
                0x08003704                __exidx_end = .

.preinit_array  0x08003704        0x0
                0x08003704                PROVIDE (__preinit_array_start, .)
 *(.preinit_array*)
                0x08003704                PROVIDE (__preinit_array_end, .)

.init_array     0x08003704        0x4
                0x08003704                PROVIDE (__init_array_start, .)
 *(SORT(.init_array.*))
 *(.init_array*)
 .init_array    0x08003704        0x4 c:/ac6/systemworkbench/plugins/fr.ac6.mcu.externaltools.arm-none.win32_1.13.3.201707031232/tools/compiler/bin/../lib/gcc/arm-none-eabi/5.4.1/armv7-m/crtbegin.o
                0x08003708                PROVIDE (__init_array_end, .)

.fini_array     0x08003708        0x4
                [!provide]                PROVIDE (__fini_array_start, .)
 *(SORT(.fini_array.*))
 *(.fini_array*)
 .fini_array    0x08003708        0x4 c:/ac6/systemworkbench/plugins/fr.ac6.mcu.externaltools.arm-none.win32_1.13.3.201707031232/tools/compiler/bin/../lib/gcc/arm-none-eabi/5.4.1/armv7-m/crtbegin.o
                [!provide]                PROVIDE (__fini_array_end, .)
                0x0800370c                _sidata = LOADADDR (.data)

.data           0x20000000      0x164 load address 0x0800370c
                0x20000000                . = ALIGN (0x4)
                0x20000000                _sdata = .
 *(.data)
 .data          0x20000000        0x8 Drivers/STM32F1xx_HAL_Driver/Src/stm32f1xx_hal.o
                0x20000000                uwTickFreq
                0x20000004                uwTickPrio
 .data          0x20000008      0x110 Middlewares/ST/STM32_USB_Device_Library/Class/CDC/Src/usbd_cdc.o
                0x20000008                USBD_CDC_CfgFSDesc
                0x2000004c                USBD_CDC_CfgHSDesc
                0x20000090                USBD_CDC_OtherSpeedCfgDesc
                0x200000e0                USBD_CDC
 .data          0x20000118        0x4 Src/USB_tools.o
                0x20000118                MaxBusyTime
 .data          0x2000011c        0x4 Src/system_stm32f1xx.o
                0x2000011c                SystemCoreClock
 .data          0x20000120       0x10 Src/usbd_cdc_if.o
                0x20000120                USBD_Interface_fops_FS
 .data          0x20000130       0x34 Src/usbd_desc.o
                0x20000130                USBD_FS_DeviceDesc
                0x20000144                USBD_LangIDDesc
                0x20000148                FS_Desc
 *(.data*)
                0x20000164                . = ALIGN (0x4)
                0x20000164                _edata = .

.jcr            0x20000164        0x0 load address 0x08003870
 .jcr           0x20000164        0x0 c:/ac6/systemworkbench/plugins/fr.ac6.mcu.externaltools.arm-none.win32_1.13.3.201707031232/tools/compiler/bin/../lib/gcc/arm-none-eabi/5.4.1/armv7-m/crtbegin.o

.igot.plt       0x20000164        0x0 load address 0x08003870
 .igot.plt      0x20000164        0x0 c:/ac6/systemworkbench/plugins/fr.ac6.mcu.externaltools.arm-none.win32_1.13.3.201707031232/tools/compiler/bin/../lib/gcc/arm-none-eabi/5.4.1/armv7-m/crtbegin.o
                0x20000164                . = ALIGN (0x4)

.bss            0x20000164      0xbc8 load address 0x08003870
                0x20000164                _sbss = .
                0x20000164                __bss_start__ = _sbss
 *(.bss)
 .bss           0x20000164       0x1c c:/ac6/systemworkbench/plugins/fr.ac6.mcu.externaltools.arm-none.win32_1.13.3.201707031232/tools/compiler/bin/../lib/gcc/arm-none-eabi/5.4.1/armv7-m/crtbegin.o
 .bss           0x20000180        0x1 Middlewares/ST/STM32_USB_Device_Library/Class/CDC/Src/usbd_cdc.o
 .bss           0x20000181        0x1 Middlewares/ST/STM32_USB_Device_Library/Core/Src/usbd_ctlreq.o
 *fill*         0x20000182        0x2 
 .bss           0x20000184        0x9 Src/usbd_cdc_if.o
                0x20000184                begin
                0x20000188                end
                0x2000018c                bufferState
 *fill*         0x2000018d        0x3 
 .bss           0x20000190      0x220 Src/usbd_conf.o
 *(.bss*)
 *(COMMON)
 COMMON         0x200003b0        0x4 Drivers/STM32F1xx_HAL_Driver/Src/stm32f1xx_hal.o
                0x200003b0                uwTick
 COMMON         0x200003b4       0x54 Src/main.o
                0x200003b4                hi2c2
 COMMON         0x20000408      0x224 Src/usb_device.o
                0x20000408                hUsbDeviceFS
 COMMON         0x2000062c       0xa0 Src/usbd_cdc_if.o
                0x2000062c                UserRxBufferFS
                0x2000066c                UserTxBufferFS
                0x200006ac                buffer
 COMMON         0x200006cc      0x460 Src/usbd_conf.o
                0x200006cc                hpcd_USB_FS
 COMMON         0x20000b2c      0x200 Src/usbd_desc.o
                0x20000b2c                USBD_StrDesc
                0x20000d2c                . = ALIGN (0x4)
                0x20000d2c                _ebss = .
                0x20000d2c                __bss_end__ = _ebss

._user_heap_stack
                0x20000d2c      0x604 load address 0x08003870
                0x20000d30                . = ALIGN (0x8)
 *fill*         0x20000d2c        0x4 
                [!provide]                PROVIDE (end, .)
                [!provide]                PROVIDE (_end, .)
                0x20000f30                . = (. + _Min_Heap_Size)
 *fill*         0x20000d30      0x200 
                0x20001330                . = (. + _Min_Stack_Size)
 *fill*         0x20000f30      0x400 
                0x20001330                . = ALIGN (0x8)

/DISCARD/
 libc.a(*)
 libm.a(*)
 libgcc.a(*)

.ARM.attributes
                0x00000000       0x29
 *(.ARM.attributes)
 .ARM.attributes
                0x00000000       0x1d c:/ac6/systemworkbench/plugins/fr.ac6.mcu.externaltools.arm-none.win32_1.13.3.201707031232/tools/compiler/bin/../lib/gcc/arm-none-eabi/5.4.1/armv7-m/crti.o
 .ARM.attributes
                0x0000001d       0x2d c:/ac6/systemworkbench/plugins/fr.ac6.mcu.externaltools.arm-none.win32_1.13.3.201707031232/tools/compiler/bin/../lib/gcc/arm-none-eabi/5.4.1/armv7-m/crtbegin.o
 .ARM.attributes
                0x0000004a       0x33 Drivers/STM32F1xx_HAL_Driver/Src/stm32f1xx_hal.o
 .ARM.attributes
                0x0000007d       0x33 Drivers/STM32F1xx_HAL_Driver/Src/stm32f1xx_hal_cortex.o
 .ARM.attributes
                0x000000b0       0x33 Drivers/STM32F1xx_HAL_Driver/Src/stm32f1xx_hal_gpio.o
 .ARM.attributes
                0x000000e3       0x33 Drivers/STM32F1xx_HAL_Driver/Src/stm32f1xx_hal_i2c.o
 .ARM.attributes
                0x00000116       0x33 Drivers/STM32F1xx_HAL_Driver/Src/stm32f1xx_hal_pcd.o
 .ARM.attributes
                0x00000149       0x33 Drivers/STM32F1xx_HAL_Driver/Src/stm32f1xx_hal_pcd_ex.o
 .ARM.attributes
                0x0000017c       0x33 Drivers/STM32F1xx_HAL_Driver/Src/stm32f1xx_hal_rcc.o
 .ARM.attributes
                0x000001af       0x33 Drivers/STM32F1xx_HAL_Driver/Src/stm32f1xx_hal_rcc_ex.o
 .ARM.attributes
                0x000001e2       0x33 Drivers/STM32F1xx_HAL_Driver/Src/stm32f1xx_ll_usb.o
 .ARM.attributes
                0x00000215       0x33 Middlewares/ST/STM32_USB_Device_Library/Class/CDC/Src/usbd_cdc.o
 .ARM.attributes
                0x00000248       0x33 Middlewares/ST/STM32_USB_Device_Library/Core/Src/usbd_core.o
 .ARM.attributes
                0x0000027b       0x33 Middlewares/ST/STM32_USB_Device_Library/Core/Src/usbd_ctlreq.o
 .ARM.attributes
                0x000002ae       0x33 Middlewares/ST/STM32_USB_Device_Library/Core/Src/usbd_ioreq.o
 .ARM.attributes
                0x000002e1       0x33 Src/CDC_MPU6050.o
 .ARM.attributes
                0x00000314       0x33 Src/USB_tools.o
 .ARM.attributes
                0x00000347       0x33 Src/main.o
 .ARM.attributes
                0x0000037a       0x33 Src/stm32f1xx_hal_msp.o
 .ARM.attributes
                0x000003ad       0x33 Src/stm32f1xx_it.o
 .ARM.attributes
                0x000003e0       0x33 Src/system_stm32f1xx.o
 .ARM.attributes
                0x00000413       0x33 Src/usb_device.o
 .ARM.attributes
                0x00000446       0x33 Src/usbd_cdc_if.o
 .ARM.attributes
                0x00000479       0x33 Src/usbd_conf.o
 .ARM.attributes
                0x000004ac       0x33 Src/usbd_desc.o
 .ARM.attributes
                0x000004df       0x21 startup/startup_stm32f103xb.o
 .ARM.attributes
                0x00000500       0x2d c:/ac6/systemworkbench/plugins/fr.ac6.mcu.externaltools.arm-none.win32_1.13.3.201707031232/tools/compiler/bin/../lib/gcc/arm-none-eabi/5.4.1/../../../../arm-none-eabi/lib/armv7-m\libc_nano.a(lib_a-init.o)
 .ARM.attributes
                0x0000052d       0x17 c:/ac6/systemworkbench/plugins/fr.ac6.mcu.externaltools.arm-none.win32_1.13.3.201707031232/tools/compiler/bin/../lib/gcc/arm-none-eabi/5.4.1/../../../../arm-none-eabi/lib/armv7-m\libc_nano.a(lib_a-strlen.o)
 .ARM.attributes
                0x00000544       0x1d c:/ac6/systemworkbench/plugins/fr.ac6.mcu.externaltools.arm-none.win32_1.13.3.201707031232/tools/compiler/bin/../lib/gcc/arm-none-eabi/5.4.1/armv7-m/crtn.o
OUTPUT(F103-CDC_MPU6050.elf elf32-littlearm)

.debug_info     0x00000000    0x1044d
 .debug_info    0x00000000      0x734 Drivers/STM32F1xx_HAL_Driver/Src/stm32f1xx_hal.o
 .debug_info    0x00000734      0xc2e Drivers/STM32F1xx_HAL_Driver/Src/stm32f1xx_hal_cortex.o
 .debug_info    0x00001362      0x608 Drivers/STM32F1xx_HAL_Driver/Src/stm32f1xx_hal_gpio.o
 .debug_info    0x0000196a     0x2f48 Drivers/STM32F1xx_HAL_Driver/Src/stm32f1xx_hal_i2c.o
 .debug_info    0x000048b2     0x1177 Drivers/STM32F1xx_HAL_Driver/Src/stm32f1xx_hal_pcd.o
 .debug_info    0x00005a29      0x5a8 Drivers/STM32F1xx_HAL_Driver/Src/stm32f1xx_hal_pcd_ex.o
 .debug_info    0x00005fd1      0x9dd Drivers/STM32F1xx_HAL_Driver/Src/stm32f1xx_hal_rcc.o
 .debug_info    0x000069ae      0x41a Drivers/STM32F1xx_HAL_Driver/Src/stm32f1xx_hal_rcc_ex.o
 .debug_info    0x00006dc8      0xefd Drivers/STM32F1xx_HAL_Driver/Src/stm32f1xx_ll_usb.o
 .debug_info    0x00007cc5      0xd07 Middlewares/ST/STM32_USB_Device_Library/Class/CDC/Src/usbd_cdc.o
 .debug_info    0x000089cc      0xc42 Middlewares/ST/STM32_USB_Device_Library/Core/Src/usbd_core.o
 .debug_info    0x0000960e      0xdfb Middlewares/ST/STM32_USB_Device_Library/Core/Src/usbd_ctlreq.o
 .debug_info    0x0000a409      0x765 Middlewares/ST/STM32_USB_Device_Library/Core/Src/usbd_ioreq.o
 .debug_info    0x0000ab6e      0x52c Src/CDC_MPU6050.o
 .debug_info    0x0000b09a      0x433 Src/USB_tools.o
 .debug_info    0x0000b4cd      0xec1 Src/main.o
 .debug_info    0x0000c38e      0xaa1 Src/stm32f1xx_hal_msp.o
 .debug_info    0x0000ce2f      0x5d6 Src/stm32f1xx_it.o
 .debug_info    0x0000d405      0x3eb Src/system_stm32f1xx.o
 .debug_info    0x0000d7f0      0x616 Src/usb_device.o
 .debug_info    0x0000de06      0x8fd Src/usbd_cdc_if.o
 .debug_info    0x0000e703     0x17f7 Src/usbd_conf.o
 .debug_info    0x0000fefa      0x4cf Src/usbd_desc.o
 .debug_info    0x000103c9       0x84 startup/startup_stm32f103xb.o

.debug_abbrev   0x00000000     0x2cb1
 .debug_abbrev  0x00000000      0x1f5 Drivers/STM32F1xx_HAL_Driver/Src/stm32f1xx_hal.o
 .debug_abbrev  0x000001f5      0x2d9 Drivers/STM32F1xx_HAL_Driver/Src/stm32f1xx_hal_cortex.o
 .debug_abbrev  0x000004ce      0x1cd Drivers/STM32F1xx_HAL_Driver/Src/stm32f1xx_hal_gpio.o
 .debug_abbrev  0x0000069b      0x244 Drivers/STM32F1xx_HAL_Driver/Src/stm32f1xx_hal_i2c.o
 .debug_abbrev  0x000008df      0x28c Drivers/STM32F1xx_HAL_Driver/Src/stm32f1xx_hal_pcd.o
 .debug_abbrev  0x00000b6b      0x16e Drivers/STM32F1xx_HAL_Driver/Src/stm32f1xx_hal_pcd_ex.o
 .debug_abbrev  0x00000cd9      0x273 Drivers/STM32F1xx_HAL_Driver/Src/stm32f1xx_hal_rcc.o
 .debug_abbrev  0x00000f4c      0x1b6 Drivers/STM32F1xx_HAL_Driver/Src/stm32f1xx_hal_rcc_ex.o
 .debug_abbrev  0x00001102      0x1c6 Drivers/STM32F1xx_HAL_Driver/Src/stm32f1xx_ll_usb.o
 .debug_abbrev  0x000012c8      0x24a Middlewares/ST/STM32_USB_Device_Library/Class/CDC/Src/usbd_cdc.o
 .debug_abbrev  0x00001512      0x1ef Middlewares/ST/STM32_USB_Device_Library/Core/Src/usbd_core.o
 .debug_abbrev  0x00001701      0x26c Middlewares/ST/STM32_USB_Device_Library/Core/Src/usbd_ctlreq.o
 .debug_abbrev  0x0000196d      0x158 Middlewares/ST/STM32_USB_Device_Library/Core/Src/usbd_ioreq.o
 .debug_abbrev  0x00001ac5      0x1d7 Src/CDC_MPU6050.o
 .debug_abbrev  0x00001c9c      0x1c4 Src/USB_tools.o
 .debug_abbrev  0x00001e60      0x1fe Src/main.o
 .debug_abbrev  0x0000205e      0x1a0 Src/stm32f1xx_hal_msp.o
 .debug_abbrev  0x000021fe      0x185 Src/stm32f1xx_it.o
 .debug_abbrev  0x00002383      0x125 Src/system_stm32f1xx.o
 .debug_abbrev  0x000024a8      0x170 Src/usb_device.o
 .debug_abbrev  0x00002618      0x291 Src/usbd_cdc_if.o
 .debug_abbrev  0x000028a9      0x28f Src/usbd_conf.o
 .debug_abbrev  0x00002b38      0x167 Src/usbd_desc.o
 .debug_abbrev  0x00002c9f       0x12 startup/startup_stm32f103xb.o

.debug_loc      0x00000000     0x8262
 .debug_loc     0x00000000      0x108 Drivers/STM32F1xx_HAL_Driver/Src/stm32f1xx_hal.o
 .debug_loc     0x00000108      0x527 Drivers/STM32F1xx_HAL_Driver/Src/stm32f1xx_hal_cortex.o
 .debug_loc     0x0000062f      0x377 Drivers/STM32F1xx_HAL_Driver/Src/stm32f1xx_hal_gpio.o
 .debug_loc     0x000009a6     0x2f94 Drivers/STM32F1xx_HAL_Driver/Src/stm32f1xx_hal_i2c.o
 .debug_loc     0x0000393a      0x998 Drivers/STM32F1xx_HAL_Driver/Src/stm32f1xx_hal_pcd.o
 .debug_loc     0x000042d2       0xd3 Drivers/STM32F1xx_HAL_Driver/Src/stm32f1xx_hal_pcd_ex.o
 .debug_loc     0x000043a5      0x565 Drivers/STM32F1xx_HAL_Driver/Src/stm32f1xx_hal_rcc.o
 .debug_loc     0x0000490a      0x2d4 Drivers/STM32F1xx_HAL_Driver/Src/stm32f1xx_hal_rcc_ex.o
 .debug_loc     0x00004bde      0xb8a Drivers/STM32F1xx_HAL_Driver/Src/stm32f1xx_ll_usb.o
 .debug_loc     0x00005768      0x4b1 Middlewares/ST/STM32_USB_Device_Library/Class/CDC/Src/usbd_cdc.o
 .debug_loc     0x00005c19      0x629 Middlewares/ST/STM32_USB_Device_Library/Core/Src/usbd_core.o
 .debug_loc     0x00006242      0xb12 Middlewares/ST/STM32_USB_Device_Library/Core/Src/usbd_ctlreq.o
 .debug_loc     0x00006d54      0x23c Middlewares/ST/STM32_USB_Device_Library/Core/Src/usbd_ioreq.o
 .debug_loc     0x00006f90       0xcf Src/CDC_MPU6050.o
 .debug_loc     0x0000705f      0x124 Src/USB_tools.o
 .debug_loc     0x00007183       0x42 Src/main.o
 .debug_loc     0x000071c5       0x4d Src/stm32f1xx_hal_msp.o
 .debug_loc     0x00007212       0xdf Src/system_stm32f1xx.o
 .debug_loc     0x000072f1      0x167 Src/usbd_cdc_if.o
 .debug_loc     0x00007458      0xb53 Src/usbd_conf.o
 .debug_loc     0x00007fab      0x2b7 Src/usbd_desc.o

.debug_aranges  0x00000000      0xcc8
 .debug_aranges
                0x00000000       0xd0 Drivers/STM32F1xx_HAL_Driver/Src/stm32f1xx_hal.o
 .debug_aranges
                0x000000d0       0x90 Drivers/STM32F1xx_HAL_Driver/Src/stm32f1xx_hal_cortex.o
 .debug_aranges
                0x00000160       0x58 Drivers/STM32F1xx_HAL_Driver/Src/stm32f1xx_hal_gpio.o
 .debug_aranges
                0x000001b8      0x268 Drivers/STM32F1xx_HAL_Driver/Src/stm32f1xx_hal_i2c.o
 .debug_aranges
                0x00000420      0x120 Drivers/STM32F1xx_HAL_Driver/Src/stm32f1xx_hal_pcd.o
 .debug_aranges
                0x00000540       0x28 Drivers/STM32F1xx_HAL_Driver/Src/stm32f1xx_hal_pcd_ex.o
 .debug_aranges
                0x00000568       0x90 Drivers/STM32F1xx_HAL_Driver/Src/stm32f1xx_hal_rcc.o
 .debug_aranges
                0x000005f8       0x30 Drivers/STM32F1xx_HAL_Driver/Src/stm32f1xx_hal_rcc_ex.o
 .debug_aranges
                0x00000628      0x100 Drivers/STM32F1xx_HAL_Driver/Src/stm32f1xx_ll_usb.o
 .debug_aranges
                0x00000728       0x90 Middlewares/ST/STM32_USB_Device_Library/Class/CDC/Src/usbd_cdc.o
 .debug_aranges
                0x000007b8       0xb8 Middlewares/ST/STM32_USB_Device_Library/Core/Src/usbd_core.o
 .debug_aranges
                0x00000870       0x88 Middlewares/ST/STM32_USB_Device_Library/Core/Src/usbd_ctlreq.o
 .debug_aranges
                0x000008f8       0x50 Middlewares/ST/STM32_USB_Device_Library/Core/Src/usbd_ioreq.o
 .debug_aranges
                0x00000948       0x38 Src/CDC_MPU6050.o
 .debug_aranges
                0x00000980       0x50 Src/USB_tools.o
 .debug_aranges
                0x000009d0       0x40 Src/main.o
 .debug_aranges
                0x00000a10       0x30 Src/stm32f1xx_hal_msp.o
 .debug_aranges
                0x00000a40       0x68 Src/stm32f1xx_it.o
 .debug_aranges
                0x00000aa8       0x28 Src/system_stm32f1xx.o
 .debug_aranges
                0x00000ad0       0x20 Src/usb_device.o
 .debug_aranges
                0x00000af0       0x50 Src/usbd_cdc_if.o
 .debug_aranges
                0x00000b40      0x110 Src/usbd_conf.o
 .debug_aranges
                0x00000c50       0x50 Src/usbd_desc.o
 .debug_aranges
                0x00000ca0       0x28 startup/startup_stm32f103xb.o

.debug_ranges   0x00000000      0xb80
 .debug_ranges  0x00000000       0xc0 Drivers/STM32F1xx_HAL_Driver/Src/stm32f1xx_hal.o
 .debug_ranges  0x000000c0       0x80 Drivers/STM32F1xx_HAL_Driver/Src/stm32f1xx_hal_cortex.o
 .debug_ranges  0x00000140       0x48 Drivers/STM32F1xx_HAL_Driver/Src/stm32f1xx_hal_gpio.o
 .debug_ranges  0x00000188      0x258 Drivers/STM32F1xx_HAL_Driver/Src/stm32f1xx_hal_i2c.o
 .debug_ranges  0x000003e0      0x110 Drivers/STM32F1xx_HAL_Driver/Src/stm32f1xx_hal_pcd.o
 .debug_ranges  0x000004f0       0x18 Drivers/STM32F1xx_HAL_Driver/Src/stm32f1xx_hal_pcd_ex.o
 .debug_ranges  0x00000508       0x98 Drivers/STM32F1xx_HAL_Driver/Src/stm32f1xx_hal_rcc.o
 .debug_ranges  0x000005a0       0x38 Drivers/STM32F1xx_HAL_Driver/Src/stm32f1xx_hal_rcc_ex.o
 .debug_ranges  0x000005d8       0xf0 Drivers/STM32F1xx_HAL_Driver/Src/stm32f1xx_ll_usb.o
 .debug_ranges  0x000006c8       0x80 Middlewares/ST/STM32_USB_Device_Library/Class/CDC/Src/usbd_cdc.o
 .debug_ranges  0x00000748       0xa8 Middlewares/ST/STM32_USB_Device_Library/Core/Src/usbd_core.o
 .debug_ranges  0x000007f0       0x78 Middlewares/ST/STM32_USB_Device_Library/Core/Src/usbd_ctlreq.o
 .debug_ranges  0x00000868       0x40 Middlewares/ST/STM32_USB_Device_Library/Core/Src/usbd_ioreq.o
 .debug_ranges  0x000008a8       0x28 Src/CDC_MPU6050.o
 .debug_ranges  0x000008d0       0x40 Src/USB_tools.o
 .debug_ranges  0x00000910       0x30 Src/main.o
 .debug_ranges  0x00000940       0x20 Src/stm32f1xx_hal_msp.o
 .debug_ranges  0x00000960       0x58 Src/stm32f1xx_it.o
 .debug_ranges  0x000009b8       0x18 Src/system_stm32f1xx.o
 .debug_ranges  0x000009d0       0x10 Src/usb_device.o
 .debug_ranges  0x000009e0       0x40 Src/usbd_cdc_if.o
 .debug_ranges  0x00000a20      0x100 Src/usbd_conf.o
 .debug_ranges  0x00000b20       0x40 Src/usbd_desc.o
 .debug_ranges  0x00000b60       0x20 startup/startup_stm32f103xb.o

.debug_macro    0x00000000    0x17a24
 .debug_macro   0x00000000      0x30f Drivers/STM32F1xx_HAL_Driver/Src/stm32f1xx_hal.o
 .debug_macro   0x0000030f      0x880 Drivers/STM32F1xx_HAL_Driver/Src/stm32f1xx_hal.o
 .debug_macro   0x00000b8f       0x10 Drivers/STM32F1xx_HAL_Driver/Src/stm32f1xx_hal.o
 .debug_macro   0x00000b9f      0x169 Drivers/STM32F1xx_HAL_Driver/Src/stm32f1xx_hal.o
 .debug_macro   0x00000d08       0x2e Drivers/STM32F1xx_HAL_Driver/Src/stm32f1xx_hal.o
 .debug_macro   0x00000d36       0x22 Drivers/STM32F1xx_HAL_Driver/Src/stm32f1xx_hal.o
 .debug_macro   0x00000d58       0x22 Drivers/STM32F1xx_HAL_Driver/Src/stm32f1xx_hal.o
 .debug_macro   0x00000d7a       0x87 Drivers/STM32F1xx_HAL_Driver/Src/stm32f1xx_hal.o
 .debug_macro   0x00000e01       0x44 Drivers/STM32F1xx_HAL_Driver/Src/stm32f1xx_hal.o
 .debug_macro   0x00000e45       0xfd Drivers/STM32F1xx_HAL_Driver/Src/stm32f1xx_hal.o
 .debug_macro   0x00000f42       0x5e Drivers/STM32F1xx_HAL_Driver/Src/stm32f1xx_hal.o
 .debug_macro   0x00000fa0      0x1df Drivers/STM32F1xx_HAL_Driver/Src/stm32f1xx_hal.o
 .debug_macro   0x0000117f       0x34 Drivers/STM32F1xx_HAL_Driver/Src/stm32f1xx_hal.o
 .debug_macro   0x000011b3       0x34 Drivers/STM32F1xx_HAL_Driver/Src/stm32f1xx_hal.o
 .debug_macro   0x000011e7      0xb8e Drivers/STM32F1xx_HAL_Driver/Src/stm32f1xx_hal.o
 .debug_macro   0x00001d75     0xe90a Drivers/STM32F1xx_HAL_Driver/Src/stm32f1xx_hal.o
 .debug_macro   0x0001067f       0x43 Drivers/STM32F1xx_HAL_Driver/Src/stm32f1xx_hal.o
 .debug_macro   0x000106c2       0x52 Drivers/STM32F1xx_HAL_Driver/Src/stm32f1xx_hal.o
 .debug_macro   0x00010714       0x35 Drivers/STM32F1xx_HAL_Driver/Src/stm32f1xx_hal.o
 .debug_macro   0x00010749       0x9c Drivers/STM32F1xx_HAL_Driver/Src/stm32f1xx_hal.o
 .debug_macro   0x000107e5       0x16 Drivers/STM32F1xx_HAL_Driver/Src/stm32f1xx_hal.o
 .debug_macro   0x000107fb       0x97 Drivers/STM32F1xx_HAL_Driver/Src/stm32f1xx_hal.o
 .debug_macro   0x00010892      0x30d Drivers/STM32F1xx_HAL_Driver/Src/stm32f1xx_hal.o
 .debug_macro   0x00010b9f       0xfd Drivers/STM32F1xx_HAL_Driver/Src/stm32f1xx_hal.o
 .debug_macro   0x00010c9c       0x10 Drivers/STM32F1xx_HAL_Driver/Src/stm32f1xx_hal.o
 .debug_macro   0x00010cac       0x52 Drivers/STM32F1xx_HAL_Driver/Src/stm32f1xx_hal.o
 .debug_macro   0x00010cfe       0x1f Drivers/STM32F1xx_HAL_Driver/Src/stm32f1xx_hal.o
 .debug_macro   0x00010d1d       0x43 Drivers/STM32F1xx_HAL_Driver/Src/stm32f1xx_hal.o
 .debug_macro   0x00010d60       0x20 Drivers/STM32F1xx_HAL_Driver/Src/stm32f1xx_hal.o
 .debug_macro   0x00010d80      0x187 Drivers/STM32F1xx_HAL_Driver/Src/stm32f1xx_hal.o
 .debug_macro   0x00010f07       0x10 Drivers/STM32F1xx_HAL_Driver/Src/stm32f1xx_hal.o
 .debug_macro   0x00010f17       0x1c Drivers/STM32F1xx_HAL_Driver/Src/stm32f1xx_hal.o
 .debug_macro   0x00010f33       0x52 Drivers/STM32F1xx_HAL_Driver/Src/stm32f1xx_hal.o
 .debug_macro   0x00010f85       0x40 Drivers/STM32F1xx_HAL_Driver/Src/stm32f1xx_hal.o
 .debug_macro   0x00010fc5       0x10 Drivers/STM32F1xx_HAL_Driver/Src/stm32f1xx_hal.o
 .debug_macro   0x00010fd5       0x40 Drivers/STM32F1xx_HAL_Driver/Src/stm32f1xx_hal.o
 .debug_macro   0x00011015       0xd7 Drivers/STM32F1xx_HAL_Driver/Src/stm32f1xx_hal.o
 .debug_macro   0x000110ec       0x16 Drivers/STM32F1xx_HAL_Driver/Src/stm32f1xx_hal.o
 .debug_macro   0x00011102      0x18b Drivers/STM32F1xx_HAL_Driver/Src/stm32f1xx_hal.o
 .debug_macro   0x0001128d       0x50 Drivers/STM32F1xx_HAL_Driver/Src/stm32f1xx_hal.o
 .debug_macro   0x000112dd      0x5c2 Drivers/STM32F1xx_HAL_Driver/Src/stm32f1xx_hal.o
 .debug_macro   0x0001189f      0x28a Drivers/STM32F1xx_HAL_Driver/Src/stm32f1xx_hal.o
 .debug_macro   0x00011b29      0x1cb Drivers/STM32F1xx_HAL_Driver/Src/stm32f1xx_hal.o
 .debug_macro   0x00011cf4      0x11e Drivers/STM32F1xx_HAL_Driver/Src/stm32f1xx_hal.o
 .debug_macro   0x00011e12      0x1b3 Drivers/STM32F1xx_HAL_Driver/Src/stm32f1xx_hal.o
 .debug_macro   0x00011fc5       0x27 Drivers/STM32F1xx_HAL_Driver/Src/stm32f1xx_hal.o
 .debug_macro   0x00011fec      0x1bc Drivers/STM32F1xx_HAL_Driver/Src/stm32f1xx_hal.o
 .debug_macro   0x000121a8       0x34 Drivers/STM32F1xx_HAL_Driver/Src/stm32f1xx_hal.o
 .debug_macro   0x000121dc       0x3c Drivers/STM32F1xx_HAL_Driver/Src/stm32f1xx_hal.o
 .debug_macro   0x00012218       0x57 Drivers/STM32F1xx_HAL_Driver/Src/stm32f1xx_hal.o
 .debug_macro   0x0001226f       0x8c Drivers/STM32F1xx_HAL_Driver/Src/stm32f1xx_hal.o
 .debug_macro   0x000122fb      0x242 Drivers/STM32F1xx_HAL_Driver/Src/stm32f1xx_hal.o
 .debug_macro   0x0001253d      0x264 Drivers/STM32F1xx_HAL_Driver/Src/stm32f1xx_hal.o
 .debug_macro   0x000127a1      0x143 Drivers/STM32F1xx_HAL_Driver/Src/stm32f1xx_hal.o
 .debug_macro   0x000128e4       0x50 Drivers/STM32F1xx_HAL_Driver/Src/stm32f1xx_hal.o
 .debug_macro   0x00012934      0x26c Drivers/STM32F1xx_HAL_Driver/Src/stm32f1xx_hal.o
 .debug_macro   0x00012ba0       0x83 Drivers/STM32F1xx_HAL_Driver/Src/stm32f1xx_hal.o
 .debug_macro   0x00012c23      0x2eb Drivers/STM32F1xx_HAL_Driver/Src/stm32f1xx_hal_cortex.o
 .debug_macro   0x00012f0e      0x35b Drivers/STM32F1xx_HAL_Driver/Src/stm32f1xx_hal_gpio.o
 .debug_macro   0x00013269      0x32b Drivers/STM32F1xx_HAL_Driver/Src/stm32f1xx_hal_i2c.o
 .debug_macro   0x00013594      0x2f7 Drivers/STM32F1xx_HAL_Driver/Src/stm32f1xx_hal_pcd.o
 .debug_macro   0x0001388b      0x2eb Drivers/STM32F1xx_HAL_Driver/Src/stm32f1xx_hal_pcd_ex.o
 .debug_macro   0x00013b76      0x2fd Drivers/STM32F1xx_HAL_Driver/Src/stm32f1xx_hal_rcc.o
 .debug_macro   0x00013e73      0x2eb Drivers/STM32F1xx_HAL_Driver/Src/stm32f1xx_hal_rcc_ex.o
 .debug_macro   0x0001415e      0x2eb Drivers/STM32F1xx_HAL_Driver/Src/stm32f1xx_ll_usb.o
 .debug_macro   0x00014449      0x3a1 Middlewares/ST/STM32_USB_Device_Library/Class/CDC/Src/usbd_cdc.o
 .debug_macro   0x000147ea       0x4c Middlewares/ST/STM32_USB_Device_Library/Class/CDC/Src/usbd_cdc.o
 .debug_macro   0x00014836       0x8d Middlewares/ST/STM32_USB_Device_Library/Class/CDC/Src/usbd_cdc.o
 .debug_macro   0x000148c3       0x4a Middlewares/ST/STM32_USB_Device_Library/Class/CDC/Src/usbd_cdc.o
 .debug_macro   0x0001490d       0x16 Middlewares/ST/STM32_USB_Device_Library/Class/CDC/Src/usbd_cdc.o
 .debug_macro   0x00014923       0x35 Middlewares/ST/STM32_USB_Device_Library/Class/CDC/Src/usbd_cdc.o
 .debug_macro   0x00014958       0x16 Middlewares/ST/STM32_USB_Device_Library/Class/CDC/Src/usbd_cdc.o
 .debug_macro   0x0001496e       0x29 Middlewares/ST/STM32_USB_Device_Library/Class/CDC/Src/usbd_cdc.o
 .debug_macro   0x00014997       0x16 Middlewares/ST/STM32_USB_Device_Library/Class/CDC/Src/usbd_cdc.o
 .debug_macro   0x000149ad       0x6a Middlewares/ST/STM32_USB_Device_Library/Class/CDC/Src/usbd_cdc.o
 .debug_macro   0x00014a17      0x1c3 Middlewares/ST/STM32_USB_Device_Library/Class/CDC/Src/usbd_cdc.o
 .debug_macro   0x00014bda       0x83 Middlewares/ST/STM32_USB_Device_Library/Class/CDC/Src/usbd_cdc.o
 .debug_macro   0x00014c5d      0x388 Middlewares/ST/STM32_USB_Device_Library/Core/Src/usbd_core.o
 .debug_macro   0x00014fe5      0x388 Middlewares/ST/STM32_USB_Device_Library/Core/Src/usbd_ctlreq.o
 .debug_macro   0x0001536d      0x384 Middlewares/ST/STM32_USB_Device_Library/Core/Src/usbd_ioreq.o
 .debug_macro   0x000156f1      0x3af Src/CDC_MPU6050.o
 .debug_macro   0x00015aa0       0x40 Src/CDC_MPU6050.o
 .debug_macro   0x00015ae0       0x16 Src/CDC_MPU6050.o
 .debug_macro   0x00015af6      0x3b1 Src/USB_tools.o
 .debug_macro   0x00015ea7       0x10 Src/USB_tools.o
 .debug_macro   0x00015eb7       0x4c Src/USB_tools.o
 .debug_macro   0x00015f03      0x370 Src/main.o
 .debug_macro   0x00016273      0x2eb Src/stm32f1xx_hal_msp.o
 .debug_macro   0x0001655e      0x2f5 Src/stm32f1xx_it.o
 .debug_macro   0x00016853      0x2f1 Src/system_stm32f1xx.o
 .debug_macro   0x00016b44      0x3bf Src/usb_device.o
 .debug_macro   0x00016f03      0x3be Src/usbd_cdc_if.o
 .debug_macro   0x000172c1      0x3a1 Src/usbd_conf.o
 .debug_macro   0x00017662      0x3c2 Src/usbd_desc.o

.debug_line     0x00000000     0xe478
 .debug_line    0x00000000      0x8f4 Drivers/STM32F1xx_HAL_Driver/Src/stm32f1xx_hal.o
 .debug_line    0x000008f4      0x8e3 Drivers/STM32F1xx_HAL_Driver/Src/stm32f1xx_hal_cortex.o
 .debug_line    0x000011d7      0x8cd Drivers/STM32F1xx_HAL_Driver/Src/stm32f1xx_hal_gpio.o
 .debug_line    0x00001aa4     0x1847 Drivers/STM32F1xx_HAL_Driver/Src/stm32f1xx_hal_i2c.o
 .debug_line    0x000032eb      0xbe4 Drivers/STM32F1xx_HAL_Driver/Src/stm32f1xx_hal_pcd.o
 .debug_line    0x00003ecf      0x774 Drivers/STM32F1xx_HAL_Driver/Src/stm32f1xx_hal_pcd_ex.o
 .debug_line    0x00004643      0xa26 Drivers/STM32F1xx_HAL_Driver/Src/stm32f1xx_hal_rcc.o
 .debug_line    0x00005069      0x803 Drivers/STM32F1xx_HAL_Driver/Src/stm32f1xx_hal_rcc_ex.o
 .debug_line    0x0000586c      0xb63 Drivers/STM32F1xx_HAL_Driver/Src/stm32f1xx_ll_usb.o
 .debug_line    0x000063cf      0xa51 Middlewares/ST/STM32_USB_Device_Library/Class/CDC/Src/usbd_cdc.o
 .debug_line    0x00006e20      0xa29 Middlewares/ST/STM32_USB_Device_Library/Core/Src/usbd_core.o
 .debug_line    0x00007849      0xa27 Middlewares/ST/STM32_USB_Device_Library/Core/Src/usbd_ctlreq.o
 .debug_line    0x00008270      0x8d6 Middlewares/ST/STM32_USB_Device_Library/Core/Src/usbd_ioreq.o
 .debug_line    0x00008b46      0x951 Src/CDC_MPU6050.o
 .debug_line    0x00009497      0x947 Src/USB_tools.o
 .debug_line    0x00009dde      0x940 Src/main.o
 .debug_line    0x0000a71e      0x772 Src/stm32f1xx_hal_msp.o
 .debug_line    0x0000ae90      0x7da Src/stm32f1xx_it.o
 .debug_line    0x0000b66a      0x76b Src/system_stm32f1xx.o
 .debug_line    0x0000bdd5      0x8e4 Src/usb_device.o
 .debug_line    0x0000c6b9      0x966 Src/usbd_cdc_if.o
 .debug_line    0x0000d01f      0xb25 Src/usbd_conf.o
 .debug_line    0x0000db44      0x8b7 Src/usbd_desc.o
 .debug_line    0x0000e3fb       0x7d startup/startup_stm32f103xb.o

.debug_str      0x00000000    0x6eb29
 .debug_str     0x00000000    0x6a731 Drivers/STM32F1xx_HAL_Driver/Src/stm32f1xx_hal.o
                              0x6aac0 (size before relaxing)
 .debug_str     0x0006a731      0x2eb Drivers/STM32F1xx_HAL_Driver/Src/stm32f1xx_hal_cortex.o
                              0x6aa17 (size before relaxing)
 .debug_str     0x0006aa1c      0x3a3 Drivers/STM32F1xx_HAL_Driver/Src/stm32f1xx_hal_gpio.o
                              0x6a74c (size before relaxing)
 .debug_str     0x0006adbf      0xeb2 Drivers/STM32F1xx_HAL_Driver/Src/stm32f1xx_hal_i2c.o
                              0x6b2a7 (size before relaxing)
 .debug_str     0x0006bc71      0x7d5 Drivers/STM32F1xx_HAL_Driver/Src/stm32f1xx_hal_pcd.o
                              0x6abcc (size before relaxing)
 .debug_str     0x0006c446       0x57 Drivers/STM32F1xx_HAL_Driver/Src/stm32f1xx_hal_pcd_ex.o
                              0x6a6a9 (size before relaxing)
 .debug_str     0x0006c49d      0x364 Drivers/STM32F1xx_HAL_Driver/Src/stm32f1xx_hal_rcc.o
                              0x6a7df (size before relaxing)
 .debug_str     0x0006c801      0x12b Drivers/STM32F1xx_HAL_Driver/Src/stm32f1xx_hal_rcc_ex.o
                              0x6a53f (size before relaxing)
 .debug_str     0x0006c92c      0x15b Drivers/STM32F1xx_HAL_Driver/Src/stm32f1xx_ll_usb.o
                              0x6a87c (size before relaxing)
 .debug_str     0x0006ca87     0x1298 Middlewares/ST/STM32_USB_Device_Library/Class/CDC/Src/usbd_cdc.o
                              0x6b6e4 (size before relaxing)
 .debug_str     0x0006dd1f      0x294 Middlewares/ST/STM32_USB_Device_Library/Core/Src/usbd_core.o
                              0x6b3ad (size before relaxing)
 .debug_str     0x0006dfb3      0x12e Middlewares/ST/STM32_USB_Device_Library/Core/Src/usbd_ctlreq.o
                              0x6b2c7 (size before relaxing)
 .debug_str     0x0006e0e1       0x51 Middlewares/ST/STM32_USB_Device_Library/Core/Src/usbd_ioreq.o
                              0x6b1f4 (size before relaxing)
 .debug_str     0x0006e132      0x331 Src/CDC_MPU6050.o
                              0x6b351 (size before relaxing)
 .debug_str     0x0006e463      0x165 Src/USB_tools.o
                              0x6b255 (size before relaxing)
 .debug_str     0x0006e5c8       0x81 Src/main.o
                              0x6b7c9 (size before relaxing)
 .debug_str     0x0006e649       0x1b Src/stm32f1xx_hal_msp.o
                              0x6ab91 (size before relaxing)
 .debug_str     0x0006e664       0xc4 Src/stm32f1xx_it.o
                              0x6a6ff (size before relaxing)
 .debug_str     0x0006e728       0x69 Src/system_stm32f1xx.o
                              0x6a435 (size before relaxing)
 .debug_str     0x0006e791       0x40 Src/usb_device.o
                              0x6b464 (size before relaxing)
 .debug_str     0x0006e7d1       0xe1 Src/usbd_cdc_if.o
                              0x6b5d2 (size before relaxing)
 .debug_str     0x0006e8b2       0x56 Src/usbd_conf.o
                              0x6bf24 (size before relaxing)
 .debug_str     0x0006e908      0x221 Src/usbd_desc.o
                              0x6b079 (size before relaxing)

.comment        0x00000000       0x6e
 .comment       0x00000000       0x6e Drivers/STM32F1xx_HAL_Driver/Src/stm32f1xx_hal.o
                                 0x6f (size before relaxing)
 .comment       0x0000006e       0x6f Drivers/STM32F1xx_HAL_Driver/Src/stm32f1xx_hal_cortex.o
 .comment       0x0000006e       0x6f Drivers/STM32F1xx_HAL_Driver/Src/stm32f1xx_hal_gpio.o
 .comment       0x0000006e       0x6f Drivers/STM32F1xx_HAL_Driver/Src/stm32f1xx_hal_i2c.o
 .comment       0x0000006e       0x6f Drivers/STM32F1xx_HAL_Driver/Src/stm32f1xx_hal_pcd.o
 .comment       0x0000006e       0x6f Drivers/STM32F1xx_HAL_Driver/Src/stm32f1xx_hal_pcd_ex.o
 .comment       0x0000006e       0x6f Drivers/STM32F1xx_HAL_Driver/Src/stm32f1xx_hal_rcc.o
 .comment       0x0000006e       0x6f Drivers/STM32F1xx_HAL_Driver/Src/stm32f1xx_hal_rcc_ex.o
 .comment       0x0000006e       0x6f Drivers/STM32F1xx_HAL_Driver/Src/stm32f1xx_ll_usb.o
 .comment       0x0000006e       0x6f Middlewares/ST/STM32_USB_Device_Library/Class/CDC/Src/usbd_cdc.o
 .comment       0x0000006e       0x6f Middlewares/ST/STM32_USB_Device_Library/Core/Src/usbd_core.o
 .comment       0x0000006e       0x6f Middlewares/ST/STM32_USB_Device_Library/Core/Src/usbd_ctlreq.o
 .comment       0x0000006e       0x6f Middlewares/ST/STM32_USB_Device_Library/Core/Src/usbd_ioreq.o
 .comment       0x0000006e       0x6f Src/CDC_MPU6050.o
 .comment       0x0000006e       0x6f Src/USB_tools.o
 .comment       0x0000006e       0x6f Src/main.o
 .comment       0x0000006e       0x6f Src/stm32f1xx_hal_msp.o
 .comment       0x0000006e       0x6f Src/stm32f1xx_it.o
 .comment       0x0000006e       0x6f Src/system_stm32f1xx.o
 .comment       0x0000006e       0x6f Src/usb_device.o
 .comment       0x0000006e       0x6f Src/usbd_cdc_if.o
 .comment       0x0000006e       0x6f Src/usbd_conf.o
 .comment       0x0000006e       0x6f Src/usbd_desc.o

.debug_frame    0x00000000     0x1fe8
 .debug_frame   0x00000000      0x1ac Drivers/STM32F1xx_HAL_Driver/Src/stm32f1xx_hal.o
 .debug_frame   0x000001ac      0x124 Drivers/STM32F1xx_HAL_Driver/Src/stm32f1xx_hal_cortex.o
 .debug_frame   0x000002d0       0xc4 Drivers/STM32F1xx_HAL_Driver/Src/stm32f1xx_hal_gpio.o
 .debug_frame   0x00000394      0x814 Drivers/STM32F1xx_HAL_Driver/Src/stm32f1xx_hal_i2c.o
 .debug_frame   0x00000ba8      0x310 Drivers/STM32F1xx_HAL_Driver/Src/stm32f1xx_hal_pcd.o
 .debug_frame   0x00000eb8       0x3c Drivers/STM32F1xx_HAL_Driver/Src/stm32f1xx_hal_pcd_ex.o
 .debug_frame   0x00000ef4      0x170 Drivers/STM32F1xx_HAL_Driver/Src/stm32f1xx_hal_rcc.o
 .debug_frame   0x00001064       0x68 Drivers/STM32F1xx_HAL_Driver/Src/stm32f1xx_hal_rcc_ex.o
 .debug_frame   0x000010cc      0x230 Drivers/STM32F1xx_HAL_Driver/Src/stm32f1xx_ll_usb.o
 .debug_frame   0x000012fc      0x154 Middlewares/ST/STM32_USB_Device_Library/Class/CDC/Src/usbd_cdc.o
 .debug_frame   0x00001450      0x1bc Middlewares/ST/STM32_USB_Device_Library/Core/Src/usbd_core.o
 .debug_frame   0x0000160c      0x178 Middlewares/ST/STM32_USB_Device_Library/Core/Src/usbd_ctlreq.o
 .debug_frame   0x00001784       0xb8 Middlewares/ST/STM32_USB_Device_Library/Core/Src/usbd_ioreq.o
 .debug_frame   0x0000183c       0x78 Src/CDC_MPU6050.o
 .debug_frame   0x000018b4       0xd0 Src/USB_tools.o
 .debug_frame   0x00001984       0x94 Src/main.o
 .debug_frame   0x00001a18       0x64 Src/stm32f1xx_hal_msp.o
 .debug_frame   0x00001a7c       0xc0 Src/stm32f1xx_it.o
 .debug_frame   0x00001b3c       0x30 Src/system_stm32f1xx.o
 .debug_frame   0x00001b6c       0x28 Src/usb_device.o
 .debug_frame   0x00001b94       0xa0 Src/usbd_cdc_if.o
 .debug_frame   0x00001c34      0x2e0 Src/usbd_conf.o
 .debug_frame   0x00001f14       0xa8 Src/usbd_desc.o
 .debug_frame   0x00001fbc       0x2c c:/ac6/systemworkbench/plugins/fr.ac6.mcu.externaltools.arm-none.win32_1.13.3.201707031232/tools/compiler/bin/../lib/gcc/arm-none-eabi/5.4.1/../../../../arm-none-eabi/lib/armv7-m\libc_nano.a(lib_a-init.o)
