Archive member included to satisfy reference by file (symbol)

c:/elektronika/narzedzia/stmicroelectrocics/software/sw4stm32/plugins/fr.ac6.mcu.externaltools.arm-none.win32_1.15.0.201708311556/tools/compiler/bin/../lib/gcc/arm-none-eabi/6.3.1/thumb/v7-m\libgcc.a(_arm_addsubsf3.o)
                              Src/sd_hal_mpu6050.o (__aeabi_fadd)
c:/elektronika/narzedzia/stmicroelectrocics/software/sw4stm32/plugins/fr.ac6.mcu.externaltools.arm-none.win32_1.15.0.201708311556/tools/compiler/bin/../lib/gcc/arm-none-eabi/6.3.1/thumb/v7-m\libgcc.a(_arm_muldivsf3.o)
                              Src/sd_hal_mpu6050.o (__aeabi_fdiv)
c:/elektronika/narzedzia/stmicroelectrocics/software/sw4stm32/plugins/fr.ac6.mcu.externaltools.arm-none.win32_1.15.0.201708311556/tools/compiler/bin/../lib/gcc/arm-none-eabi/6.3.1/../../../../arm-none-eabi/lib/thumb/v7-m\libc_nano.a(lib_a-exit.o)
                              c:/elektronika/narzedzia/stmicroelectrocics/software/sw4stm32/plugins/fr.ac6.mcu.externaltools.arm-none.win32_1.15.0.201708311556/tools/compiler/bin/../lib/gcc/arm-none-eabi/6.3.1/../../../../arm-none-eabi/lib/thumb/v7-m/crt0.o (exit)
c:/elektronika/narzedzia/stmicroelectrocics/software/sw4stm32/plugins/fr.ac6.mcu.externaltools.arm-none.win32_1.15.0.201708311556/tools/compiler/bin/../lib/gcc/arm-none-eabi/6.3.1/../../../../arm-none-eabi/lib/thumb/v7-m\libc_nano.a(lib_a-impure.o)
                              c:/elektronika/narzedzia/stmicroelectrocics/software/sw4stm32/plugins/fr.ac6.mcu.externaltools.arm-none.win32_1.15.0.201708311556/tools/compiler/bin/../lib/gcc/arm-none-eabi/6.3.1/../../../../arm-none-eabi/lib/thumb/v7-m\libc_nano.a(lib_a-exit.o) (_global_impure_ptr)
c:/elektronika/narzedzia/stmicroelectrocics/software/sw4stm32/plugins/fr.ac6.mcu.externaltools.arm-none.win32_1.15.0.201708311556/tools/compiler/bin/../lib/gcc/arm-none-eabi/6.3.1/../../../../arm-none-eabi/lib/thumb/v7-m\libc_nano.a(lib_a-init.o)
                              c:/elektronika/narzedzia/stmicroelectrocics/software/sw4stm32/plugins/fr.ac6.mcu.externaltools.arm-none.win32_1.15.0.201708311556/tools/compiler/bin/../lib/gcc/arm-none-eabi/6.3.1/../../../../arm-none-eabi/lib/thumb/v7-m/crt0.o (__libc_init_array)
c:/elektronika/narzedzia/stmicroelectrocics/software/sw4stm32/plugins/fr.ac6.mcu.externaltools.arm-none.win32_1.15.0.201708311556/tools/compiler/bin/../lib/gcc/arm-none-eabi/6.3.1/../../../../arm-none-eabi/lib/thumb/v7-m\libc_nano.a(lib_a-memset.o)
                              c:/elektronika/narzedzia/stmicroelectrocics/software/sw4stm32/plugins/fr.ac6.mcu.externaltools.arm-none.win32_1.15.0.201708311556/tools/compiler/bin/../lib/gcc/arm-none-eabi/6.3.1/../../../../arm-none-eabi/lib/thumb/v7-m/crt0.o (memset)
c:/elektronika/narzedzia/stmicroelectrocics/software/sw4stm32/plugins/fr.ac6.mcu.externaltools.arm-none.win32_1.15.0.201708311556/tools/compiler/bin/../lib/gcc/arm-none-eabi/6.3.1/../../../../arm-none-eabi/lib/thumb/v7-m\libnosys.a(_exit.o)
                              c:/elektronika/narzedzia/stmicroelectrocics/software/sw4stm32/plugins/fr.ac6.mcu.externaltools.arm-none.win32_1.15.0.201708311556/tools/compiler/bin/../lib/gcc/arm-none-eabi/6.3.1/../../../../arm-none-eabi/lib/thumb/v7-m\libc_nano.a(lib_a-exit.o) (_exit)

Allocating common symbols
Common symbol       size              file

hUsbDeviceFS        0x224             Src/usb_device.o
hi2c2               0x54              Src/main.o
uwTick              0x4               Drivers/STM32F1xx_HAL_Driver/Src/stm32f1xx_hal.o
pFlash              0x20              Drivers/STM32F1xx_HAL_Driver/Src/stm32f1xx_hal_flash.o
UserRxBufferFS      0x40              Src/usbd_cdc_if.o
UserTxBufferFS      0x40              Src/usbd_cdc_if.o
buffer              0x20              Src/usbd_cdc_if.o
hpcd_USB_FS         0x460             Src/usbd_conf.o
USBD_StrDesc        0x200             Src/usbd_desc.o

Discarded input sections

 .text          0x00000000        0x0 c:/elektronika/narzedzia/stmicroelectrocics/software/sw4stm32/plugins/fr.ac6.mcu.externaltools.arm-none.win32_1.15.0.201708311556/tools/compiler/bin/../lib/gcc/arm-none-eabi/6.3.1/thumb/v7-m/crti.o
 .data          0x00000000        0x0 c:/elektronika/narzedzia/stmicroelectrocics/software/sw4stm32/plugins/fr.ac6.mcu.externaltools.arm-none.win32_1.15.0.201708311556/tools/compiler/bin/../lib/gcc/arm-none-eabi/6.3.1/thumb/v7-m/crti.o
 .bss           0x00000000        0x0 c:/elektronika/narzedzia/stmicroelectrocics/software/sw4stm32/plugins/fr.ac6.mcu.externaltools.arm-none.win32_1.15.0.201708311556/tools/compiler/bin/../lib/gcc/arm-none-eabi/6.3.1/thumb/v7-m/crti.o
 .data          0x00000000        0x4 c:/elektronika/narzedzia/stmicroelectrocics/software/sw4stm32/plugins/fr.ac6.mcu.externaltools.arm-none.win32_1.15.0.201708311556/tools/compiler/bin/../lib/gcc/arm-none-eabi/6.3.1/thumb/v7-m/crtbegin.o
[...]
Memory Configuration

Name             Origin             Length             Attributes
RAM              0x20000000         0x00005000         xrw
FLASH            0x08000000         0x00010000         xr
*default*        0x00000000         0xffffffff

Linker script and memory map

LOAD c:/elektronika/narzedzia/stmicroelectrocics/software/sw4stm32/plugins/fr.ac6.mcu.externaltools.arm-none.win32_1.15.0.201708311556/tools/compiler/bin/../lib/gcc/arm-none-eabi/6.3.1/thumb/v7-m/crti.o
LOAD c:/elektronika/narzedzia/stmicroelectrocics/software/sw4stm32/plugins/fr.ac6.mcu.externaltools.arm-none.win32_1.15.0.201708311556/tools/compiler/bin/../lib/gcc/arm-none-eabi/6.3.1/thumb/v7-m/crtbegin.o
LOAD c:/elektronika/narzedzia/stmicroelectrocics/software/sw4stm32/plugins/fr.ac6.mcu.externaltools.arm-none.win32_1.15.0.201708311556/tools/compiler/bin/../lib/gcc/arm-none-eabi/6.3.1/../../../../arm-none-eabi/lib/thumb/v7-m/crt0.o
LOAD Drivers/STM32F1xx_HAL_Driver/Src/stm32f1xx_hal.o
LOAD Drivers/STM32F1xx_HAL_Driver/Src/stm32f1xx_hal_cortex.o
LOAD Drivers/STM32F1xx_HAL_Driver/Src/stm32f1xx_hal_dma.o
LOAD Drivers/STM32F1xx_HAL_Driver/Src/stm32f1xx_hal_flash.o
LOAD Drivers/STM32F1xx_HAL_Driver/Src/stm32f1xx_hal_flash_ex.o
LOAD Drivers/STM32F1xx_HAL_Driver/Src/stm32f1xx_hal_gpio.o
LOAD Drivers/STM32F1xx_HAL_Driver/Src/stm32f1xx_hal_gpio_ex.o
LOAD Drivers/STM32F1xx_HAL_Driver/Src/stm32f1xx_hal_i2c.o
LOAD Drivers/STM32F1xx_HAL_Driver/Src/stm32f1xx_hal_pcd.o
LOAD Drivers/STM32F1xx_HAL_Driver/Src/stm32f1xx_hal_pcd_ex.o
LOAD Drivers/STM32F1xx_HAL_Driver/Src/stm32f1xx_hal_pwr.o
LOAD Drivers/STM32F1xx_HAL_Driver/Src/stm32f1xx_hal_rcc.o
LOAD Drivers/STM32F1xx_HAL_Driver/Src/stm32f1xx_hal_rcc_ex.o
LOAD Drivers/STM32F1xx_HAL_Driver/Src/stm32f1xx_hal_tim.o
LOAD Drivers/STM32F1xx_HAL_Driver/Src/stm32f1xx_hal_tim_ex.o
LOAD Drivers/STM32F1xx_HAL_Driver/Src/stm32f1xx_ll_usb.o
LOAD Middlewares/ST/STM32_USB_Device_Library/Class/CDC/Src/usbd_cdc.o
LOAD Middlewares/ST/STM32_USB_Device_Library/Core/Src/usbd_core.o
LOAD Middlewares/ST/STM32_USB_Device_Library/Core/Src/usbd_ctlreq.o
LOAD Middlewares/ST/STM32_USB_Device_Library/Core/Src/usbd_ioreq.o
LOAD Src/CDC_MPU6050.o
LOAD Src/main.o
LOAD Src/sd_hal_mpu6050.o
LOAD Src/stm32f1xx_hal_msp.o
LOAD Src/stm32f1xx_it.o
LOAD Src/system_stm32f1xx.o
LOAD Src/usb_device.o
LOAD Src/usbd_cdc_if.o
LOAD Src/usbd_conf.o
LOAD Src/usbd_desc.o
LOAD startup/startup_stm32f103xb.o
LOAD c:/elektronika/narzedzia/stmicroelectrocics/software/sw4stm32/plugins/fr.ac6.mcu.externaltools.arm-none.win32_1.15.0.201708311556/tools/compiler/bin/../lib/gcc/arm-none-eabi/6.3.1/../../../../arm-none-eabi/lib/thumb/v7-m\libm.a
START GROUP
LOAD c:/elektronika/narzedzia/stmicroelectrocics/software/sw4stm32/plugins/fr.ac6.mcu.externaltools.arm-none.win32_1.15.0.201708311556/tools/compiler/bin/../lib/gcc/arm-none-eabi/6.3.1/thumb/v7-m\libgcc.a
LOAD c:/elektronika/narzedzia/stmicroelectrocics/software/sw4stm32/plugins/fr.ac6.mcu.externaltools.arm-none.win32_1.15.0.201708311556/tools/compiler/bin/../lib/gcc/arm-none-eabi/6.3.1/../../../../arm-none-eabi/lib/thumb/v7-m\libc_nano.a
END GROUP
START GROUP
LOAD c:/elektronika/narzedzia/stmicroelectrocics/software/sw4stm32/plugins/fr.ac6.mcu.externaltools.arm-none.win32_1.15.0.201708311556/tools/compiler/bin/../lib/gcc/arm-none-eabi/6.3.1/thumb/v7-m\libgcc.a
LOAD c:/elektronika/narzedzia/stmicroelectrocics/software/sw4stm32/plugins/fr.ac6.mcu.externaltools.arm-none.win32_1.15.0.201708311556/tools/compiler/bin/../lib/gcc/arm-none-eabi/6.3.1/../../../../arm-none-eabi/lib/thumb/v7-m\libc_nano.a
LOAD c:/elektronika/narzedzia/stmicroelectrocics/software/sw4stm32/plugins/fr.ac6.mcu.externaltools.arm-none.win32_1.15.0.201708311556/tools/compiler/bin/../lib/gcc/arm-none-eabi/6.3.1/../../../../arm-none-eabi/lib/thumb/v7-m\libnosys.a
END GROUP
START GROUP
LOAD c:/elektronika/narzedzia/stmicroelectrocics/software/sw4stm32/plugins/fr.ac6.mcu.externaltools.arm-none.win32_1.15.0.201708311556/tools/compiler/bin/../lib/gcc/arm-none-eabi/6.3.1/thumb/v7-m\libgcc.a
LOAD c:/elektronika/narzedzia/stmicroelectrocics/software/sw4stm32/plugins/fr.ac6.mcu.externaltools.arm-none.win32_1.15.0.201708311556/tools/compiler/bin/../lib/gcc/arm-none-eabi/6.3.1/../../../../arm-none-eabi/lib/thumb/v7-m\libc_nano.a
LOAD c:/elektronika/narzedzia/stmicroelectrocics/software/sw4stm32/plugins/fr.ac6.mcu.externaltools.arm-none.win32_1.15.0.201708311556/tools/compiler/bin/../lib/gcc/arm-none-eabi/6.3.1/../../../../arm-none-eabi/lib/thumb/v7-m\libnosys.a
END GROUP
LOAD c:/elektronika/narzedzia/stmicroelectrocics/software/sw4stm32/plugins/fr.ac6.mcu.externaltools.arm-none.win32_1.15.0.201708311556/tools/compiler/bin/../lib/gcc/arm-none-eabi/6.3.1/thumb/v7-m/crtend.o
LOAD c:/elektronika/narzedzia/stmicroelectrocics/software/sw4stm32/plugins/fr.ac6.mcu.externaltools.arm-none.win32_1.15.0.201708311556/tools/compiler/bin/../lib/gcc/arm-none-eabi/6.3.1/thumb/v7-m/crtn.o
                0x20005000                _estack = 0x20005000
                0x00000200                _Min_Heap_Size = 0x200
                0x00000400                _Min_Stack_Size = 0x400

.isr_vector     0x08000000      0x10c
                0x08000000                . = ALIGN (0x4)
 *(.isr_vector)
 .isr_vector    0x08000000      0x10c startup/startup_stm32f103xb.o
                0x08000000                g_pfnVectors
                0x0800010c                . = ALIGN (0x4)

.text           0x0800010c     0x3274
                0x0800010c                . = ALIGN (0x4)
 *(.text)
 .text          0x0800010c       0x6c c:/elektronika/narzedzia/stmicroelectrocics/software/sw4stm32/plugins/fr.ac6.mcu.externaltools.arm-none.win32_1.15.0.201708311556/tools/compiler/bin/../lib/gcc/arm-none-eabi/6.3.1/thumb/v7-m/crtbegin.o
 *(.text*)
 .text.HAL_InitTick
                0x08000178       0x48 Drivers/STM32F1xx_HAL_Driver/Src/stm32f1xx_hal.o
                0x08000178                HAL_InitTick
 .text.HAL_Init
                0x080001c0       0x24 Drivers/STM32F1xx_HAL_Driver/Src/stm32f1xx_hal.o
                0x080001c0                HAL_Init
 .text.HAL_IncTick
                0x080001e4       0x18 Drivers/STM32F1xx_HAL_Driver/Src/stm32f1xx_hal.o
                0x080001e4                HAL_IncTick
 .text.HAL_GetTick
                0x080001fc        0xc Drivers/STM32F1xx_HAL_Driver/Src/stm32f1xx_hal.o
                0x080001fc                HAL_GetTick
 .text.HAL_Delay
                0x08000208       0x28 Drivers/STM32F1xx_HAL_Driver/Src/stm32f1xx_hal.o
                0x08000208                HAL_Delay
 .text.HAL_NVIC_SetPriorityGrouping
                0x08000230       0x24 Drivers/STM32F1xx_HAL_Driver/Src/stm32f1xx_hal_cortex.o
                0x08000230                HAL_NVIC_SetPriorityGrouping
 .text.HAL_NVIC_SetPriority
                0x08000254       0x64 Drivers/STM32F1xx_HAL_Driver/Src/stm32f1xx_hal_cortex.o
                0x08000254                HAL_NVIC_SetPriority
 .text.HAL_NVIC_EnableIRQ
                0x080002b8       0x18 Drivers/STM32F1xx_HAL_Driver/Src/stm32f1xx_hal_cortex.o
                0x080002b8                HAL_NVIC_EnableIRQ
 .text.HAL_SYSTICK_Config
                0x080002d0       0x2c Drivers/STM32F1xx_HAL_Driver/Src/stm32f1xx_hal_cortex.o
                0x080002d0                HAL_SYSTICK_Config
 .text.HAL_SYSTICK_CLKSourceConfig
                0x080002fc       0x20 Drivers/STM32F1xx_HAL_Driver/Src/stm32f1xx_hal_cortex.o
                0x080002fc                HAL_SYSTICK_CLKSourceConfig
 .text.HAL_SYSTICK_Callback
                0x0800031c        0x2 Drivers/STM32F1xx_HAL_Driver/Src/stm32f1xx_hal_cortex.o
                0x0800031c                HAL_SYSTICK_Callback
 .text.HAL_SYSTICK_IRQHandler
                0x0800031e        0x8 Drivers/STM32F1xx_HAL_Driver/Src/stm32f1xx_hal_cortex.o
                0x0800031e                HAL_SYSTICK_IRQHandler
 *fill*         0x08000326        0x2 
 .text.HAL_GPIO_Init
                0x08000328      0x1ec Drivers/STM32F1xx_HAL_Driver/Src/stm32f1xx_hal_gpio.o
                0x08000328                HAL_GPIO_Init
 .text.HAL_GPIO_WritePin
                0x08000514        0xc Drivers/STM32F1xx_HAL_Driver/Src/stm32f1xx_hal_gpio.o
                0x08000514                HAL_GPIO_WritePin
 .text.HAL_I2C_Init
                0x08000520      0x168 Drivers/STM32F1xx_HAL_Driver/Src/stm32f1xx_hal_i2c.o
                0x08000520                HAL_I2C_Init
 .text.HAL_PCD_Init
                0x08000688       0xd6 Drivers/STM32F1xx_HAL_Driver/Src/stm32f1xx_hal_pcd.o
                0x08000688                HAL_PCD_Init
 .text.HAL_PCD_Start
                0x0800075e       0x2e Drivers/STM32F1xx_HAL_Driver/Src/stm32f1xx_hal_pcd.o
                0x0800075e                HAL_PCD_Start
 .text.HAL_PCD_SetAddress
                0x0800078c       0x28 Drivers/STM32F1xx_HAL_Driver/Src/stm32f1xx_hal_pcd.o
                0x0800078c                HAL_PCD_SetAddress
 .text.HAL_PCD_EP_Open
                0x080007b4       0x52 Drivers/STM32F1xx_HAL_Driver/Src/stm32f1xx_hal_pcd.o
                0x080007b4                HAL_PCD_EP_Open
 .text.HAL_PCD_EP_Close
                0x08000806       0x4e Drivers/STM32F1xx_HAL_Driver/Src/stm32f1xx_hal_pcd.o
                0x08000806                HAL_PCD_EP_Close
 .text.HAL_PCD_EP_Receive
                0x08000854       0x3e Drivers/STM32F1xx_HAL_Driver/Src/stm32f1xx_hal_pcd.o
                0x08000854                HAL_PCD_EP_Receive
 .text.HAL_PCD_EP_GetRxCount
                0x08000892        0xe Drivers/STM32F1xx_HAL_Driver/Src/stm32f1xx_hal_pcd.o
                0x08000892                HAL_PCD_EP_GetRxCount
 .text.HAL_PCD_EP_Transmit
                0x080008a0       0x3c Drivers/STM32F1xx_HAL_Driver/Src/stm32f1xx_hal_pcd.o
                0x080008a0                HAL_PCD_EP_Transmit
 .text.PCD_EP_ISR_Handler
                0x080008dc      0x46e Drivers/STM32F1xx_HAL_Driver/Src/stm32f1xx_hal_pcd.o
 .text.HAL_PCD_IRQHandler
                0x08000d4a      0x164 Drivers/STM32F1xx_HAL_Driver/Src/stm32f1xx_hal_pcd.o
                0x08000d4a                HAL_PCD_IRQHandler
 .text.HAL_PCD_EP_SetStall
                0x08000eae       0x5c Drivers/STM32F1xx_HAL_Driver/Src/stm32f1xx_hal_pcd.o
                0x08000eae                HAL_PCD_EP_SetStall
 .text.HAL_PCD_EP_ClrStall
                0x08000f0a       0x4e Drivers/STM32F1xx_HAL_Driver/Src/stm32f1xx_hal_pcd.o
                0x08000f0a                HAL_PCD_EP_ClrStall
 .text.HAL_PCDEx_PMAConfig
                0x08000f58       0x30 Drivers/STM32F1xx_HAL_Driver/Src/stm32f1xx_hal_pcd_ex.o
                0x08000f58                HAL_PCDEx_PMAConfig
 .text.RCC_Delay
                0x08000f88       0x2c Drivers/STM32F1xx_HAL_Driver/Src/stm32f1xx_hal_rcc.o
 .text.HAL_RCC_OscConfig
                0x08000fb4      0x3e0 Drivers/STM32F1xx_HAL_Driver/Src/stm32f1xx_hal_rcc.o
                0x08000fb4                HAL_RCC_OscConfig
 .text.HAL_RCC_GetSysClockFreq
                0x08001394       0x6c Drivers/STM32F1xx_HAL_Driver/Src/stm32f1xx_hal_rcc.o
                0x08001394                HAL_RCC_GetSysClockFreq
 .text.HAL_RCC_ClockConfig
                0x08001400      0x178 Drivers/STM32F1xx_HAL_Driver/Src/stm32f1xx_hal_rcc.o
                0x08001400                HAL_RCC_ClockConfig
 .text.HAL_RCC_GetHCLKFreq
                0x08001578        0xc Drivers/STM32F1xx_HAL_Driver/Src/stm32f1xx_hal_rcc.o
                0x08001578                HAL_RCC_GetHCLKFreq
 .text.HAL_RCC_GetPCLK1Freq
                0x08001584       0x20 Drivers/STM32F1xx_HAL_Driver/Src/stm32f1xx_hal_rcc.o
                0x08001584                HAL_RCC_GetPCLK1Freq
 .text.HAL_RCCEx_PeriphCLKConfig
                0x080015a4      0x114 Drivers/STM32F1xx_HAL_Driver/Src/stm32f1xx_hal_rcc_ex.o
                0x080015a4                HAL_RCCEx_PeriphCLKConfig
 .text.USB_CoreInit
                0x080016b8        0xe Drivers/STM32F1xx_HAL_Driver/Src/stm32f1xx_ll_usb.o
                0x080016b8                USB_CoreInit
 .text.USB_EnableGlobalInt
                0x080016c6       0x12 Drivers/STM32F1xx_HAL_Driver/Src/stm32f1xx_ll_usb.o
                0x080016c6                USB_EnableGlobalInt
 .text.USB_DisableGlobalInt
                0x080016d8       0x14 Drivers/STM32F1xx_HAL_Driver/Src/stm32f1xx_ll_usb.o
                0x080016d8                USB_DisableGlobalInt
 .text.USB_SetCurrentMode
                0x080016ec        0x4 Drivers/STM32F1xx_HAL_Driver/Src/stm32f1xx_ll_usb.o
                0x080016ec                USB_SetCurrentMode
 .text.USB_DevInit
                0x080016f0       0x2c Drivers/STM32F1xx_HAL_Driver/Src/stm32f1xx_ll_usb.o
                0x080016f0                USB_DevInit
 .text.USB_ActivateEndpoint
                0x0800171c      0x332 Drivers/STM32F1xx_HAL_Driver/Src/stm32f1xx_ll_usb.o
                0x0800171c                USB_ActivateEndpoint
 .text.USB_DeactivateEndpoint
                0x08001a4e      0x1c4 Drivers/STM32F1xx_HAL_Driver/Src/stm32f1xx_ll_usb.o
                0x08001a4e                USB_DeactivateEndpoint
 .text.USB_EPSetStall
                0x08001c12       0x6e Drivers/STM32F1xx_HAL_Driver/Src/stm32f1xx_ll_usb.o
                0x08001c12                USB_EPSetStall
 .text.USB_EPClearStall
                0x08001c80       0x92 Drivers/STM32F1xx_HAL_Driver/Src/stm32f1xx_ll_usb.o
                0x08001c80                USB_EPClearStall
 .text.USB_SetDevAddress
                0x08001d12        0xc Drivers/STM32F1xx_HAL_Driver/Src/stm32f1xx_ll_usb.o
                0x08001d12                USB_SetDevAddress
 .text.USB_DevConnect
                0x08001d1e        0x4 Drivers/STM32F1xx_HAL_Driver/Src/stm32f1xx_ll_usb.o
                0x08001d1e                USB_DevConnect
 .text.USB_DevDisconnect
                0x08001d22        0x4 Drivers/STM32F1xx_HAL_Driver/Src/stm32f1xx_ll_usb.o
                0x08001d22                USB_DevDisconnect
 .text.USB_ReadInterrupts
                0x08001d26        0x8 Drivers/STM32F1xx_HAL_Driver/Src/stm32f1xx_ll_usb.o
                0x08001d26                USB_ReadInterrupts
 .text.USB_EP0_OutStart
                0x08001d2e        0x4 Drivers/STM32F1xx_HAL_Driver/Src/stm32f1xx_ll_usb.o
                0x08001d2e                USB_EP0_OutStart
 .text.USB_WritePMA
                0x08001d32       0x2a Drivers/STM32F1xx_HAL_Driver/Src/stm32f1xx_ll_usb.o
                0x08001d32                USB_WritePMA
 .text.USB_EPStartXfer
                0x08001d5c      0x2cc Drivers/STM32F1xx_HAL_Driver/Src/stm32f1xx_ll_usb.o
                0x08001d5c                USB_EPStartXfer
 .text.USB_ReadPMA
                0x08002028       0x1e Drivers/STM32F1xx_HAL_Driver/Src/stm32f1xx_ll_usb.o
                0x08002028                USB_ReadPMA
 .text.USBD_CDC_DataIn
                0x08002046       0x12 Middlewares/ST/STM32_USB_Device_Library/Class/CDC/Src/usbd_cdc.o
 .text.USBD_CDC_EP0_RxReady
                0x08002058       0x28 Middlewares/ST/STM32_USB_Device_Library/Class/CDC/Src/usbd_cdc.o
 .text.USBD_CDC_GetFSCfgDesc
                0x08002080        0xc Middlewares/ST/STM32_USB_Device_Library/Class/CDC/Src/usbd_cdc.o
 .text.USBD_CDC_GetHSCfgDesc
                0x0800208c        0xc Middlewares/ST/STM32_USB_Device_Library/Class/CDC/Src/usbd_cdc.o
 .text.USBD_CDC_GetOtherSpeedCfgDesc
                0x08002098        0xc Middlewares/ST/STM32_USB_Device_Library/Class/CDC/Src/usbd_cdc.o
 .text.USBD_CDC_GetDeviceQualifierDescriptor
                0x080020a4        0xc Middlewares/ST/STM32_USB_Device_Library/Class/CDC/Src/usbd_cdc.o
                0x080020a4                USBD_CDC_GetDeviceQualifierDescriptor
 .text.USBD_CDC_DataOut
                0x080020b0       0x2e Middlewares/ST/STM32_USB_Device_Library/Class/CDC/Src/usbd_cdc.o
 *fill*         0x080020de        0x2 
 .text.USBD_CDC_Setup
                0x080020e0       0x74 Middlewares/ST/STM32_USB_Device_Library/Class/CDC/Src/usbd_cdc.o
 .text.USBD_CDC_DeInit
                0x08002154       0x3a Middlewares/ST/STM32_USB_Device_Library/Class/CDC/Src/usbd_cdc.o
 .text.USBD_CDC_Init
                0x0800218e       0x96 Middlewares/ST/STM32_USB_Device_Library/Class/CDC/Src/usbd_cdc.o
 .text.USBD_CDC_RegisterInterface
                0x08002224        0xe Middlewares/ST/STM32_USB_Device_Library/Class/CDC/Src/usbd_cdc.o
                0x08002224                USBD_CDC_RegisterInterface
 .text.USBD_CDC_SetTxBuffer
                0x08002232       0x10 Middlewares/ST/STM32_USB_Device_Library/Class/CDC/Src/usbd_cdc.o
                0x08002232                USBD_CDC_SetTxBuffer
 .text.USBD_CDC_SetRxBuffer
                0x08002242        0xc Middlewares/ST/STM32_USB_Device_Library/Class/CDC/Src/usbd_cdc.o
                0x08002242                USBD_CDC_SetRxBuffer
 .text.USBD_CDC_TransmitPacket
                0x0800224e       0x2e Middlewares/ST/STM32_USB_Device_Library/Class/CDC/Src/usbd_cdc.o
                0x0800224e                USBD_CDC_TransmitPacket
 .text.USBD_CDC_ReceivePacket
                0x0800227c       0x32 Middlewares/ST/STM32_USB_Device_Library/Class/CDC/Src/usbd_cdc.o
                0x0800227c                USBD_CDC_ReceivePacket
 .text.USBD_Init
                0x080022ae       0x2e Middlewares/ST/STM32_USB_Device_Library/Core/Src/usbd_core.o
                0x080022ae                USBD_Init
 .text.USBD_RegisterClass
                0x080022dc        0xe Middlewares/ST/STM32_USB_Device_Library/Core/Src/usbd_core.o
                0x080022dc                USBD_RegisterClass
 .text.USBD_Start
                0x080022ea        0xa Middlewares/ST/STM32_USB_Device_Library/Core/Src/usbd_core.o
                0x080022ea                USBD_Start
 .text.USBD_SetClassConfig
                0x080022f4       0x1a Middlewares/ST/STM32_USB_Device_Library/Core/Src/usbd_core.o
                0x080022f4                USBD_SetClassConfig
 .text.USBD_ClrClassConfig
                0x0800230e        0xe Middlewares/ST/STM32_USB_Device_Library/Core/Src/usbd_core.o
                0x0800230e                USBD_ClrClassConfig
 .text.USBD_LL_SetupStage
                0x0800231c       0x5a Middlewares/ST/STM32_USB_Device_Library/Core/Src/usbd_core.o
                0x0800231c                USBD_LL_SetupStage
 .text.USBD_LL_DataOutStage
                0x08002376       0x6a Middlewares/ST/STM32_USB_Device_Library/Core/Src/usbd_core.o
                0x08002376                USBD_LL_DataOutStage
 .text.USBD_LL_DataInStage
                0x080023e0       0xb2 Middlewares/ST/STM32_USB_Device_Library/Core/Src/usbd_core.o
                0x080023e0                USBD_LL_DataInStage
 .text.USBD_LL_Reset
                0x08002492       0x3e Middlewares/ST/STM32_USB_Device_Library/Core/Src/usbd_core.o
                0x08002492                USBD_LL_Reset
 .text.USBD_LL_SetSpeed
                0x080024d0        0x6 Middlewares/ST/STM32_USB_Device_Library/Core/Src/usbd_core.o
                0x080024d0                USBD_LL_SetSpeed
 .text.USBD_LL_Suspend
                0x080024d6       0x12 Middlewares/ST/STM32_USB_Device_Library/Core/Src/usbd_core.o
                0x080024d6                USBD_LL_Suspend
 .text.USBD_LL_Resume
                0x080024e8        0xc Middlewares/ST/STM32_USB_Device_Library/Core/Src/usbd_core.o
                0x080024e8                USBD_LL_Resume
 .text.USBD_LL_SOF
                0x080024f4       0x1c Middlewares/ST/STM32_USB_Device_Library/Core/Src/usbd_core.o
                0x080024f4                USBD_LL_SOF
 .text.USBD_GetLen
                0x08002510       0x14 Middlewares/ST/STM32_USB_Device_Library/Core/Src/usbd_ctlreq.o
 .text.USBD_SetFeature
                0x08002524       0x20 Middlewares/ST/STM32_USB_Device_Library/Core/Src/usbd_ctlreq.o
 .text.USBD_ParseSetupRequest
                0x08002544       0x28 Middlewares/ST/STM32_USB_Device_Library/Core/Src/usbd_ctlreq.o
                0x08002544                USBD_ParseSetupRequest
 .text.USBD_CtlError
                0x0800256c       0x14 Middlewares/ST/STM32_USB_Device_Library/Core/Src/usbd_ctlreq.o
                0x0800256c                USBD_CtlError
 .text.USBD_GetDescriptor
                0x08002580      0x132 Middlewares/ST/STM32_USB_Device_Library/Core/Src/usbd_ctlreq.o
 .text.USBD_SetAddress
                0x080026b2       0x4a Middlewares/ST/STM32_USB_Device_Library/Core/Src/usbd_ctlreq.o
 .text.USBD_SetConfig
                0x080026fc       0xa4 Middlewares/ST/STM32_USB_Device_Library/Core/Src/usbd_ctlreq.o
 .text.USBD_GetConfig
                0x080027a0       0x3a Middlewares/ST/STM32_USB_Device_Library/Core/Src/usbd_ctlreq.o
 .text.USBD_GetStatus
                0x080027da       0x2c Middlewares/ST/STM32_USB_Device_Library/Core/Src/usbd_ctlreq.o
 .text.USBD_ClrFeature
                0x08002806       0x32 Middlewares/ST/STM32_USB_Device_Library/Core/Src/usbd_ctlreq.o
 .text.USBD_StdDevReq
                0x08002838       0x48 Middlewares/ST/STM32_USB_Device_Library/Core/Src/usbd_ctlreq.o
                0x08002838                USBD_StdDevReq
 .text.USBD_StdItfReq
                0x08002880       0x38 Middlewares/ST/STM32_USB_Device_Library/Core/Src/usbd_ctlreq.o
                0x08002880                USBD_StdItfReq
 .text.USBD_StdEPReq
                0x080028b8      0x118 Middlewares/ST/STM32_USB_Device_Library/Core/Src/usbd_ctlreq.o
                0x080028b8                USBD_StdEPReq
 .text.USBD_GetString
                0x080029d0       0x3a Middlewares/ST/STM32_USB_Device_Library/Core/Src/usbd_ctlreq.o
                0x080029d0                USBD_GetString
 .text.USBD_CtlSendData
                0x08002a0a       0x1a Middlewares/ST/STM32_USB_Device_Library/Core/Src/usbd_ioreq.o
                0x08002a0a                USBD_CtlSendData
 .text.USBD_CtlContinueSendData
                0x08002a24       0x10 Middlewares/ST/STM32_USB_Device_Library/Core/Src/usbd_ioreq.o
                0x08002a24                USBD_CtlContinueSendData
 .text.USBD_CtlPrepareRx
                0x08002a34       0x1e Middlewares/ST/STM32_USB_Device_Library/Core/Src/usbd_ioreq.o
                0x08002a34                USBD_CtlPrepareRx
 .text.USBD_CtlContinueRx
                0x08002a52       0x10 Middlewares/ST/STM32_USB_Device_Library/Core/Src/usbd_ioreq.o
                0x08002a52                USBD_CtlContinueRx
 .text.USBD_CtlSendStatus
                0x08002a62       0x16 Middlewares/ST/STM32_USB_Device_Library/Core/Src/usbd_ioreq.o
                0x08002a62                USBD_CtlSendStatus
 .text.USBD_CtlReceiveStatus
                0x08002a78       0x16 Middlewares/ST/STM32_USB_Device_Library/Core/Src/usbd_ioreq.o
                0x08002a78                USBD_CtlReceiveStatus
 .text.setup    0x08002a8e        0x2 Src/CDC_MPU6050.o
                0x08002a8e                setup
 .text.loop     0x08002a90       0x84 Src/CDC_MPU6050.o
                0x08002a90                loop
 .text.MX_GPIO_Init
                0x08002b14       0xbc Src/main.o
 .text._Error_Handler
                0x08002bd0        0x2 Src/main.o
                0x08002bd0                _Error_Handler
 *fill*         0x08002bd2        0x2 
 .text.MX_I2C2_Init
                0x08002bd4       0x40 Src/main.o
 .text.SystemClock_Config
                0x08002c14       0x9c Src/main.o
                0x08002c14                SystemClock_Config
 .text.main     0x08002cb0       0x20 Src/main.o
                0x08002cb0                main
 .text.HAL_MspInit
                0x08002cd0       0xa0 Src/stm32f1xx_hal_msp.o
                0x08002cd0                HAL_MspInit
 .text.HAL_I2C_MspInit
                0x08002d70       0x4c Src/stm32f1xx_hal_msp.o
                0x08002d70                HAL_I2C_MspInit
 .text.NMI_Handler
                0x08002dbc        0x2 Src/stm32f1xx_it.o
                0x08002dbc                NMI_Handler
 .text.HardFault_Handler
                0x08002dbe        0x2 Src/stm32f1xx_it.o
                0x08002dbe                HardFault_Handler
 .text.MemManage_Handler
                0x08002dc0        0x2 Src/stm32f1xx_it.o
                0x08002dc0                MemManage_Handler
 .text.BusFault_Handler
                0x08002dc2        0x2 Src/stm32f1xx_it.o
                0x08002dc2                BusFault_Handler
 .text.UsageFault_Handler
                0x08002dc4        0x2 Src/stm32f1xx_it.o
                0x08002dc4                UsageFault_Handler
 .text.SVC_Handler
                0x08002dc6        0x2 Src/stm32f1xx_it.o
                0x08002dc6                SVC_Handler
 .text.DebugMon_Handler
                0x08002dc8        0x2 Src/stm32f1xx_it.o
                0x08002dc8                DebugMon_Handler
 .text.PendSV_Handler
                0x08002dca        0x2 Src/stm32f1xx_it.o
                0x08002dca                PendSV_Handler
 .text.SysTick_Handler
                0x08002dcc        0xc Src/stm32f1xx_it.o
                0x08002dcc                SysTick_Handler
 .text.USB_LP_CAN1_RX0_IRQHandler
                0x08002dd8       0x10 Src/stm32f1xx_it.o
                0x08002dd8                USB_LP_CAN1_RX0_IRQHandler
 .text.SystemInit
                0x08002de8       0x4c Src/system_stm32f1xx.o
                0x08002de8                SystemInit
 .text.MX_USB_DEVICE_Init
                0x08002e34       0x38 Src/usb_device.o
                0x08002e34                MX_USB_DEVICE_Init
 .text.CDC_DeInit_FS
                0x08002e6c        0x4 Src/usbd_cdc_if.o
 .text.CDC_Control_FS
                0x08002e70        0x4 Src/usbd_cdc_if.o
 .text.CDC_Init_FS
                0x08002e74       0x2c Src/usbd_cdc_if.o
 .text.writeCharToBuffer
                0x08002ea0       0x4c Src/usbd_cdc_if.o
                0x08002ea0                writeCharToBuffer
 .text.CDC_Receive_FS
                0x08002eec       0x28 Src/usbd_cdc_if.o
 .text.readCharFromBuffer
                0x08002f14       0x50 Src/usbd_cdc_if.o
                0x08002f14                readCharFromBuffer
 .text.CDC_Transmit_FS
                0x08002f64       0x2c Src/usbd_cdc_if.o
                0x08002f64                CDC_Transmit_FS
 .text.HAL_PCD_MspInit
                0x08002f90       0x40 Src/usbd_conf.o
                0x08002f90                HAL_PCD_MspInit
 .text.HAL_PCD_SetupStageCallback
                0x08002fd0       0x10 Src/usbd_conf.o
                0x08002fd0                HAL_PCD_SetupStageCallback
 .text.HAL_PCD_DataOutStageCallback
                0x08002fe0       0x14 Src/usbd_conf.o
                0x08002fe0                HAL_PCD_DataOutStageCallback
 .text.HAL_PCD_DataInStageCallback
                0x08002ff4       0x12 Src/usbd_conf.o
                0x08002ff4                HAL_PCD_DataInStageCallback
 .text.HAL_PCD_SOFCallback
                0x08003006        0xc Src/usbd_conf.o
                0x08003006                HAL_PCD_SOFCallback
 .text.HAL_PCD_ResetCallback
                0x08003012       0x18 Src/usbd_conf.o
                0x08003012                HAL_PCD_ResetCallback
 *fill*         0x0800302a        0x2 
 .text.HAL_PCD_SuspendCallback
                0x0800302c       0x20 Src/usbd_conf.o
                0x0800302c                HAL_PCD_SuspendCallback
 .text.HAL_PCD_ResumeCallback
                0x0800304c        0xc Src/usbd_conf.o
                0x0800304c                HAL_PCD_ResumeCallback
 .text.USBD_LL_Init
                0x08003058       0x94 Src/usbd_conf.o
                0x08003058                USBD_LL_Init
 .text.USBD_LL_Start
                0x080030ec       0x1c Src/usbd_conf.o
                0x080030ec                USBD_LL_Start
 .text.USBD_LL_OpenEP
                0x08003108       0x22 Src/usbd_conf.o
                0x08003108                USBD_LL_OpenEP
 .text.USBD_LL_CloseEP
                0x0800312a       0x1c Src/usbd_conf.o
                0x0800312a                USBD_LL_CloseEP
 .text.USBD_LL_StallEP
                0x08003146       0x1c Src/usbd_conf.o
                0x08003146                USBD_LL_StallEP
 .text.USBD_LL_ClearStallEP
                0x08003162       0x1c Src/usbd_conf.o
                0x08003162                USBD_LL_ClearStallEP
 .text.USBD_LL_IsStallEP
                0x0800317e       0x26 Src/usbd_conf.o
                0x0800317e                USBD_LL_IsStallEP
 .text.USBD_LL_SetUSBAddress
                0x080031a4       0x1c Src/usbd_conf.o
                0x080031a4                USBD_LL_SetUSBAddress
 .text.USBD_LL_Transmit
                0x080031c0       0x1c Src/usbd_conf.o
                0x080031c0                USBD_LL_Transmit
 .text.USBD_LL_PrepareReceive
                0x080031dc       0x1c Src/usbd_conf.o
                0x080031dc                USBD_LL_PrepareReceive
 .text.USBD_LL_GetRxDataSize
                0x080031f8        0xc Src/usbd_conf.o
                0x080031f8                USBD_LL_GetRxDataSize
 .text.USBD_static_malloc
                0x08003204        0x8 Src/usbd_conf.o
                0x08003204                USBD_static_malloc
 .text.USBD_static_free
                0x0800320c        0x2 Src/usbd_conf.o
                0x0800320c                USBD_static_free
 .text.HAL_PCDEx_SetConnectionState
                0x0800320e        0x2 Src/usbd_conf.o
                0x0800320e                HAL_PCDEx_SetConnectionState
 .text.USBD_FS_DeviceDescriptor
                0x08003210        0xc Src/usbd_desc.o
                0x08003210                USBD_FS_DeviceDescriptor
 .text.USBD_FS_LangIDStrDescriptor
                0x0800321c        0xc Src/usbd_desc.o
                0x0800321c                USBD_FS_LangIDStrDescriptor
 .text.USBD_FS_ProductStrDescriptor
                0x08003228       0x24 Src/usbd_desc.o
                0x08003228                USBD_FS_ProductStrDescriptor
 .text.USBD_FS_ManufacturerStrDescriptor
                0x0800324c       0x1c Src/usbd_desc.o
                0x0800324c                USBD_FS_ManufacturerStrDescriptor
 .text.USBD_FS_SerialStrDescriptor
                0x08003268       0x24 Src/usbd_desc.o
                0x08003268                USBD_FS_SerialStrDescriptor
 .text.USBD_FS_ConfigStrDescriptor
                0x0800328c       0x24 Src/usbd_desc.o
                0x0800328c                USBD_FS_ConfigStrDescriptor
 .text.USBD_FS_InterfaceStrDescriptor
                0x080032b0       0x24 Src/usbd_desc.o
                0x080032b0                USBD_FS_InterfaceStrDescriptor
 .text.Reset_Handler
                0x080032d4       0x48 startup/startup_stm32f103xb.o
                0x080032d4                Reset_Handler
 .text.Default_Handler
                0x0800331c        0x2 startup/startup_stm32f103xb.o
                0x0800331c                RTC_Alarm_IRQHandler
                0x0800331c                EXTI2_IRQHandler
                0x0800331c                TIM1_CC_IRQHandler
                0x0800331c                PVD_IRQHandler
                0x0800331c                EXTI3_IRQHandler
                0x0800331c                EXTI0_IRQHandler
                0x0800331c                I2C2_EV_IRQHandler
                0x0800331c                ADC1_2_IRQHandler
                0x0800331c                SPI1_IRQHandler
                0x0800331c                TAMPER_IRQHandler
                0x0800331c                DMA1_Channel4_IRQHandler
                0x0800331c                USART3_IRQHandler
                0x0800331c                RTC_IRQHandler
                0x0800331c                DMA1_Channel7_IRQHandler
                0x0800331c                CAN1_RX1_IRQHandler
                0x0800331c                TIM4_IRQHandler
                0x0800331c                I2C1_EV_IRQHandler
                0x0800331c                DMA1_Channel6_IRQHandler
                0x0800331c                TIM3_IRQHandler
                0x0800331c                RCC_IRQHandler
                0x0800331c                TIM1_TRG_COM_IRQHandler
                0x0800331c                DMA1_Channel1_IRQHandler
                0x0800331c                Default_Handler
                0x0800331c                EXTI15_10_IRQHandler
                0x0800331c                EXTI9_5_IRQHandler
                0x0800331c                SPI2_IRQHandler
                0x0800331c                DMA1_Channel5_IRQHandler
                0x0800331c                EXTI4_IRQHandler
                0x0800331c                USB_HP_CAN1_TX_IRQHandler
                0x0800331c                DMA1_Channel3_IRQHandler
                0x0800331c                TIM1_UP_IRQHandler
                0x0800331c                WWDG_IRQHandler
                0x0800331c                TIM2_IRQHandler
                0x0800331c                TIM1_BRK_IRQHandler
                0x0800331c                EXTI1_IRQHandler
                0x0800331c                USART2_IRQHandler
                0x0800331c                I2C2_ER_IRQHandler
                0x0800331c                DMA1_Channel2_IRQHandler
                0x0800331c                CAN1_SCE_IRQHandler
                0x0800331c                FLASH_IRQHandler
                0x0800331c                USART1_IRQHandler
                0x0800331c                I2C1_ER_IRQHandler
                0x0800331c                USBWakeUp_IRQHandler
 *fill*         0x0800331e        0x2 
 .text.__libc_init_array
                0x08003320       0x48 c:/elektronika/narzedzia/stmicroelectrocics/software/sw4stm32/plugins/fr.ac6.mcu.externaltools.arm-none.win32_1.15.0.201708311556/tools/compiler/bin/../lib/gcc/arm-none-eabi/6.3.1/../../../../arm-none-eabi/lib/thumb/v7-m\libc_nano.a(lib_a-init.o)
                0x08003320                __libc_init_array
 *(.glue_7)
 .glue_7        0x08003368        0x0 linker stubs
 *(.glue_7t)
 .glue_7t       0x08003368        0x0 linker stubs
 *(.eh_frame)
 .eh_frame      0x08003368        0x0 c:/elektronika/narzedzia/stmicroelectrocics/software/sw4stm32/plugins/fr.ac6.mcu.externaltools.arm-none.win32_1.15.0.201708311556/tools/compiler/bin/../lib/gcc/arm-none-eabi/6.3.1/thumb/v7-m/crtbegin.o
 *(.init)
 .init          0x08003368        0x4 c:/elektronika/narzedzia/stmicroelectrocics/software/sw4stm32/plugins/fr.ac6.mcu.externaltools.arm-none.win32_1.15.0.201708311556/tools/compiler/bin/../lib/gcc/arm-none-eabi/6.3.1/thumb/v7-m/crti.o
                0x08003368                _init
 .init          0x0800336c        0x8 c:/elektronika/narzedzia/stmicroelectrocics/software/sw4stm32/plugins/fr.ac6.mcu.externaltools.arm-none.win32_1.15.0.201708311556/tools/compiler/bin/../lib/gcc/arm-none-eabi/6.3.1/thumb/v7-m/crtn.o
 *(.fini)
 .fini          0x08003374        0x4 c:/elektronika/narzedzia/stmicroelectrocics/software/sw4stm32/plugins/fr.ac6.mcu.externaltools.arm-none.win32_1.15.0.201708311556/tools/compiler/bin/../lib/gcc/arm-none-eabi/6.3.1/thumb/v7-m/crti.o
                0x08003374                _fini
 .fini          0x08003378        0x8 c:/elektronika/narzedzia/stmicroelectrocics/software/sw4stm32/plugins/fr.ac6.mcu.externaltools.arm-none.win32_1.15.0.201708311556/tools/compiler/bin/../lib/gcc/arm-none-eabi/6.3.1/thumb/v7-m/crtn.o
                0x08003380                . = ALIGN (0x4)
                0x08003380                _etext = .

.vfp11_veneer   0x08003380        0x0
 .vfp11_veneer  0x08003380        0x0 linker stubs

.v4_bx          0x08003380        0x0
 .v4_bx         0x08003380        0x0 linker stubs

.iplt           0x08003380        0x0
 .iplt          0x08003380        0x0 c:/elektronika/narzedzia/stmicroelectrocics/software/sw4stm32/plugins/fr.ac6.mcu.externaltools.arm-none.win32_1.15.0.201708311556/tools/compiler/bin/../lib/gcc/arm-none-eabi/6.3.1/thumb/v7-m/crtbegin.o

.rodata         0x08003380       0xf4
                0x08003380                . = ALIGN (0x4)
 *(.rodata)
 .rodata        0x08003380       0x12 Drivers/STM32F1xx_HAL_Driver/Src/stm32f1xx_hal_rcc.o
 *fill*         0x08003392        0x2 
 .rodata        0x08003394       0x18 Src/system_stm32f1xx.o
                0x08003394                AHBPrescTable
                0x080033a4                APBPrescTable
 *(.rodata*)
 .rodata.str1.4
                0x080033ac       0x4a Src/CDC_MPU6050.o
 *fill*         0x080033f6        0x2 
 .rodata.str1.4
                0x080033f8        0xe Src/main.o
 *fill*         0x08003406        0x2 
 .rodata.str1.4
                0x08003408       0x13 Src/usbd_conf.o
 *fill*         0x0800341b        0x1 
 .rodata.str1.4
                0x0800341c       0x58 Src/usbd_desc.o
                                 0x56 (size before relaxing)
                0x08003474                . = ALIGN (0x4)

.rel.dyn        0x08003474        0x0
 .rel.iplt      0x08003474        0x0 c:/elektronika/narzedzia/stmicroelectrocics/software/sw4stm32/plugins/fr.ac6.mcu.externaltools.arm-none.win32_1.15.0.201708311556/tools/compiler/bin/../lib/gcc/arm-none-eabi/6.3.1/thumb/v7-m/crtbegin.o

.ARM.extab
 *(.ARM.extab* .gnu.linkonce.armextab.*)

.ARM            0x08003474        0x0
                0x08003474                __exidx_start = .
 *(.ARM.exidx*)
                0x08003474                __exidx_end = .

.preinit_array  0x08003474        0x0
                0x08003474                PROVIDE (__preinit_array_start, .)
 *(.preinit_array*)
                0x08003474                PROVIDE (__preinit_array_end, .)

.init_array     0x08003474        0x4
                0x08003474                PROVIDE (__init_array_start, .)
 *(SORT(.init_array.*))
 *(.init_array*)
 .init_array    0x08003474        0x4 c:/elektronika/narzedzia/stmicroelectrocics/software/sw4stm32/plugins/fr.ac6.mcu.externaltools.arm-none.win32_1.15.0.201708311556/tools/compiler/bin/../lib/gcc/arm-none-eabi/6.3.1/thumb/v7-m/crtbegin.o
                0x08003478                PROVIDE (__init_array_end, .)

.fini_array     0x08003478        0x4
                [!provide]                PROVIDE (__fini_array_start, .)
 *(SORT(.fini_array.*))
 *(.fini_array*)
 .fini_array    0x08003478        0x4 c:/elektronika/narzedzia/stmicroelectrocics/software/sw4stm32/plugins/fr.ac6.mcu.externaltools.arm-none.win32_1.15.0.201708311556/tools/compiler/bin/../lib/gcc/arm-none-eabi/6.3.1/thumb/v7-m/crtbegin.o
                [!provide]                PROVIDE (__fini_array_end, .)
                0x0800347c                _sidata = LOADADDR (.data)

.data           0x20000000      0x160 load address 0x0800347c
                0x20000000                . = ALIGN (0x4)
                0x20000000                _sdata = .
 *(.data)
 .data          0x20000000        0x8 Drivers/STM32F1xx_HAL_Driver/Src/stm32f1xx_hal.o
                0x20000000                uwTickFreq
                0x20000004                uwTickPrio
 .data          0x20000008      0x110 Middlewares/ST/STM32_USB_Device_Library/Class/CDC/Src/usbd_cdc.o
                0x20000008                USBD_CDC_CfgFSDesc
                0x2000004c                USBD_CDC_CfgHSDesc
                0x20000090                USBD_CDC_OtherSpeedCfgDesc
                0x200000e0                USBD_CDC
 .data          0x20000118        0x4 Src/system_stm32f1xx.o
                0x20000118                SystemCoreClock
 .data          0x2000011c       0x10 Src/usbd_cdc_if.o
                0x2000011c                USBD_Interface_fops_FS
 .data          0x2000012c       0x34 Src/usbd_desc.o
                0x2000012c                USBD_FS_DeviceDesc
                0x20000140                USBD_LangIDDesc
                0x20000144                FS_Desc
 *(.data*)
                0x20000160                . = ALIGN (0x4)
                0x20000160                _edata = .

.jcr            0x20000160        0x0 load address 0x080035dc
 .jcr           0x20000160        0x0 c:/elektronika/narzedzia/stmicroelectrocics/software/sw4stm32/plugins/fr.ac6.mcu.externaltools.arm-none.win32_1.15.0.201708311556/tools/compiler/bin/../lib/gcc/arm-none-eabi/6.3.1/thumb/v7-m/crtbegin.o

.igot.plt       0x20000160        0x0 load address 0x080035dc
 .igot.plt      0x20000160        0x0 c:/elektronika/narzedzia/stmicroelectrocics/software/sw4stm32/plugins/fr.ac6.mcu.externaltools.arm-none.win32_1.15.0.201708311556/tools/compiler/bin/../lib/gcc/arm-none-eabi/6.3.1/thumb/v7-m/crtbegin.o
                0x20000160                . = ALIGN (0x4)

.bss            0x20000160      0xbc8 load address 0x080035dc
                0x20000160                _sbss = .
                0x20000160                __bss_start__ = _sbss
 *(.bss)
 .bss           0x20000160       0x1c c:/elektronika/narzedzia/stmicroelectrocics/software/sw4stm32/plugins/fr.ac6.mcu.externaltools.arm-none.win32_1.15.0.201708311556/tools/compiler/bin/../lib/gcc/arm-none-eabi/6.3.1/thumb/v7-m/crtbegin.o
 .bss           0x2000017c        0x1 Middlewares/ST/STM32_USB_Device_Library/Class/CDC/Src/usbd_cdc.o
 .bss           0x2000017d        0x1 Middlewares/ST/STM32_USB_Device_Library/Core/Src/usbd_ctlreq.o
 *fill*         0x2000017e        0x2 
 .bss           0x20000180        0x9 Src/usbd_cdc_if.o
                0x20000180                begin
                0x20000184                end
                0x20000188                bufferState
 *fill*         0x20000189        0x3 
 .bss           0x2000018c      0x220 Src/usbd_conf.o
 *(.bss*)
 *(COMMON)
 COMMON         0x200003ac        0x4 Drivers/STM32F1xx_HAL_Driver/Src/stm32f1xx_hal.o
                0x200003ac                uwTick
 COMMON         0x200003b0       0x54 Src/main.o
                0x200003b0                hi2c2
 COMMON         0x20000404      0x224 Src/usb_device.o
                0x20000404                hUsbDeviceFS
 COMMON         0x20000628       0xa0 Src/usbd_cdc_if.o
                0x20000628                UserRxBufferFS
                0x20000668                UserTxBufferFS
                0x200006a8                buffer
 COMMON         0x200006c8      0x460 Src/usbd_conf.o
                0x200006c8                hpcd_USB_FS
 COMMON         0x20000b28      0x200 Src/usbd_desc.o
                0x20000b28                USBD_StrDesc
                0x20000d28                . = ALIGN (0x4)
                0x20000d28                _ebss = .
                0x20000d28                __bss_end__ = _ebss

._user_heap_stack
                0x20000d28      0x600 load address 0x080035dc
                0x20000d28                . = ALIGN (0x8)
                [!provide]                PROVIDE (end, .)
                [!provide]                PROVIDE (_end, .)
                0x20000f28                . = (. + _Min_Heap_Size)
 *fill*         0x20000d28      0x200 
                0x20001328                . = (. + _Min_Stack_Size)
 *fill*         0x20000f28      0x400 
                0x20001328                . = ALIGN (0x8)

/DISCARD/
 libc.a(*)
 libm.a(*)
 libgcc.a(*)

.ARM.attributes
                0x00000000       0x29
 *(.ARM.attributes)
 .ARM.attributes
                0x00000000       0x1d c:/elektronika/narzedzia/stmicroelectrocics/software/sw4stm32/plugins/fr.ac6.mcu.externaltools.arm-none.win32_1.15.0.201708311556/tools/compiler/bin/../lib/gcc/arm-none-eabi/6.3.1/thumb/v7-m/crti.o
 .ARM.attributes
                0x0000001d       0x2d c:/elektronika/narzedzia/stmicroelectrocics/software/sw4stm32/plugins/fr.ac6.mcu.externaltools.arm-none.win32_1.15.0.201708311556/tools/compiler/bin/../lib/gcc/arm-none-eabi/6.3.1/thumb/v7-m/crtbegin.o
 .ARM.attributes
                0x0000004a       0x33 Drivers/STM32F1xx_HAL_Driver/Src/stm32f1xx_hal.o
 .ARM.attributes
                0x0000007d       0x33 Drivers/STM32F1xx_HAL_Driver/Src/stm32f1xx_hal_cortex.o
 .ARM.attributes
                0x000000b0       0x33 Drivers/STM32F1xx_HAL_Driver/Src/stm32f1xx_hal_gpio.o
 .ARM.attributes
                0x000000e3       0x33 Drivers/STM32F1xx_HAL_Driver/Src/stm32f1xx_hal_i2c.o
 .ARM.attributes
                0x00000116       0x33 Drivers/STM32F1xx_HAL_Driver/Src/stm32f1xx_hal_pcd.o
 .ARM.attributes
                0x00000149       0x33 Drivers/STM32F1xx_HAL_Driver/Src/stm32f1xx_hal_pcd_ex.o
 .ARM.attributes
                0x0000017c       0x33 Drivers/STM32F1xx_HAL_Driver/Src/stm32f1xx_hal_rcc.o
 .ARM.attributes
                0x000001af       0x33 Drivers/STM32F1xx_HAL_Driver/Src/stm32f1xx_hal_rcc_ex.o
 .ARM.attributes
                0x000001e2       0x33 Drivers/STM32F1xx_HAL_Driver/Src/stm32f1xx_ll_usb.o
 .ARM.attributes
                0x00000215       0x33 Middlewares/ST/STM32_USB_Device_Library/Class/CDC/Src/usbd_cdc.o
 .ARM.attributes
                0x00000248       0x33 Middlewares/ST/STM32_USB_Device_Library/Core/Src/usbd_core.o
 .ARM.attributes
                0x0000027b       0x33 Middlewares/ST/STM32_USB_Device_Library/Core/Src/usbd_ctlreq.o
 .ARM.attributes
                0x000002ae       0x33 Middlewares/ST/STM32_USB_Device_Library/Core/Src/usbd_ioreq.o
 .ARM.attributes
                0x000002e1       0x33 Src/CDC_MPU6050.o
 .ARM.attributes
                0x00000314       0x33 Src/main.o
 .ARM.attributes
                0x00000347       0x33 Src/stm32f1xx_hal_msp.o
 .ARM.attributes
                0x0000037a       0x33 Src/stm32f1xx_it.o
 .ARM.attributes
                0x000003ad       0x33 Src/system_stm32f1xx.o
 .ARM.attributes
                0x000003e0       0x33 Src/usb_device.o
 .ARM.attributes
                0x00000413       0x33 Src/usbd_cdc_if.o
 .ARM.attributes
                0x00000446       0x33 Src/usbd_conf.o
 .ARM.attributes
                0x00000479       0x33 Src/usbd_desc.o
 .ARM.attributes
                0x000004ac       0x21 startup/startup_stm32f103xb.o
 .ARM.attributes
                0x000004cd       0x2d c:/elektronika/narzedzia/stmicroelectrocics/software/sw4stm32/plugins/fr.ac6.mcu.externaltools.arm-none.win32_1.15.0.201708311556/tools/compiler/bin/../lib/gcc/arm-none-eabi/6.3.1/../../../../arm-none-eabi/lib/thumb/v7-m\libc_nano.a(lib_a-init.o)
 .ARM.attributes
                0x000004fa       0x1d c:/elektronika/narzedzia/stmicroelectrocics/software/sw4stm32/plugins/fr.ac6.mcu.externaltools.arm-none.win32_1.15.0.201708311556/tools/compiler/bin/../lib/gcc/arm-none-eabi/6.3.1/thumb/v7-m/crtn.o
OUTPUT(F103-CDC_MPU6050.elf elf32-littlearm)

.debug_info     0x00000000    0x1bd2e
 .debug_info    0x00000000      0xfaa Drivers/STM32F1xx_HAL_Driver/Src/stm32f1xx_hal.o
 .debug_info    0x00000faa     0x147b Drivers/STM32F1xx_HAL_Driver/Src/stm32f1xx_hal_cortex.o
 .debug_info    0x00002425      0xe8b Drivers/STM32F1xx_HAL_Driver/Src/stm32f1xx_hal_gpio.o
 .debug_info    0x000032b0     0x37a2 Drivers/STM32F1xx_HAL_Driver/Src/stm32f1xx_hal_i2c.o
 .debug_info    0x00006a52     0x19d4 Drivers/STM32F1xx_HAL_Driver/Src/stm32f1xx_hal_pcd.o
 .debug_info    0x00008426      0xe11 Drivers/STM32F1xx_HAL_Driver/Src/stm32f1xx_hal_pcd_ex.o
 .debug_info    0x00009237     0x11f3 Drivers/STM32F1xx_HAL_Driver/Src/stm32f1xx_hal_rcc.o
 .debug_info    0x0000a42a      0xc6b Drivers/STM32F1xx_HAL_Driver/Src/stm32f1xx_hal_rcc_ex.o
 .debug_info    0x0000b095     0x1730 Drivers/STM32F1xx_HAL_Driver/Src/stm32f1xx_ll_usb.o
 .debug_info    0x0000c7c5     0x158a Middlewares/ST/STM32_USB_Device_Library/Class/CDC/Src/usbd_cdc.o
 .debug_info    0x0000dd4f     0x1490 Middlewares/ST/STM32_USB_Device_Library/Core/Src/usbd_core.o
 .debug_info    0x0000f1df     0x1666 Middlewares/ST/STM32_USB_Device_Library/Core/Src/usbd_ctlreq.o
 .debug_info    0x00010845      0xfd9 Middlewares/ST/STM32_USB_Device_Library/Core/Src/usbd_ioreq.o
 .debug_info    0x0001181e      0xfcd Src/CDC_MPU6050.o
 .debug_info    0x000127eb     0x1990 Src/main.o
 .debug_info    0x0001417b     0x130a Src/stm32f1xx_hal_msp.o
 .debug_info    0x00015485      0xe3f Src/stm32f1xx_it.o
 .debug_info    0x000162c4      0xc1b Src/system_stm32f1xx.o
 .debug_info    0x00016edf      0xe91 Src/usb_device.o
 .debug_info    0x00017d70     0x116d Src/usbd_cdc_if.o
 .debug_info    0x00018edd     0x2076 Src/usbd_conf.o
 .debug_info    0x0001af53      0xd62 Src/usbd_desc.o
 .debug_info    0x0001bcb5       0x79 startup/startup_stm32f103xb.o

.debug_abbrev   0x00000000     0x3c88
 .debug_abbrev  0x00000000      0x2f2 Drivers/STM32F1xx_HAL_Driver/Src/stm32f1xx_hal.o
 .debug_abbrev  0x000002f2      0x3cb Drivers/STM32F1xx_HAL_Driver/Src/stm32f1xx_hal_cortex.o
 .debug_abbrev  0x000006bd      0x2a5 Drivers/STM32F1xx_HAL_Driver/Src/stm32f1xx_hal_gpio.o
 .debug_abbrev  0x00000962      0x306 Drivers/STM32F1xx_HAL_Driver/Src/stm32f1xx_hal_i2c.o
 .debug_abbrev  0x00000c68      0x355 Drivers/STM32F1xx_HAL_Driver/Src/stm32f1xx_hal_pcd.o
 .debug_abbrev  0x00000fbd      0x230 Drivers/STM32F1xx_HAL_Driver/Src/stm32f1xx_hal_pcd_ex.o
 .debug_abbrev  0x000011ed      0x333 Drivers/STM32F1xx_HAL_Driver/Src/stm32f1xx_hal_rcc.o
 .debug_abbrev  0x00001520      0x2b2 Drivers/STM32F1xx_HAL_Driver/Src/stm32f1xx_hal_rcc_ex.o
 .debug_abbrev  0x000017d2      0x2c1 Drivers/STM32F1xx_HAL_Driver/Src/stm32f1xx_ll_usb.o
 .debug_abbrev  0x00001a93      0x312 Middlewares/ST/STM32_USB_Device_Library/Class/CDC/Src/usbd_cdc.o
 .debug_abbrev  0x00001da5      0x2c6 Middlewares/ST/STM32_USB_Device_Library/Core/Src/usbd_core.o
 .debug_abbrev  0x0000206b      0x327 Middlewares/ST/STM32_USB_Device_Library/Core/Src/usbd_ctlreq.o
 .debug_abbrev  0x00002392      0x213 Middlewares/ST/STM32_USB_Device_Library/Core/Src/usbd_ioreq.o
 .debug_abbrev  0x000025a5      0x289 Src/CDC_MPU6050.o
 .debug_abbrev  0x0000282e      0x2cb Src/main.o
 .debug_abbrev  0x00002af9      0x252 Src/stm32f1xx_hal_msp.o
 .debug_abbrev  0x00002d4b      0x21b Src/stm32f1xx_it.o
 .debug_abbrev  0x00002f66      0x226 Src/system_stm32f1xx.o
 .debug_abbrev  0x0000318c      0x216 Src/usb_device.o
 .debug_abbrev  0x000033a2      0x348 Src/usbd_cdc_if.o
 .debug_abbrev  0x000036ea      0x31a Src/usbd_conf.o
 .debug_abbrev  0x00003a04      0x272 Src/usbd_desc.o
 .debug_abbrev  0x00003c76       0x12 startup/startup_stm32f103xb.o

.debug_loc      0x00000000     0x86ae
 .debug_loc     0x00000000      0x108 Drivers/STM32F1xx_HAL_Driver/Src/stm32f1xx_hal.o
 .debug_loc     0x00000108      0x5ad Drivers/STM32F1xx_HAL_Driver/Src/stm32f1xx_hal_cortex.o
 .debug_loc     0x000006b5      0x42d Drivers/STM32F1xx_HAL_Driver/Src/stm32f1xx_hal_gpio.o
 .debug_loc     0x00000ae2     0x326d Drivers/STM32F1xx_HAL_Driver/Src/stm32f1xx_hal_i2c.o
 .debug_loc     0x00003d4f      0x9fb Drivers/STM32F1xx_HAL_Driver/Src/stm32f1xx_hal_pcd.o
 .debug_loc     0x0000474a       0xf4 Drivers/STM32F1xx_HAL_Driver/Src/stm32f1xx_hal_pcd_ex.o
 .debug_loc     0x0000483e      0x4d1 Drivers/STM32F1xx_HAL_Driver/Src/stm32f1xx_hal_rcc.o
 .debug_loc     0x00004d0f      0x2dc Drivers/STM32F1xx_HAL_Driver/Src/stm32f1xx_hal_rcc_ex.o
 .debug_loc     0x00004feb      0xc18 Drivers/STM32F1xx_HAL_Driver/Src/stm32f1xx_ll_usb.o
 .debug_loc     0x00005c03      0x4b9 Middlewares/ST/STM32_USB_Device_Library/Class/CDC/Src/usbd_cdc.o
 .debug_loc     0x000060bc      0x71c Middlewares/ST/STM32_USB_Device_Library/Core/Src/usbd_core.o
 .debug_loc     0x000067d8      0xb78 Middlewares/ST/STM32_USB_Device_Library/Core/Src/usbd_ctlreq.o
 .debug_loc     0x00007350      0x23c Middlewares/ST/STM32_USB_Device_Library/Core/Src/usbd_ioreq.o
 .debug_loc     0x0000758c       0x83 Src/CDC_MPU6050.o
 .debug_loc     0x0000760f       0x5b Src/stm32f1xx_hal_msp.o
 .debug_loc     0x0000766a       0xdf Src/system_stm32f1xx.o
 .debug_loc     0x00007749      0x15b Src/usbd_cdc_if.o
 .debug_loc     0x000078a4      0xb53 Src/usbd_conf.o
 .debug_loc     0x000083f7      0x2b7 Src/usbd_desc.o

.debug_aranges  0x00000000      0xc68
 .debug_aranges
                0x00000000       0xd0 Drivers/STM32F1xx_HAL_Driver/Src/stm32f1xx_hal.o
 .debug_aranges
                0x000000d0       0x90 Drivers/STM32F1xx_HAL_Driver/Src/stm32f1xx_hal_cortex.o
 .debug_aranges
                0x00000160       0x58 Drivers/STM32F1xx_HAL_Driver/Src/stm32f1xx_hal_gpio.o
 .debug_aranges
                0x000001b8      0x268 Drivers/STM32F1xx_HAL_Driver/Src/stm32f1xx_hal_i2c.o
 .debug_aranges
                0x00000420      0x120 Drivers/STM32F1xx_HAL_Driver/Src/stm32f1xx_hal_pcd.o
 .debug_aranges
                0x00000540       0x28 Drivers/STM32F1xx_HAL_Driver/Src/stm32f1xx_hal_pcd_ex.o
 .debug_aranges
                0x00000568       0x90 Drivers/STM32F1xx_HAL_Driver/Src/stm32f1xx_hal_rcc.o
 .debug_aranges
                0x000005f8       0x30 Drivers/STM32F1xx_HAL_Driver/Src/stm32f1xx_hal_rcc_ex.o
 .debug_aranges
                0x00000628      0x100 Drivers/STM32F1xx_HAL_Driver/Src/stm32f1xx_ll_usb.o
 .debug_aranges
                0x00000728       0x90 Middlewares/ST/STM32_USB_Device_Library/Class/CDC/Src/usbd_cdc.o
 .debug_aranges
                0x000007b8       0xb8 Middlewares/ST/STM32_USB_Device_Library/Core/Src/usbd_core.o
 .debug_aranges
                0x00000870       0x88 Middlewares/ST/STM32_USB_Device_Library/Core/Src/usbd_ctlreq.o
 .debug_aranges
                0x000008f8       0x50 Middlewares/ST/STM32_USB_Device_Library/Core/Src/usbd_ioreq.o
 .debug_aranges
                0x00000948       0x28 Src/CDC_MPU6050.o
 .debug_aranges
                0x00000970       0x40 Src/main.o
 .debug_aranges
                0x000009b0       0x30 Src/stm32f1xx_hal_msp.o
 .debug_aranges
                0x000009e0       0x68 Src/stm32f1xx_it.o
 .debug_aranges
                0x00000a48       0x28 Src/system_stm32f1xx.o
 .debug_aranges
                0x00000a70       0x20 Src/usb_device.o
 .debug_aranges
                0x00000a90       0x50 Src/usbd_cdc_if.o
 .debug_aranges
                0x00000ae0      0x110 Src/usbd_conf.o
 .debug_aranges
                0x00000bf0       0x50 Src/usbd_desc.o
 .debug_aranges
                0x00000c40       0x28 startup/startup_stm32f103xb.o

.debug_ranges   0x00000000      0xcb8
 .debug_ranges  0x00000000       0xc0 Drivers/STM32F1xx_HAL_Driver/Src/stm32f1xx_hal.o
 .debug_ranges  0x000000c0       0xe0 Drivers/STM32F1xx_HAL_Driver/Src/stm32f1xx_hal_cortex.o
 .debug_ranges  0x000001a0       0x48 Drivers/STM32F1xx_HAL_Driver/Src/stm32f1xx_hal_gpio.o
 .debug_ranges  0x000001e8      0x258 Drivers/STM32F1xx_HAL_Driver/Src/stm32f1xx_hal_i2c.o
 .debug_ranges  0x00000440      0x140 Drivers/STM32F1xx_HAL_Driver/Src/stm32f1xx_hal_pcd.o
 .debug_ranges  0x00000580       0x18 Drivers/STM32F1xx_HAL_Driver/Src/stm32f1xx_hal_pcd_ex.o
 .debug_ranges  0x00000598       0xa0 Drivers/STM32F1xx_HAL_Driver/Src/stm32f1xx_hal_rcc.o
 .debug_ranges  0x00000638       0x38 Drivers/STM32F1xx_HAL_Driver/Src/stm32f1xx_hal_rcc_ex.o
 .debug_ranges  0x00000670      0x1e0 Drivers/STM32F1xx_HAL_Driver/Src/stm32f1xx_ll_usb.o
 .debug_ranges  0x00000850       0x80 Middlewares/ST/STM32_USB_Device_Library/Class/CDC/Src/usbd_cdc.o
 .debug_ranges  0x000008d0       0xa8 Middlewares/ST/STM32_USB_Device_Library/Core/Src/usbd_core.o
 .debug_ranges  0x00000978       0x78 Middlewares/ST/STM32_USB_Device_Library/Core/Src/usbd_ctlreq.o
 .debug_ranges  0x000009f0       0x40 Middlewares/ST/STM32_USB_Device_Library/Core/Src/usbd_ioreq.o
 .debug_ranges  0x00000a30       0x18 Src/CDC_MPU6050.o
 .debug_ranges  0x00000a48       0x30 Src/main.o
 .debug_ranges  0x00000a78       0x20 Src/stm32f1xx_hal_msp.o
 .debug_ranges  0x00000a98       0x58 Src/stm32f1xx_it.o
 .debug_ranges  0x00000af0       0x18 Src/system_stm32f1xx.o
 .debug_ranges  0x00000b08       0x10 Src/usb_device.o
 .debug_ranges  0x00000b18       0x40 Src/usbd_cdc_if.o
 .debug_ranges  0x00000b58      0x100 Src/usbd_conf.o
 .debug_ranges  0x00000c58       0x40 Src/usbd_desc.o
 .debug_ranges  0x00000c98       0x20 startup/startup_stm32f103xb.o

.debug_macro    0x00000000    0x1772a
 .debug_macro   0x00000000      0x31a Drivers/STM32F1xx_HAL_Driver/Src/stm32f1xx_hal.o
 .debug_macro   0x0000031a      0x8bc Drivers/STM32F1xx_HAL_Driver/Src/stm32f1xx_hal.o
 .debug_macro   0x00000bd6       0x10 Drivers/STM32F1xx_HAL_Driver/Src/stm32f1xx_hal.o
 .debug_macro   0x00000be6      0x169 Drivers/STM32F1xx_HAL_Driver/Src/stm32f1xx_hal.o
 .debug_macro   0x00000d4f       0x2e Drivers/STM32F1xx_HAL_Driver/Src/stm32f1xx_hal.o
 .debug_macro   0x00000d7d       0x22 Drivers/STM32F1xx_HAL_Driver/Src/stm32f1xx_hal.o
 .debug_macro   0x00000d9f       0x22 Drivers/STM32F1xx_HAL_Driver/Src/stm32f1xx_hal.o
 .debug_macro   0x00000dc1       0x87 Drivers/STM32F1xx_HAL_Driver/Src/stm32f1xx_hal.o
 .debug_macro   0x00000e48       0x51 Drivers/STM32F1xx_HAL_Driver/Src/stm32f1xx_hal.o
 .debug_macro   0x00000e99       0xef Drivers/STM32F1xx_HAL_Driver/Src/stm32f1xx_hal.o
 .debug_macro   0x00000f88       0x6a Drivers/STM32F1xx_HAL_Driver/Src/stm32f1xx_hal.o
 .debug_macro   0x00000ff2      0x1df Drivers/STM32F1xx_HAL_Driver/Src/stm32f1xx_hal.o
 .debug_macro   0x000011d1       0x34 Drivers/STM32F1xx_HAL_Driver/Src/stm32f1xx_hal.o
 .debug_macro   0x00001205       0x34 Drivers/STM32F1xx_HAL_Driver/Src/stm32f1xx_hal.o
 .debug_macro   0x00001239      0xb8e Drivers/STM32F1xx_HAL_Driver/Src/stm32f1xx_hal.o
 .debug_macro   0x00001dc7     0xe90a Drivers/STM32F1xx_HAL_Driver/Src/stm32f1xx_hal.o
 .debug_macro   0x000106d1       0x43 Drivers/STM32F1xx_HAL_Driver/Src/stm32f1xx_hal.o
 .debug_macro   0x00010714       0x58 Drivers/STM32F1xx_HAL_Driver/Src/stm32f1xx_hal.o
 .debug_macro   0x0001076c       0x35 Drivers/STM32F1xx_HAL_Driver/Src/stm32f1xx_hal.o
 .debug_macro   0x000107a1       0x9c Drivers/STM32F1xx_HAL_Driver/Src/stm32f1xx_hal.o
 .debug_macro   0x0001083d       0x16 Drivers/STM32F1xx_HAL_Driver/Src/stm32f1xx_hal.o
 .debug_macro   0x00010853       0x97 Drivers/STM32F1xx_HAL_Driver/Src/stm32f1xx_hal.o
 .debug_macro   0x000108ea      0x330 Drivers/STM32F1xx_HAL_Driver/Src/stm32f1xx_hal.o
 .debug_macro   0x00010c1a       0xfd Drivers/STM32F1xx_HAL_Driver/Src/stm32f1xx_hal.o
 .debug_macro   0x00010d17       0x10 Drivers/STM32F1xx_HAL_Driver/Src/stm32f1xx_hal.o
 .debug_macro   0x00010d27       0x58 Drivers/STM32F1xx_HAL_Driver/Src/stm32f1xx_hal.o
 .debug_macro   0x00010d7f       0x1f Drivers/STM32F1xx_HAL_Driver/Src/stm32f1xx_hal.o
 .debug_macro   0x00010d9e       0x43 Drivers/STM32F1xx_HAL_Driver/Src/stm32f1xx_hal.o
 .debug_macro   0x00010de1       0x20 Drivers/STM32F1xx_HAL_Driver/Src/stm32f1xx_hal.o
 .debug_macro   0x00010e01      0x187 Drivers/STM32F1xx_HAL_Driver/Src/stm32f1xx_hal.o
 .debug_macro   0x00010f88       0x10 Drivers/STM32F1xx_HAL_Driver/Src/stm32f1xx_hal.o
 .debug_macro   0x00010f98       0x1c Drivers/STM32F1xx_HAL_Driver/Src/stm32f1xx_hal.o
 .debug_macro   0x00010fb4       0x52 Drivers/STM32F1xx_HAL_Driver/Src/stm32f1xx_hal.o
 .debug_macro   0x00011006       0x40 Drivers/STM32F1xx_HAL_Driver/Src/stm32f1xx_hal.o
 .debug_macro   0x00011046       0x10 Drivers/STM32F1xx_HAL_Driver/Src/stm32f1xx_hal.o
 .debug_macro   0x00011056       0x40 Drivers/STM32F1xx_HAL_Driver/Src/stm32f1xx_hal.o
 .debug_macro   0x00011096       0xd7 Drivers/STM32F1xx_HAL_Driver/Src/stm32f1xx_hal.o
 .debug_macro   0x0001116d       0x16 Drivers/STM32F1xx_HAL_Driver/Src/stm32f1xx_hal.o
 .debug_macro   0x00011183      0x18b Drivers/STM32F1xx_HAL_Driver/Src/stm32f1xx_hal.o
 .debug_macro   0x0001130e       0x50 Drivers/STM32F1xx_HAL_Driver/Src/stm32f1xx_hal.o
 .debug_macro   0x0001135e      0x5c2 Drivers/STM32F1xx_HAL_Driver/Src/stm32f1xx_hal.o
 .debug_macro   0x00011920      0x28a Drivers/STM32F1xx_HAL_Driver/Src/stm32f1xx_hal.o
 .debug_macro   0x00011baa      0x1cb Drivers/STM32F1xx_HAL_Driver/Src/stm32f1xx_hal.o
 .debug_macro   0x00011d75      0x11e Drivers/STM32F1xx_HAL_Driver/Src/stm32f1xx_hal.o
 .debug_macro   0x00011e93      0x1b3 Drivers/STM32F1xx_HAL_Driver/Src/stm32f1xx_hal.o
 .debug_macro   0x00012046       0x27 Drivers/STM32F1xx_HAL_Driver/Src/stm32f1xx_hal.o
 .debug_macro   0x0001206d      0x1bc Drivers/STM32F1xx_HAL_Driver/Src/stm32f1xx_hal.o
 .debug_macro   0x00012229       0x34 Drivers/STM32F1xx_HAL_Driver/Src/stm32f1xx_hal.o
 .debug_macro   0x0001225d       0x3c Drivers/STM32F1xx_HAL_Driver/Src/stm32f1xx_hal.o
 .debug_macro   0x00012299       0x57 Drivers/STM32F1xx_HAL_Driver/Src/stm32f1xx_hal.o
 .debug_macro   0x000122f0       0x8c Drivers/STM32F1xx_HAL_Driver/Src/stm32f1xx_hal.o
 .debug_macro   0x0001237c      0x242 Drivers/STM32F1xx_HAL_Driver/Src/stm32f1xx_hal.o
 .debug_macro   0x000125be      0x264 Drivers/STM32F1xx_HAL_Driver/Src/stm32f1xx_hal.o
 .debug_macro   0x00012822      0x143 Drivers/STM32F1xx_HAL_Driver/Src/stm32f1xx_hal.o
 .debug_macro   0x00012965       0x50 Drivers/STM32F1xx_HAL_Driver/Src/stm32f1xx_hal.o
 .debug_macro   0x000129b5      0x26c Drivers/STM32F1xx_HAL_Driver/Src/stm32f1xx_hal.o
 .debug_macro   0x00012c21       0x83 Drivers/STM32F1xx_HAL_Driver/Src/stm32f1xx_hal.o
 .debug_macro   0x00012ca4      0x2f6 Drivers/STM32F1xx_HAL_Driver/Src/stm32f1xx_hal_cortex.o
 .debug_macro   0x00012f9a      0x366 Drivers/STM32F1xx_HAL_Driver/Src/stm32f1xx_hal_gpio.o
 .debug_macro   0x00013300      0x336 Drivers/STM32F1xx_HAL_Driver/Src/stm32f1xx_hal_i2c.o
 .debug_macro   0x00013636      0x302 Drivers/STM32F1xx_HAL_Driver/Src/stm32f1xx_hal_pcd.o
 .debug_macro   0x00013938      0x2f6 Drivers/STM32F1xx_HAL_Driver/Src/stm32f1xx_hal_pcd_ex.o
 .debug_macro   0x00013c2e      0x308 Drivers/STM32F1xx_HAL_Driver/Src/stm32f1xx_hal_rcc.o
 .debug_macro   0x00013f36      0x2f6 Drivers/STM32F1xx_HAL_Driver/Src/stm32f1xx_hal_rcc_ex.o
 .debug_macro   0x0001422c      0x2f6 Drivers/STM32F1xx_HAL_Driver/Src/stm32f1xx_ll_usb.o
 .debug_macro   0x00014522      0x3ac Middlewares/ST/STM32_USB_Device_Library/Class/CDC/Src/usbd_cdc.o
 .debug_macro   0x000148ce       0x52 Middlewares/ST/STM32_USB_Device_Library/Class/CDC/Src/usbd_cdc.o
 .debug_macro   0x00014920       0x8d Middlewares/ST/STM32_USB_Device_Library/Class/CDC/Src/usbd_cdc.o
 .debug_macro   0x000149ad       0x57 Middlewares/ST/STM32_USB_Device_Library/Class/CDC/Src/usbd_cdc.o
 .debug_macro   0x00014a04       0x16 Middlewares/ST/STM32_USB_Device_Library/Class/CDC/Src/usbd_cdc.o
 .debug_macro   0x00014a1a       0x35 Middlewares/ST/STM32_USB_Device_Library/Class/CDC/Src/usbd_cdc.o
 .debug_macro   0x00014a4f       0x16 Middlewares/ST/STM32_USB_Device_Library/Class/CDC/Src/usbd_cdc.o
 .debug_macro   0x00014a65       0x29 Middlewares/ST/STM32_USB_Device_Library/Class/CDC/Src/usbd_cdc.o
 .debug_macro   0x00014a8e       0x16 Middlewares/ST/STM32_USB_Device_Library/Class/CDC/Src/usbd_cdc.o
 .debug_macro   0x00014aa4       0x6a Middlewares/ST/STM32_USB_Device_Library/Class/CDC/Src/usbd_cdc.o
 .debug_macro   0x00014b0e      0x1c3 Middlewares/ST/STM32_USB_Device_Library/Class/CDC/Src/usbd_cdc.o
 .debug_macro   0x00014cd1       0x83 Middlewares/ST/STM32_USB_Device_Library/Class/CDC/Src/usbd_cdc.o
 .debug_macro   0x00014d54      0x393 Middlewares/ST/STM32_USB_Device_Library/Core/Src/usbd_core.o
 .debug_macro   0x000150e7      0x393 Middlewares/ST/STM32_USB_Device_Library/Core/Src/usbd_ctlreq.o
 .debug_macro   0x0001547a      0x38f Middlewares/ST/STM32_USB_Device_Library/Core/Src/usbd_ioreq.o
 .debug_macro   0x00015809      0x3a8 Src/CDC_MPU6050.o
 .debug_macro   0x00015bb1      0x37b Src/main.o
 .debug_macro   0x00015f2c      0x2f6 Src/stm32f1xx_hal_msp.o
 .debug_macro   0x00016222      0x300 Src/stm32f1xx_it.o
 .debug_macro   0x00016522      0x2fc Src/system_stm32f1xx.o
 .debug_macro   0x0001681e      0x3ca Src/usb_device.o
 .debug_macro   0x00016be8      0x3c9 Src/usbd_cdc_if.o
 .debug_macro   0x00016fb1      0x3ac Src/usbd_conf.o
 .debug_macro   0x0001735d      0x3cd Src/usbd_desc.o

.debug_line     0x00000000     0xe757
 .debug_line    0x00000000      0x977 Drivers/STM32F1xx_HAL_Driver/Src/stm32f1xx_hal.o
 .debug_line    0x00000977      0x976 Drivers/STM32F1xx_HAL_Driver/Src/stm32f1xx_hal_cortex.o
 .debug_line    0x000012ed      0x978 Drivers/STM32F1xx_HAL_Driver/Src/stm32f1xx_hal_gpio.o
 .debug_line    0x00001c65     0x1a64 Drivers/STM32F1xx_HAL_Driver/Src/stm32f1xx_hal_i2c.o
 .debug_line    0x000036c9      0xc8c Drivers/STM32F1xx_HAL_Driver/Src/stm32f1xx_hal_pcd.o
 .debug_line    0x00004355      0x7fb Drivers/STM32F1xx_HAL_Driver/Src/stm32f1xx_hal_pcd_ex.o
 .debug_line    0x00004b50      0xa8a Drivers/STM32F1xx_HAL_Driver/Src/stm32f1xx_hal_rcc.o
 .debug_line    0x000055da      0x885 Drivers/STM32F1xx_HAL_Driver/Src/stm32f1xx_hal_rcc_ex.o
 .debug_line    0x00005e5f      0xbf6 Drivers/STM32F1xx_HAL_Driver/Src/stm32f1xx_ll_usb.o
 .debug_line    0x00006a55      0xacf Middlewares/ST/STM32_USB_Device_Library/Class/CDC/Src/usbd_cdc.o
 .debug_line    0x00007524      0xac3 Middlewares/ST/STM32_USB_Device_Library/Core/Src/usbd_core.o
 .debug_line    0x00007fe7      0xad8 Middlewares/ST/STM32_USB_Device_Library/Core/Src/usbd_ctlreq.o
 .debug_line    0x00008abf      0x94e Middlewares/ST/STM32_USB_Device_Library/Core/Src/usbd_ioreq.o
 .debug_line    0x0000940d      0x96d Src/CDC_MPU6050.o
 .debug_line    0x00009d7a      0x90e Src/main.o
 .debug_line    0x0000a688      0x7f6 Src/stm32f1xx_hal_msp.o
 .debug_line    0x0000ae7e      0x85d Src/stm32f1xx_it.o
 .debug_line    0x0000b6db      0x7fb Src/system_stm32f1xx.o
 .debug_line    0x0000bed6      0x951 Src/usb_device.o
 .debug_line    0x0000c827      0x9cf Src/usbd_cdc_if.o
 .debug_line    0x0000d1f6      0xbad Src/usbd_conf.o
 .debug_line    0x0000dda3      0x937 Src/usbd_desc.o
 .debug_line    0x0000e6da       0x7d startup/startup_stm32f103xb.o

.debug_str      0x00000000    0x6ecd9
 .debug_str     0x00000000    0x6ad42 Drivers/STM32F1xx_HAL_Driver/Src/stm32f1xx_hal.o
                              0x6b11a (size before relaxing)
 .debug_str     0x0006ad42      0x2e1 Drivers/STM32F1xx_HAL_Driver/Src/stm32f1xx_hal_cortex.o
                              0x6b06f (size before relaxing)
 .debug_str     0x0006b023      0x3a3 Drivers/STM32F1xx_HAL_Driver/Src/stm32f1xx_hal_gpio.o
                              0x6adb6 (size before relaxing)
 .debug_str     0x0006b3c6      0xeb2 Drivers/STM32F1xx_HAL_Driver/Src/stm32f1xx_hal_i2c.o
                              0x6b8ef (size before relaxing)
 .debug_str     0x0006c278      0x7d5 Drivers/STM32F1xx_HAL_Driver/Src/stm32f1xx_hal_pcd.o
                              0x6b224 (size before relaxing)
 .debug_str     0x0006ca4d       0x57 Drivers/STM32F1xx_HAL_Driver/Src/stm32f1xx_hal_pcd_ex.o
                              0x6ad01 (size before relaxing)
 .debug_str     0x0006caa4      0x348 Drivers/STM32F1xx_HAL_Driver/Src/stm32f1xx_hal_rcc.o
                              0x6ae0b (size before relaxing)
 .debug_str     0x0006cdec      0x12b Drivers/STM32F1xx_HAL_Driver/Src/stm32f1xx_hal_rcc_ex.o
                              0x6ab97 (size before relaxing)
 .debug_str     0x0006cf17      0x15b Drivers/STM32F1xx_HAL_Driver/Src/stm32f1xx_ll_usb.o
                              0x6aed4 (size before relaxing)
 .debug_str     0x0006d072     0x12a6 Middlewares/ST/STM32_USB_Device_Library/Class/CDC/Src/usbd_cdc.o
                              0x6bd4a (size before relaxing)
 .debug_str     0x0006e318      0x294 Middlewares/ST/STM32_USB_Device_Library/Core/Src/usbd_core.o
                              0x6ba0b (size before relaxing)
 .debug_str     0x0006e5ac      0x12e Middlewares/ST/STM32_USB_Device_Library/Core/Src/usbd_ctlreq.o
                              0x6b925 (size before relaxing)
 .debug_str     0x0006e6da       0x51 Middlewares/ST/STM32_USB_Device_Library/Core/Src/usbd_ioreq.o
                              0x6b852 (size before relaxing)
 .debug_str     0x0006e72b       0x67 Src/CDC_MPU6050.o
                              0x6ba74 (size before relaxing)
 .debug_str     0x0006e792       0x98 Src/main.o
                              0x6c1a3 (size before relaxing)
 .debug_str     0x0006e82a       0x1b Src/stm32f1xx_hal_msp.o
                              0x6b1e9 (size before relaxing)
 .debug_str     0x0006e845       0xc4 Src/stm32f1xx_it.o
                              0x6ad57 (size before relaxing)
 .debug_str     0x0006e909       0x69 Src/system_stm32f1xx.o
                              0x6aa61 (size before relaxing)
 .debug_str     0x0006e972       0x14 Src/usb_device.o
                              0x6bac2 (size before relaxing)
 .debug_str     0x0006e986       0xe1 Src/usbd_cdc_if.o
                              0x6bc27 (size before relaxing)
 .debug_str     0x0006ea67       0x51 Src/usbd_conf.o
                              0x6c58b (size before relaxing)
 .debug_str     0x0006eab8      0x221 Src/usbd_desc.o
                              0x6b6eb (size before relaxing)

.comment        0x00000000       0x7f
 .comment       0x00000000       0x7f Drivers/STM32F1xx_HAL_Driver/Src/stm32f1xx_hal.o
                                 0x80 (size before relaxing)
 .comment       0x0000007f       0x80 Drivers/STM32F1xx_HAL_Driver/Src/stm32f1xx_hal_cortex.o
 .comment       0x0000007f       0x80 Drivers/STM32F1xx_HAL_Driver/Src/stm32f1xx_hal_gpio.o
 .comment       0x0000007f       0x80 Drivers/STM32F1xx_HAL_Driver/Src/stm32f1xx_hal_i2c.o
 .comment       0x0000007f       0x80 Drivers/STM32F1xx_HAL_Driver/Src/stm32f1xx_hal_pcd.o
 .comment       0x0000007f       0x80 Drivers/STM32F1xx_HAL_Driver/Src/stm32f1xx_hal_pcd_ex.o
 .comment       0x0000007f       0x80 Drivers/STM32F1xx_HAL_Driver/Src/stm32f1xx_hal_rcc.o
 .comment       0x0000007f       0x80 Drivers/STM32F1xx_HAL_Driver/Src/stm32f1xx_hal_rcc_ex.o
 .comment       0x0000007f       0x80 Drivers/STM32F1xx_HAL_Driver/Src/stm32f1xx_ll_usb.o
 .comment       0x0000007f       0x80 Middlewares/ST/STM32_USB_Device_Library/Class/CDC/Src/usbd_cdc.o
 .comment       0x0000007f       0x80 Middlewares/ST/STM32_USB_Device_Library/Core/Src/usbd_core.o
 .comment       0x0000007f       0x80 Middlewares/ST/STM32_USB_Device_Library/Core/Src/usbd_ctlreq.o
 .comment       0x0000007f       0x80 Middlewares/ST/STM32_USB_Device_Library/Core/Src/usbd_ioreq.o
 .comment       0x0000007f       0x80 Src/CDC_MPU6050.o
 .comment       0x0000007f       0x80 Src/main.o
 .comment       0x0000007f       0x80 Src/stm32f1xx_hal_msp.o
 .comment       0x0000007f       0x80 Src/stm32f1xx_it.o
 .comment       0x0000007f       0x80 Src/system_stm32f1xx.o
 .comment       0x0000007f       0x80 Src/usb_device.o
 .comment       0x0000007f       0x80 Src/usbd_cdc_if.o
 .comment       0x0000007f       0x80 Src/usbd_conf.o
 .comment       0x0000007f       0x80 Src/usbd_desc.o

.debug_frame    0x00000000     0x1f08
 .debug_frame   0x00000000      0x1ac Drivers/STM32F1xx_HAL_Driver/Src/stm32f1xx_hal.o
 .debug_frame   0x000001ac      0x12c Drivers/STM32F1xx_HAL_Driver/Src/stm32f1xx_hal_cortex.o
 .debug_frame   0x000002d8       0xe4 Drivers/STM32F1xx_HAL_Driver/Src/stm32f1xx_hal_gpio.o
 .debug_frame   0x000003bc      0x854 Drivers/STM32F1xx_HAL_Driver/Src/stm32f1xx_hal_i2c.o
 .debug_frame   0x00000c10      0x2e8 Drivers/STM32F1xx_HAL_Driver/Src/stm32f1xx_hal_pcd.o
 .debug_frame   0x00000ef8       0x30 Drivers/STM32F1xx_HAL_Driver/Src/stm32f1xx_hal_pcd_ex.o
 .debug_frame   0x00000f28      0x170 Drivers/STM32F1xx_HAL_Driver/Src/stm32f1xx_hal_rcc.o
 .debug_frame   0x00001098       0x6c Drivers/STM32F1xx_HAL_Driver/Src/stm32f1xx_hal_rcc_ex.o
 .debug_frame   0x00001104      0x23c Drivers/STM32F1xx_HAL_Driver/Src/stm32f1xx_ll_usb.o
 .debug_frame   0x00001340      0x14c Middlewares/ST/STM32_USB_Device_Library/Class/CDC/Src/usbd_cdc.o
 .debug_frame   0x0000148c      0x1bc Middlewares/ST/STM32_USB_Device_Library/Core/Src/usbd_core.o
 .debug_frame   0x00001648      0x178 Middlewares/ST/STM32_USB_Device_Library/Core/Src/usbd_ctlreq.o
 .debug_frame   0x000017c0       0xb8 Middlewares/ST/STM32_USB_Device_Library/Core/Src/usbd_ioreq.o
 .debug_frame   0x00001878       0x3c Src/CDC_MPU6050.o
 .debug_frame   0x000018b4       0x90 Src/main.o
 .debug_frame   0x00001944       0x60 Src/stm32f1xx_hal_msp.o
 .debug_frame   0x000019a4       0xc0 Src/stm32f1xx_it.o
 .debug_frame   0x00001a64       0x30 Src/system_stm32f1xx.o
 .debug_frame   0x00001a94       0x28 Src/usb_device.o
 .debug_frame   0x00001abc       0x9c Src/usbd_cdc_if.o
 .debug_frame   0x00001b58      0x2dc Src/usbd_conf.o
 .debug_frame   0x00001e34       0xa8 Src/usbd_desc.o
 .debug_frame   0x00001edc       0x2c c:/elektronika/narzedzia/stmicroelectrocics/software/sw4stm32/plugins/fr.ac6.mcu.externaltools.arm-none.win32_1.15.0.201708311556/tools/compiler/bin/../lib/gcc/arm-none-eabi/6.3.1/../../../../arm-none-eabi/lib/thumb/v7-m\libc_nano.a(lib_a-init.o)
